Archive member included because of file (symbol)

.\CortexM3\ARM_GCC_493\Debug\car.a(cyfitter_cfg.o)
                              .\CortexM3\ARM_GCC_493\Debug\Cm3Start.o (cyfitter_cfg)
.\CortexM3\ARM_GCC_493\Debug\car.a(CyBootAsmGnu.o)
                              .\CortexM3\ARM_GCC_493\Debug\car.a(cyfitter_cfg.o) (CyDelayCycles)
.\CortexM3\ARM_GCC_493\Debug\car.a(CyLib.o)
                              .\CortexM3\ARM_GCC_493\Debug\Cm3Start.o (CyHalt)
.\CortexM3\ARM_GCC_493\Debug\car.a(cyPm.o)
                              .\CortexM3\ARM_GCC_493\Debug\car.a(CyLib.o) (CyPmReadStatus)
.\CortexM3\ARM_GCC_493\Debug\car.a(UART_net.o)
                              .\CortexM3\ARM_GCC_493\Debug\main.o (UART_net_Init)
.\CortexM3\ARM_GCC_493\Debug\car.a(UART_net_IntClock.o)
                              .\CortexM3\ARM_GCC_493\Debug\car.a(UART_net.o) (UART_net_IntClock_Start)
.\CortexM3\ARM_GCC_493\Debug\car.a(isr_rx_net.o)
                              .\CortexM3\ARM_GCC_493\Debug\main.o (isr_rx_net_Start)
.\CortexM3\ARM_GCC_493\Debug\car.a(KEY_UP.o)
                              .\CortexM3\ARM_GCC_493\Debug\key.o (KEY_UP_Read)
.\CortexM3\ARM_GCC_493\Debug\car.a(KEY_DOWN.o)
                              .\CortexM3\ARM_GCC_493\Debug\key.o (KEY_DOWN_Read)
.\CortexM3\ARM_GCC_493\Debug\car.a(KEY_LEFT.o)
                              .\CortexM3\ARM_GCC_493\Debug\key.o (KEY_LEFT_Read)
.\CortexM3\ARM_GCC_493\Debug\car.a(KEY_RIGHT.o)
                              .\CortexM3\ARM_GCC_493\Debug\key.o (KEY_RIGHT_Read)
.\CortexM3\ARM_GCC_493\Debug\car.a(Timer_1.o)
                              .\CortexM3\ARM_GCC_493\Debug\main.o (Timer_1_Start)
.\CortexM3\ARM_GCC_493\Debug\car.a(isr_timer.o)
                              .\CortexM3\ARM_GCC_493\Debug\main.o (time_1s_state)
.\CortexM3\ARM_GCC_493\Debug\car.a(Beep.o)
                              .\CortexM3\ARM_GCC_493\Debug\buzzer.o (Beep_Write)
.\CortexM3\ARM_GCC_493\Debug\car.a(KEY_SPEED_LOW.o)
                              .\CortexM3\ARM_GCC_493\Debug\key.o (KEY_SPEED_LOW_Read)
.\CortexM3\ARM_GCC_493\Debug\car.a(PTZ_UP.o)
                              .\CortexM3\ARM_GCC_493\Debug\key.o (PTZ_UP_Read)
.\CortexM3\ARM_GCC_493\Debug\car.a(PTZ_DOWN.o)
                              .\CortexM3\ARM_GCC_493\Debug\key.o (PTZ_DOWN_Read)
.\CortexM3\ARM_GCC_493\Debug\car.a(PTZ_LEFT.o)
                              .\CortexM3\ARM_GCC_493\Debug\key.o (PTZ_LEFT_Read)
.\CortexM3\ARM_GCC_493\Debug\car.a(PTZ_RIGHT.o)
                              .\CortexM3\ARM_GCC_493\Debug\key.o (PTZ_RIGHT_Read)
.\CortexM3\ARM_GCC_493\Debug\car.a(KEY_SPEED_HIGH.o)
                              .\CortexM3\ARM_GCC_493\Debug\key.o (KEY_SPEED_HIGH_Read)
.\CortexM3\ARM_GCC_493\Debug\car.a(LED_START.o)
                              .\CortexM3\ARM_GCC_493\Debug\key.o (LED_START_Read)
.\CortexM3\ARM_GCC_493\Debug\car.a(LED_LEFT_LOW.o)
                              .\CortexM3\ARM_GCC_493\Debug\key.o (LED_LEFT_LOW_Read)
.\CortexM3\ARM_GCC_493\Debug\car.a(LED_DOWN_LOW.o)
                              .\CortexM3\ARM_GCC_493\Debug\key.o (LED_DOWN_LOW_Read)
.\CortexM3\ARM_GCC_493\Debug\car.a(LED_UP_LOW.o)
                              .\CortexM3\ARM_GCC_493\Debug\key.o (LED_UP_LOW_Read)
.\CortexM3\ARM_GCC_493\Debug\car.a(LED_RIGHT_LOW.o)
                              .\CortexM3\ARM_GCC_493\Debug\key.o (LED_RIGHT_LOW_Read)
.\CortexM3\ARM_GCC_493\Debug\car.a(LED_UP_HIGH.o)
                              .\CortexM3\ARM_GCC_493\Debug\key.o (LED_UP_HIGH_Read)
.\CortexM3\ARM_GCC_493\Debug\car.a(LED_DOWN_HIGH.o)
                              .\CortexM3\ARM_GCC_493\Debug\key.o (LED_DOWN_HIGH_Read)
.\CortexM3\ARM_GCC_493\Debug\car.a(LED_LEFT_HIGH.o)
                              .\CortexM3\ARM_GCC_493\Debug\key.o (LED_LEFT_HIGH_Read)
.\CortexM3\ARM_GCC_493\Debug\car.a(LED_RIGHT_HIGH.o)
                              .\CortexM3\ARM_GCC_493\Debug\key.o (LED_RIGHT_HIGH_Read)
.\CortexM3\ARM_GCC_493\Debug\car.a(CyFlash.o)
                              .\CortexM3\ARM_GCC_493\Debug\car.a(cyPm.o) (CyFlash_SetWaitCycles)
.\CortexM3\ARM_GCC_493\Debug\car.a(CySpc.o)
                              .\CortexM3\ARM_GCC_493\Debug\car.a(CyFlash.o) (CySpcStart)
c:/program files (x86)/cypress/psoc creator/3.3/psoc creator/import/gnu/arm/4.9.3/bin/../lib/gcc/arm-none-eabi/4.9.3/../../../../arm-none-eabi/lib/armv7-m\libg_nano.a(lib_a-errno.o)
                              .\CortexM3\ARM_GCC_493\Debug\Cm3Start.o (__errno)
c:/program files (x86)/cypress/psoc creator/3.3/psoc creator/import/gnu/arm/4.9.3/bin/../lib/gcc/arm-none-eabi/4.9.3/../../../../arm-none-eabi/lib/armv7-m\libg_nano.a(lib_a-exit.o)
                              c:/program files (x86)/cypress/psoc creator/3.3/psoc creator/import/gnu/arm/4.9.3/bin/../lib/gcc/arm-none-eabi/4.9.3/../../../../arm-none-eabi/lib/armv7-m/crt0.o (exit)
[...]
Memory Configuration

Name             Origin             Length             Attributes
rom              0x00000000         0x00020000         xr
ram              0x1fffc000         0x00008000         xrw
*default*        0x00000000         0xffffffff

Linker script and memory map

LOAD c:/program files (x86)/cypress/psoc creator/3.3/psoc creator/import/gnu/arm/4.9.3/bin/../lib/gcc/arm-none-eabi/4.9.3/armv7-m/crti.o
LOAD c:/program files (x86)/cypress/psoc creator/3.3/psoc creator/import/gnu/arm/4.9.3/bin/../lib/gcc/arm-none-eabi/4.9.3/armv7-m/crtbegin.o
LOAD c:/program files (x86)/cypress/psoc creator/3.3/psoc creator/import/gnu/arm/4.9.3/bin/../lib/gcc/arm-none-eabi/4.9.3/../../../../arm-none-eabi/lib/armv7-m/crt0.o
START GROUP
LOAD .\CortexM3\ARM_GCC_493\Debug\main.o
LOAD .\CortexM3\ARM_GCC_493\Debug\Transfer.o
LOAD .\CortexM3\ARM_GCC_493\Debug\car.o
LOAD .\CortexM3\ARM_GCC_493\Debug\key.o
LOAD .\CortexM3\ARM_GCC_493\Debug\buzzer.o
LOAD .\CortexM3\ARM_GCC_493\Debug\cymetadata.o
LOAD .\CortexM3\ARM_GCC_493\Debug\Cm3Start.o
LOAD .\CortexM3\ARM_GCC_493\Debug\car.a
LOAD C:\Program Files (x86)\Cypress\PSoC Creator\3.3\PSoC Creator\psoc\content\cycomponentlibrary\CyComponentLibrary.cylib\CortexM3\ARM_GCC_493\Debug\CyComponentLibrary.a
END GROUP
START GROUP
LOAD c:/program files (x86)/cypress/psoc creator/3.3/psoc creator/import/gnu/arm/4.9.3/bin/../lib/gcc/arm-none-eabi/4.9.3/armv7-m\libgcc.a
LOAD c:/program files (x86)/cypress/psoc creator/3.3/psoc creator/import/gnu/arm/4.9.3/bin/../lib/gcc/arm-none-eabi/4.9.3/../../../../arm-none-eabi/lib/armv7-m\libg_nano.a
LOAD c:/program files (x86)/cypress/psoc creator/3.3/psoc creator/import/gnu/arm/4.9.3/bin/../lib/gcc/arm-none-eabi/4.9.3/../../../../arm-none-eabi/lib/armv7-m\libc_nano.a
END GROUP
START GROUP
LOAD c:/program files (x86)/cypress/psoc creator/3.3/psoc creator/import/gnu/arm/4.9.3/bin/../lib/gcc/arm-none-eabi/4.9.3/armv7-m\libgcc.a
LOAD c:/program files (x86)/cypress/psoc creator/3.3/psoc creator/import/gnu/arm/4.9.3/bin/../lib/gcc/arm-none-eabi/4.9.3/../../../../arm-none-eabi/lib/armv7-m\libc_nano.a
END GROUP
LOAD c:/program files (x86)/cypress/psoc creator/3.3/psoc creator/import/gnu/arm/4.9.3/bin/../lib/gcc/arm-none-eabi/4.9.3/armv7-m/crtend.o
LOAD c:/program files (x86)/cypress/psoc creator/3.3/psoc creator/import/gnu/arm/4.9.3/bin/../lib/gcc/arm-none-eabi/4.9.3/armv7-m/crtn.o
START GROUP
LOAD c:/program files (x86)/cypress/psoc creator/3.3/psoc creator/import/gnu/arm/4.9.3/bin/../lib/gcc/arm-none-eabi/4.9.3/armv7-m\libgcc.a
LOAD c:/program files (x86)/cypress/psoc creator/3.3/psoc creator/import/gnu/arm/4.9.3/bin/../lib/gcc/arm-none-eabi/4.9.3/../../../../arm-none-eabi/lib/armv7-m\libc.a
LOAD c:/program files (x86)/cypress/psoc creator/3.3/psoc creator/import/gnu/arm/4.9.3/bin/../lib/gcc/arm-none-eabi/4.9.3/../../../../arm-none-eabi/lib/armv7-m\libnosys.a
END GROUP
                0x00000000                CY_APPL_ORIGIN = 0x0
                0x00000100                CY_FLASH_ROW_SIZE = 0x100
                0x00000020                CY_ECC_ROW_SIZE = 0x20
                0x00000000                CY_EE_IN_BTLDR = 0x0
                0x00000000                CY_APPL_LOADABLE = 0x0
                0x00000800                CY_EE_SIZE = 0x800
                0x00000001                CY_APPL_NUM = 0x1
                0x00000001                CY_APPL_MAX = 0x1
                0x00000040                CY_METADATA_SIZE = 0x40
                0x00000000                CY_APPL_LOADABLE = 0x0
                0x00000000                CY_CHECKSUM_EXCLUDE_SIZE = ALIGN (0x0, CY_FLASH_ROW_SIZE)
                0x1fffc510                PROVIDE (__cy_heap_start, _end)
                0x00000001                PROVIDE (__cy_region_num, ((__cy_regions_end - __cy_regions) / 0x10))
                0x20004000                PROVIDE (__cy_stack, (ORIGIN (ram) + 0x8000))
                0x20003800                PROVIDE (__cy_heap_end, (__cy_stack - 0x800))

.cybootloader   0x00000000        0x0
 *(.cybootloader)
                0x00000000                appl1_start = CY_APPL_ORIGIN?CY_APPL_ORIGIN:ALIGN (CY_FLASH_ROW_SIZE)
                0x0000ff00                appl2_start = (appl1_start + ALIGN ((((0x20000 - appl1_start) - (0x2 * CY_FLASH_ROW_SIZE)) / 0x2), CY_FLASH_ROW_SIZE))
                0x00000000                appl_start = (CY_APPL_NUM == 0x1)?appl1_start:appl2_start
                0x00000000                ecc_offset = ((appl_start / CY_FLASH_ROW_SIZE) * CY_ECC_ROW_SIZE)
                0x00000000                ee_offset = (CY_APPL_LOADABLE && ! (CY_EE_IN_BTLDR))?((CY_EE_SIZE / CY_APPL_MAX) * (CY_APPL_NUM - 0x1)):0x0
                0x00000800                ee_size = (CY_APPL_LOADABLE && ! (CY_EE_IN_BTLDR))?(CY_EE_SIZE / CY_APPL_MAX):CY_EE_SIZE
                0x00000000                PROVIDE (CY_ECC_OFFSET, ecc_offset)

.text           0x00000000     0x16ee
 CREATE_OBJECT_SYMBOLS
                0x00000000                PROVIDE (__cy_interrupt_vector, RomVectors)
 *(.romvectors)
 .romvectors    0x00000000       0x10 .\CortexM3\ARM_GCC_493\Debug\Cm3Start.o
                0x00000000                RomVectors
                0x00000001                ASSERT ((. != __cy_interrupt_vector), No interrupt vector)
                0x00000001                ASSERT (CY_APPL_ORIGIN?(SIZEOF (.cybootloader) <= CY_APPL_ORIGIN):0x1, Wrong image location)
                0x00000010                PROVIDE (__cy_reset, Reset)
 *(.text.Reset)
 .text.Reset    0x00000010       0x18 .\CortexM3\ARM_GCC_493\Debug\Cm3Start.o
                0x00000010                Reset
                0x00000001                ASSERT ((. != __cy_reset), No reset code)
 *(.dma_init)
                0x00000001                ASSERT ((((appl_start + .) <= 0x10000) || 0x1), DMA Init must be within the first 64k of flash)
 *(.text .text.* .gnu.linkonce.t.*)
 .text          0x00000028       0x5c c:/program files (x86)/cypress/psoc creator/3.3/psoc creator/import/gnu/arm/4.9.3/bin/../lib/gcc/arm-none-eabi/4.9.3/armv7-m/crtbegin.o
 .text.main     0x00000084       0x48 .\CortexM3\ARM_GCC_493\Debug\main.o
                0x00000084                main
 .text.DT_Send_Data
                0x000000cc        0x8 .\CortexM3\ARM_GCC_493\Debug\Transfer.o
                0x000000cc                DT_Send_Data
 .text.DT_Send_Check
                0x000000d4       0x3c .\CortexM3\ARM_GCC_493\Debug\Transfer.o
 .text.DT_Data_Receive_Anl
                0x00000110       0x8c .\CortexM3\ARM_GCC_493\Debug\Transfer.o
                0x00000110                DT_Data_Receive_Anl
 .text.DT_Data_Receive_Prepare
                0x0000019c       0xac .\CortexM3\ARM_GCC_493\Debug\Transfer.o
                0x0000019c                DT_Data_Receive_Prepare
 .text.DT_Send_Status
                0x00000248       0x3c .\CortexM3\ARM_GCC_493\Debug\Transfer.o
                0x00000248                DT_Send_Status
 .text.DT_Send_Command_Ptz
                0x00000284       0x3c .\CortexM3\ARM_GCC_493\Debug\Transfer.o
                0x00000284                DT_Send_Command_Ptz
 .text.DT_Send_Command_Speed
                0x000002c0       0x4c .\CortexM3\ARM_GCC_493\Debug\Transfer.o
                0x000002c0                DT_Send_Command_Speed
 .text.DT_Send_Command_Lock
                0x0000030c       0x3c .\CortexM3\ARM_GCC_493\Debug\Transfer.o
                0x0000030c                DT_Send_Command_Lock
 .text.DT_Send_Command_Led
                0x00000348       0x4c .\CortexM3\ARM_GCC_493\Debug\Transfer.o
                0x00000348                DT_Send_Command_Led
 .text.Callback_key_up_press_up
                0x00000394        0xc .\CortexM3\ARM_GCC_493\Debug\key.o
                0x00000394                Callback_key_up_press_up
 .text.Callback_key_up_press_down
                0x000003a0        0xc .\CortexM3\ARM_GCC_493\Debug\key.o
                0x000003a0                Callback_key_up_press_down
 .text.Callback_key_down_press_up
                0x000003ac        0xc .\CortexM3\ARM_GCC_493\Debug\key.o
                0x000003ac                Callback_key_down_press_up
 .text.Callback_key_down_press_down
                0x000003b8        0xc .\CortexM3\ARM_GCC_493\Debug\key.o
                0x000003b8                Callback_key_down_press_down
 .text.Callback_key_left_press_up
                0x000003c4        0xc .\CortexM3\ARM_GCC_493\Debug\key.o
                0x000003c4                Callback_key_left_press_up
 .text.Callback_key_left_press_down
                0x000003d0        0xc .\CortexM3\ARM_GCC_493\Debug\key.o
                0x000003d0                Callback_key_left_press_down
 .text.Callback_key_right_press_up
                0x000003dc        0xc .\CortexM3\ARM_GCC_493\Debug\key.o
                0x000003dc                Callback_key_right_press_up
 .text.Callback_key_right_press_down
                0x000003e8        0xc .\CortexM3\ARM_GCC_493\Debug\key.o
                0x000003e8                Callback_key_right_press_down
 .text.Callback_PTZ_up_press_up
                0x000003f4        0xc .\CortexM3\ARM_GCC_493\Debug\key.o
                0x000003f4                Callback_PTZ_up_press_up
 .text.Callback_PTZ_up_press_down
                0x00000400        0xc .\CortexM3\ARM_GCC_493\Debug\key.o
                0x00000400                Callback_PTZ_up_press_down
 .text.Callback_PTZ_down_press_up
                0x0000040c        0xc .\CortexM3\ARM_GCC_493\Debug\key.o
                0x0000040c                Callback_PTZ_down_press_up
 .text.Callback_PTZ_down_press_down
                0x00000418        0xc .\CortexM3\ARM_GCC_493\Debug\key.o
                0x00000418                Callback_PTZ_down_press_down
 .text.Callback_PTZ_left_press_up
                0x00000424        0xc .\CortexM3\ARM_GCC_493\Debug\key.o
                0x00000424                Callback_PTZ_left_press_up
 .text.Callback_PTZ_left_press_down
                0x00000430        0xc .\CortexM3\ARM_GCC_493\Debug\key.o
                0x00000430                Callback_PTZ_left_press_down
 .text.Callback_PTZ_right_press_up
                0x0000043c        0xc .\CortexM3\ARM_GCC_493\Debug\key.o
                0x0000043c                Callback_PTZ_right_press_up
 .text.Callback_PTZ_right_press_down
                0x00000448        0xc .\CortexM3\ARM_GCC_493\Debug\key.o
                0x00000448                Callback_PTZ_right_press_down
 .text.Callback_key_speed_low_press_up
                0x00000454        0xc .\CortexM3\ARM_GCC_493\Debug\key.o
                0x00000454                Callback_key_speed_low_press_up
 .text.Callback_key_speed_low_press_down
                0x00000460        0xc .\CortexM3\ARM_GCC_493\Debug\key.o
                0x00000460                Callback_key_speed_low_press_down
 .text.Callback_key_speed_high_press_up
                0x0000046c        0xc .\CortexM3\ARM_GCC_493\Debug\key.o
                0x0000046c                Callback_key_speed_high_press_up
 .text.Callback_key_speed_high_press_down
                0x00000478        0xc .\CortexM3\ARM_GCC_493\Debug\key.o
                0x00000478                Callback_key_speed_high_press_down
 .text.Callback_led_start_press_up
                0x00000484        0xc .\CortexM3\ARM_GCC_493\Debug\key.o
                0x00000484                Callback_led_start_press_up
 .text.Callback_led_start_press_down
                0x00000490        0xc .\CortexM3\ARM_GCC_493\Debug\key.o
                0x00000490                Callback_led_start_press_down
 .text.Callback_led_up_low_press_up
                0x0000049c       0x14 .\CortexM3\ARM_GCC_493\Debug\key.o
                0x0000049c                Callback_led_up_low_press_up
 .text.Callback_led_up_low_press_down
                0x000004b0       0x14 .\CortexM3\ARM_GCC_493\Debug\key.o
                0x000004b0                Callback_led_up_low_press_down
 .text.Callback_led_up_high_press_up
                0x000004c4       0x14 .\CortexM3\ARM_GCC_493\Debug\key.o
                0x000004c4                Callback_led_up_high_press_up
 .text.Callback_led_up_high_press_down
                0x000004d8       0x14 .\CortexM3\ARM_GCC_493\Debug\key.o
                0x000004d8                Callback_led_up_high_press_down
 .text.Callback_led_down_low_press_up
                0x000004ec       0x14 .\CortexM3\ARM_GCC_493\Debug\key.o
                0x000004ec                Callback_led_down_low_press_up
 .text.Callback_led_down_low_press_down
                0x00000500       0x14 .\CortexM3\ARM_GCC_493\Debug\key.o
                0x00000500                Callback_led_down_low_press_down
 .text.Callback_led_down_high_press_up
                0x00000514       0x14 .\CortexM3\ARM_GCC_493\Debug\key.o
                0x00000514                Callback_led_down_high_press_up
 .text.Callback_led_down_high_press_down
                0x00000528       0x14 .\CortexM3\ARM_GCC_493\Debug\key.o
                0x00000528                Callback_led_down_high_press_down
 .text.Callback_led_left_low_press_up
                0x0000053c       0x14 .\CortexM3\ARM_GCC_493\Debug\key.o
                0x0000053c                Callback_led_left_low_press_up
 .text.Callback_led_left_low_press_down
                0x00000550       0x14 .\CortexM3\ARM_GCC_493\Debug\key.o
                0x00000550                Callback_led_left_low_press_down
 .text.Callback_led_left_high_press_up
                0x00000564       0x14 .\CortexM3\ARM_GCC_493\Debug\key.o
                0x00000564                Callback_led_left_high_press_up
 .text.Callback_led_left_high_press_down
                0x00000578       0x14 .\CortexM3\ARM_GCC_493\Debug\key.o
                0x00000578                Callback_led_left_high_press_down
 .text.Callback_led_right_low_press_up
                0x0000058c       0x14 .\CortexM3\ARM_GCC_493\Debug\key.o
                0x0000058c                Callback_led_right_low_press_up
 .text.Callback_led_right_low_press_down
                0x000005a0       0x14 .\CortexM3\ARM_GCC_493\Debug\key.o
                0x000005a0                Callback_led_right_low_press_down
 .text.Callback_led_right_high_press_up
                0x000005b4       0x14 .\CortexM3\ARM_GCC_493\Debug\key.o
                0x000005b4                Callback_led_right_high_press_up
 .text.Callback_led_right_high_press_down
                0x000005c8       0x14 .\CortexM3\ARM_GCC_493\Debug\key.o
                0x000005c8                Callback_led_right_high_press_down
 .text.button_init
                0x000005dc       0x24 .\CortexM3\ARM_GCC_493\Debug\key.o
                0x000005dc                button_init
 .text.button_attach
                0x00000600        0x8 .\CortexM3\ARM_GCC_493\Debug\key.o
                0x00000600                button_attach
 .text.button_handler
                0x00000608      0x1f8 .\CortexM3\ARM_GCC_493\Debug\key.o
                0x00000608                button_handler
 .text.button_start
                0x00000800       0x28 .\CortexM3\ARM_GCC_493\Debug\key.o
                0x00000800                button_start
 .text.init_button
                0x00000828      0x5a4 .\CortexM3\ARM_GCC_493\Debug\key.o
                0x00000828                init_button
 .text.button_ticks
                0x00000dcc       0x1c .\CortexM3\ARM_GCC_493\Debug\key.o
                0x00000dcc                button_ticks
 .text.cb_bzr_Main
                0x00000de8      0x104 .\CortexM3\ARM_GCC_493\Debug\buzzer.o
                0x00000de8                cb_bzr_Main
 .text.IntDefaultHandler
                0x00000eec        0x4 .\CortexM3\ARM_GCC_493\Debug\Cm3Start.o
                0x00000eec                IntDefaultHandler
 .text.Start_c  0x00000ef0       0x4c .\CortexM3\ARM_GCC_493\Debug\Cm3Start.o
                0x00000ef0                Start_c
 .text.initialize_psoc
                0x00000f3c       0x74 .\CortexM3\ARM_GCC_493\Debug\Cm3Start.o
                0x00000f3c                initialize_psoc
 .text.CyClockStartupError
                0x00000fb0        0x4 .\CortexM3\ARM_GCC_493\Debug\car.a(cyfitter_cfg.o)
 .text.cfg_write_bytes32
                0x00000fb4       0x34 .\CortexM3\ARM_GCC_493\Debug\car.a(cyfitter_cfg.o)
 .text.AnalogSetDefault
                0x00000fe8       0x28 .\CortexM3\ARM_GCC_493\Debug\car.a(cyfitter_cfg.o)
 .text.CYMEMZERO
                0x00001010        0xc .\CortexM3\ARM_GCC_493\Debug\car.a(cyfitter_cfg.o)
 .text.ClockSetup
                0x0000101c       0xb4 .\CortexM3\ARM_GCC_493\Debug\car.a(cyfitter_cfg.o)
 .text.CYCONFIGCPY
                0x000010d0        0x8 .\CortexM3\ARM_GCC_493\Debug\car.a(cyfitter_cfg.o)
 .text.cyfitter_cfg
                0x000010d8      0x144 .\CortexM3\ARM_GCC_493\Debug\car.a(cyfitter_cfg.o)
                0x000010d8                cyfitter_cfg
 *fill*         0x0000121c        0x4 
 .text          0x00001220       0x20 .\CortexM3\ARM_GCC_493\Debug\car.a(CyBootAsmGnu.o)
                0x00001220                CyDelayCycles
                0x00001230                CyEnterCriticalSection
                0x00001238                CyExitCriticalSection
 .text.CyDelay  0x00001240       0x2c .\CortexM3\ARM_GCC_493\Debug\car.a(CyLib.o)
                0x00001240                CyDelay
 .text.UART_net_Init
                0x0000126c       0x24 .\CortexM3\ARM_GCC_493\Debug\car.a(UART_net.o)
                0x0000126c                UART_net_Init
 .text.UART_net_Enable
                0x00001290       0x38 .\CortexM3\ARM_GCC_493\Debug\car.a(UART_net.o)
                0x00001290                UART_net_Enable
 .text.UART_net_Start
                0x000012c8       0x1c .\CortexM3\ARM_GCC_493\Debug\car.a(UART_net.o)
                0x000012c8                UART_net_Start
 .text.UART_net_GetChar
                0x000012e4       0x2c .\CortexM3\ARM_GCC_493\Debug\car.a(UART_net.o)
                0x000012e4                UART_net_GetChar
 .text.UART_net_PutChar
                0x00001310       0x18 .\CortexM3\ARM_GCC_493\Debug\car.a(UART_net.o)
                0x00001310                UART_net_PutChar
 .text.UART_net_PutArray
                0x00001328       0x28 .\CortexM3\ARM_GCC_493\Debug\car.a(UART_net.o)
                0x00001328                UART_net_PutArray
 .text.UART_net_IntClock_Start
                0x00001350       0x1c .\CortexM3\ARM_GCC_493\Debug\car.a(UART_net_IntClock.o)
                0x00001350                UART_net_IntClock_Start
 .text.isr_rx_net_Interrupt
                0x0000136c        0xc .\CortexM3\ARM_GCC_493\Debug\car.a(isr_rx_net.o)
                0x0000136c                isr_rx_net_Interrupt
 .text.isr_rx_net_SetVector
                0x00001378        0xc .\CortexM3\ARM_GCC_493\Debug\car.a(isr_rx_net.o)
                0x00001378                isr_rx_net_SetVector
 .text.isr_rx_net_SetPriority
                0x00001384       0x10 .\CortexM3\ARM_GCC_493\Debug\car.a(isr_rx_net.o)
                0x00001384                isr_rx_net_SetPriority
 .text.isr_rx_net_Enable
                0x00001394        0xc .\CortexM3\ARM_GCC_493\Debug\car.a(isr_rx_net.o)
                0x00001394                isr_rx_net_Enable
 .text.isr_rx_net_Disable
                0x000013a0        0xc .\CortexM3\ARM_GCC_493\Debug\car.a(isr_rx_net.o)
                0x000013a0                isr_rx_net_Disable
 .text.isr_rx_net_Start
                0x000013ac       0x1c .\CortexM3\ARM_GCC_493\Debug\car.a(isr_rx_net.o)
                0x000013ac                isr_rx_net_Start
 .text.KEY_UP_Read
                0x000013c8       0x10 .\CortexM3\ARM_GCC_493\Debug\car.a(KEY_UP.o)
                0x000013c8                KEY_UP_Read
 .text.KEY_DOWN_Read
                0x000013d8       0x10 .\CortexM3\ARM_GCC_493\Debug\car.a(KEY_DOWN.o)
                0x000013d8                KEY_DOWN_Read
 .text.KEY_LEFT_Read
                0x000013e8       0x10 .\CortexM3\ARM_GCC_493\Debug\car.a(KEY_LEFT.o)
                0x000013e8                KEY_LEFT_Read
 .text.KEY_RIGHT_Read
                0x000013f8       0x10 .\CortexM3\ARM_GCC_493\Debug\car.a(KEY_RIGHT.o)
                0x000013f8                KEY_RIGHT_Read
 .text.Timer_1_Enable
                0x00001408       0x28 .\CortexM3\ARM_GCC_493\Debug\car.a(Timer_1.o)
                0x00001408                Timer_1_Enable
 .text.Timer_1_SetInterruptMode
                0x00001430        0xc .\CortexM3\ARM_GCC_493\Debug\car.a(Timer_1.o)
                0x00001430                Timer_1_SetInterruptMode
 .text.Timer_1_WritePeriod
                0x0000143c        0xc .\CortexM3\ARM_GCC_493\Debug\car.a(Timer_1.o)
                0x0000143c                Timer_1_WritePeriod
 .text.Timer_1_WriteCounter
                0x00001448        0xc .\CortexM3\ARM_GCC_493\Debug\car.a(Timer_1.o)
                0x00001448                Timer_1_WriteCounter
 .text.Timer_1_Init
                0x00001454       0x68 .\CortexM3\ARM_GCC_493\Debug\car.a(Timer_1.o)
                0x00001454                Timer_1_Init
 .text.Timer_1_Start
                0x000014bc       0x1c .\CortexM3\ARM_GCC_493\Debug\car.a(Timer_1.o)
                0x000014bc                Timer_1_Start
 .text.isr_timer_Interrupt
                0x000014d8       0x50 .\CortexM3\ARM_GCC_493\Debug\car.a(isr_timer.o)
                0x000014d8                isr_timer_Interrupt
 .text.isr_timer_SetVector
                0x00001528        0xc .\CortexM3\ARM_GCC_493\Debug\car.a(isr_timer.o)
                0x00001528                isr_timer_SetVector
 .text.isr_timer_SetPriority
                0x00001534       0x10 .\CortexM3\ARM_GCC_493\Debug\car.a(isr_timer.o)
                0x00001534                isr_timer_SetPriority
 .text.isr_timer_Enable
                0x00001544        0xc .\CortexM3\ARM_GCC_493\Debug\car.a(isr_timer.o)
                0x00001544                isr_timer_Enable
 .text.isr_timer_Disable
                0x00001550        0xc .\CortexM3\ARM_GCC_493\Debug\car.a(isr_timer.o)
                0x00001550                isr_timer_Disable
 .text.isr_timer_Start
                0x0000155c       0x1c .\CortexM3\ARM_GCC_493\Debug\car.a(isr_timer.o)
                0x0000155c                isr_timer_Start
 .text.Beep_Write
                0x00001578       0x18 .\CortexM3\ARM_GCC_493\Debug\car.a(Beep.o)
                0x00001578                Beep_Write
 .text.KEY_SPEED_LOW_Read
                0x00001590       0x10 .\CortexM3\ARM_GCC_493\Debug\car.a(KEY_SPEED_LOW.o)
                0x00001590                KEY_SPEED_LOW_Read
 .text.PTZ_UP_Read
                0x000015a0       0x10 .\CortexM3\ARM_GCC_493\Debug\car.a(PTZ_UP.o)
                0x000015a0                PTZ_UP_Read
 .text.PTZ_DOWN_Read
                0x000015b0       0x10 .\CortexM3\ARM_GCC_493\Debug\car.a(PTZ_DOWN.o)
                0x000015b0                PTZ_DOWN_Read
 .text.PTZ_LEFT_Read
                0x000015c0       0x10 .\CortexM3\ARM_GCC_493\Debug\car.a(PTZ_LEFT.o)
                0x000015c0                PTZ_LEFT_Read
 .text.PTZ_RIGHT_Read
                0x000015d0       0x10 .\CortexM3\ARM_GCC_493\Debug\car.a(PTZ_RIGHT.o)
                0x000015d0                PTZ_RIGHT_Read
 .text.KEY_SPEED_HIGH_Read
                0x000015e0       0x10 .\CortexM3\ARM_GCC_493\Debug\car.a(KEY_SPEED_HIGH.o)
                0x000015e0                KEY_SPEED_HIGH_Read
 .text.LED_START_Read
                0x000015f0       0x10 .\CortexM3\ARM_GCC_493\Debug\car.a(LED_START.o)
                0x000015f0                LED_START_Read
 .text.LED_LEFT_LOW_Read
                0x00001600       0x10 .\CortexM3\ARM_GCC_493\Debug\car.a(LED_LEFT_LOW.o)
                0x00001600                LED_LEFT_LOW_Read
 .text.LED_DOWN_LOW_Read
                0x00001610        0xc .\CortexM3\ARM_GCC_493\Debug\car.a(LED_DOWN_LOW.o)
                0x00001610                LED_DOWN_LOW_Read
 .text.LED_UP_LOW_Read
                0x0000161c       0x10 .\CortexM3\ARM_GCC_493\Debug\car.a(LED_UP_LOW.o)
                0x0000161c                LED_UP_LOW_Read
 .text.LED_RIGHT_LOW_Read
                0x0000162c       0x10 .\CortexM3\ARM_GCC_493\Debug\car.a(LED_RIGHT_LOW.o)
                0x0000162c                LED_RIGHT_LOW_Read
 .text.LED_UP_HIGH_Read
                0x0000163c       0x10 .\CortexM3\ARM_GCC_493\Debug\car.a(LED_UP_HIGH.o)
                0x0000163c                LED_UP_HIGH_Read
 .text.LED_DOWN_HIGH_Read
                0x0000164c       0x10 .\CortexM3\ARM_GCC_493\Debug\car.a(LED_DOWN_HIGH.o)
                0x0000164c                LED_DOWN_HIGH_Read
 .text.LED_LEFT_HIGH_Read
                0x0000165c       0x10 .\CortexM3\ARM_GCC_493\Debug\car.a(LED_LEFT_HIGH.o)
                0x0000165c                LED_LEFT_HIGH_Read
 .text.LED_RIGHT_HIGH_Read
                0x0000166c       0x10 .\CortexM3\ARM_GCC_493\Debug\car.a(LED_RIGHT_HIGH.o)
                0x0000166c                LED_RIGHT_HIGH_Read
 .text.__libc_init_array
                0x0000167c       0x4c c:/program files (x86)/cypress/psoc creator/3.3/psoc creator/import/gnu/arm/4.9.3/bin/../lib/gcc/arm-none-eabi/4.9.3/../../../../arm-none-eabi/lib/armv7-m\libg_nano.a(lib_a-init.o)
                0x0000167c                __libc_init_array
 .text.memcpy   0x000016c8       0x16 c:/program files (x86)/cypress/psoc creator/3.3/psoc creator/import/gnu/arm/4.9.3/bin/../lib/gcc/arm-none-eabi/4.9.3/../../../../arm-none-eabi/lib/armv7-m\libg_nano.a(lib_a-memcpy.o)
                0x000016c8                memcpy
 .text.memset   0x000016de       0x10 c:/program files (x86)/cypress/psoc creator/3.3/psoc creator/import/gnu/arm/4.9.3/bin/../lib/gcc/arm-none-eabi/4.9.3/../../../../arm-none-eabi/lib/armv7-m\libg_nano.a(lib_a-memset.o)
                0x000016de                memset
 *(.plt)
 *(.gnu.warning)
 *(.glue_7t)
 .glue_7t       0x00000000        0x0 linker stubs
 *(.glue_7)
 .glue_7        0x00000000        0x0 linker stubs
 *(.vfp11_veneer)
 .vfp11_veneer  0x00000000        0x0 linker stubs
 *(.bootloader)
 *(.ARM.extab* .gnu.linkonce.armextab.*)
 *(.gcc_except_table)

.v4_bx          0x000016f0        0x0
 .v4_bx         0x00000000        0x0 linker stubs

.iplt           0x000016f0        0x0
 .iplt          0x00000000        0x0 c:/program files (x86)/cypress/psoc creator/3.3/psoc creator/import/gnu/arm/4.9.3/bin/../lib/gcc/arm-none-eabi/4.9.3/armv7-m/crtbegin.o

.eh_frame_hdr
 *(.eh_frame_hdr)

.eh_frame       0x000016f0        0x4
 *(.eh_frame)
 .eh_frame      0x000016f0        0x0 c:/program files (x86)/cypress/psoc creator/3.3/psoc creator/import/gnu/arm/4.9.3/bin/../lib/gcc/arm-none-eabi/4.9.3/armv7-m/crtbegin.o
 .eh_frame      0x000016f0        0x4 c:/program files (x86)/cypress/psoc creator/3.3/psoc creator/import/gnu/arm/4.9.3/bin/../lib/gcc/arm-none-eabi/4.9.3/armv7-m/crtend.o
                0x000016f4                PROVIDE (__exidx_start, .)

.ARM.exidx
 *(.ARM.exidx* .gnu.linkonce.armexidx.*)
                0x000016f4                __exidx_end = .

.rodata         0x000016f4       0x7c
 *(.rodata .rodata.* .gnu.linkonce.r.*)
 .rodata        0x000016f4       0x48 .\CortexM3\ARM_GCC_493\Debug\car.a(cyfitter_cfg.o)
                0x0000173c                . = ALIGN (0x4)
 *(.init)
 .init          0x0000173c        0x4 c:/program files (x86)/cypress/psoc creator/3.3/psoc creator/import/gnu/arm/4.9.3/bin/../lib/gcc/arm-none-eabi/4.9.3/armv7-m/crti.o
                0x0000173c                _init
 .init          0x00001740        0x8 c:/program files (x86)/cypress/psoc creator/3.3/psoc creator/import/gnu/arm/4.9.3/bin/../lib/gcc/arm-none-eabi/4.9.3/armv7-m/crtn.o
                0x00001748                . = ALIGN (0x4)
                0x00001748                __preinit_array_start = .
 *(.preinit_array)
                0x00001748                __preinit_array_end = .
                0x00001748                . = ALIGN (0x4)
                0x00001748                __init_array_start = .
 *(SORT(.init_array.*))
 *(.init_array)
 .init_array    0x00001748        0x4 c:/program files (x86)/cypress/psoc creator/3.3/psoc creator/import/gnu/arm/4.9.3/bin/../lib/gcc/arm-none-eabi/4.9.3/armv7-m/crtbegin.o
 .init_array    0x0000174c        0x4 .\CortexM3\ARM_GCC_493\Debug\Cm3Start.o
                0x00001750                __init_array_end = .
                0x00001750                . = ALIGN (0x4)
 *(.fini)
 .fini          0x00001750        0x4 c:/program files (x86)/cypress/psoc creator/3.3/psoc creator/import/gnu/arm/4.9.3/bin/../lib/gcc/arm-none-eabi/4.9.3/armv7-m/crti.o
                0x00001750                _fini
 .fini          0x00001754        0x8 c:/program files (x86)/cypress/psoc creator/3.3/psoc creator/import/gnu/arm/4.9.3/bin/../lib/gcc/arm-none-eabi/4.9.3/armv7-m/crtn.o
                0x0000175c                . = ALIGN (0x4)
                0x0000175c                __fini_array_start = .
 *(.fini_array)
 .fini_array    0x0000175c        0x4 c:/program files (x86)/cypress/psoc creator/3.3/psoc creator/import/gnu/arm/4.9.3/bin/../lib/gcc/arm-none-eabi/4.9.3/armv7-m/crtbegin.o
 *(SORT(.fini_array.*))
                0x00001760                __fini_array_end = .
                0x00001760                . = ALIGN (0x4)
 *crtbegin.o(.ctors)
 *(EXCLUDE_FILE(*crtend.o) .ctors)
 *(SORT(.ctors.*))
 *crtend.o(.ctors)
                0x00001760                . = ALIGN (0x4)
 *crtbegin.o(.dtors)
 *(EXCLUDE_FILE(*crtend.o) .dtors)
 *(SORT(.dtors.*))
 *crtend.o(.dtors)
                0x00001760                . = ALIGN (0x4)
                0x00001760                __cy_regions = .
                0x00001760        0x4 LONG 0x1770 __cy_region_init_ram
                0x00001764        0x4 LONG 0x1fffc108 __cy_region_start_data
                0x00001768        0x4 LONG 0x18 __cy_region_init_size_ram
                0x0000176c        0x4 LONG 0x3f0 __cy_region_zero_size_ram
                0x00001770                __cy_regions_end = .
                0x00001770                . = ALIGN (0x8)
                0x00001770                _etext = .

.cy_checksum_exclude
                0x00001770        0x0
 *(.cy_checksum_exclude)

.ramvectors     0x1fffc000      0x100
                0x1fffc000                __cy_region_start_ram = .
 *(.ramvectors)
 .ramvectors    0x1fffc000      0x100 .\CortexM3\ARM_GCC_493\Debug\Cm3Start.o
                0x1fffc000                CyRamVectors

.noinit         0x1fffc100        0x5
 *(.noinit)
 .noinit        0x1fffc100        0x4 .\CortexM3\ARM_GCC_493\Debug\Cm3Start.o
 .noinit        0x1fffc104        0x1 .\CortexM3\ARM_GCC_493\Debug\car.a(CyLib.o)
                0x1fffc104                CyResetStatus

.data           0x1fffc108       0x18 load address 0x00001770
                0x1fffc108                __cy_region_start_data = .
 *(.jcr)
 .jcr           0x1fffc108        0x0 c:/program files (x86)/cypress/psoc creator/3.3/psoc creator/import/gnu/arm/4.9.3/bin/../lib/gcc/arm-none-eabi/4.9.3/armv7-m/crtbegin.o
 .jcr           0x1fffc108        0x4 c:/program files (x86)/cypress/psoc creator/3.3/psoc creator/import/gnu/arm/4.9.3/bin/../lib/gcc/arm-none-eabi/4.9.3/armv7-m/crtend.o
 *(.got.plt)
 *(.got)
 *(.shdata)
 *(.data .data.* .gnu.linkonce.d.*)
 .data          0x1fffc10c       0x10 .\CortexM3\ARM_GCC_493\Debug\car.a(CyLib.o)
                0x1fffc10c                cydelay_32k_ms
                0x1fffc110                cydelay_freq_khz
                0x1fffc114                cydelay_freq_mhz
                0x1fffc118                cydelay_freq_hz
                0x1fffc120                . = ALIGN (0x8)
 *fill*         0x1fffc11c        0x4 
 *(.ram)
                0x1fffc120                _edata = .

.igot.plt       0x1fffc120        0x0 load address 0x00001788
 .igot.plt      0x00000000        0x0 c:/program files (x86)/cypress/psoc creator/3.3/psoc creator/import/gnu/arm/4.9.3/bin/../lib/gcc/arm-none-eabi/4.9.3/armv7-m/crtbegin.o

.bss            0x1fffc120      0x3f0 load address 0x00001788
                0x1fffc120                PROVIDE (__bss_start__, .)
 *(.shbss)
 *(.bss .bss.* .gnu.linkonce.b.*)
 .bss           0x1fffc120       0x1c c:/program files (x86)/cypress/psoc creator/3.3/psoc creator/import/gnu/arm/4.9.3/bin/../lib/gcc/arm-none-eabi/4.9.3/armv7-m/crtbegin.o
 .bss           0x1fffc13c       0x3c .\CortexM3\ARM_GCC_493\Debug\Transfer.o
 .bss           0x1fffc178        0x8 .\CortexM3\ARM_GCC_493\Debug\key.o
                0x1fffc178                led_send
 .bss           0x1fffc180       0x10 .\CortexM3\ARM_GCC_493\Debug\buzzer.o
 .bss           0x1fffc190        0x2 .\CortexM3\ARM_GCC_493\Debug\car.a(UART_net.o)
                0x1fffc190                UART_net_initVar
 .bss           0x1fffc192        0x1 .\CortexM3\ARM_GCC_493\Debug\car.a(Timer_1.o)
                0x1fffc192                Timer_1_initVar
 *(COMMON)
 *fill*         0x1fffc193        0x1 
 COMMON         0x1fffc194       0x14 .\CortexM3\ARM_GCC_493\Debug\main.o
                0x1fffc194                g_Car
 COMMON         0x1fffc1a8       0x41 .\CortexM3\ARM_GCC_493\Debug\Transfer.o
                0x1fffc1a8                data_to_send
                0x1fffc1dc                f
 *fill*         0x1fffc1e9        0x3 
 COMMON         0x1fffc1ec      0x300 .\CortexM3\ARM_GCC_493\Debug\key.o
                0x1fffc1ec                led_down_low
                0x1fffc214                led_right_high
                0x1fffc23c                led_left_low
                0x1fffc264                led_up_high
                0x1fffc28c                led_left_high
                0x1fffc2b4                temp
                0x1fffc2b8                key_speed_high
                0x1fffc2e0                PTZ_down
                0x1fffc308                temp1
                0x1fffc30c                key_speed_low
                0x1fffc334                PTZ_up
                0x1fffc35c                key_right
                0x1fffc384                led_down_high
                0x1fffc3ac                key_left
                0x1fffc3d4                led_start
                0x1fffc3fc                key_down
                0x1fffc424                key_up
                0x1fffc44c                PTZ_right
                0x1fffc474                led_up_low
                0x1fffc49c                PTZ_left
                0x1fffc4c4                led_right_low
 COMMON         0x1fffc4ec       0x14 .\CortexM3\ARM_GCC_493\Debug\buzzer.o
                0x1fffc4ec                Msc_Spl
 COMMON         0x1fffc500        0x9 .\CortexM3\ARM_GCC_493\Debug\car.a(isr_timer.o)
                0x1fffc500                time_1s_state
                0x1fffc502                time_1s
                0x1fffc504                time_5ms
                0x1fffc506                time_1ms
                0x1fffc508                time_5ms_state
                0x1fffc510                . = ALIGN (0x8)
 *fill*         0x1fffc509        0x7 
 *(.ram.b)
                0x1fffc510                _end = .
                0x1fffc510                __end = .
                0x1fffc510                PROVIDE (end, .)
                0x1fffc510                PROVIDE (__bss_end__, .)
                0x00001770                __cy_region_init_ram = LOADADDR (.data)
                0x00000018                __cy_region_init_size_ram = (_edata - ADDR (.data))
                0x000003f0                __cy_region_zero_size_ram = (_end - _edata)

.heap           0x1fffc510       0x80 load address 0x00001788
                0x1fffc510                . = _end
                0x1fffc590                . = (. + 0x80)
 *fill*         0x1fffc510       0x80 
                0x1fffc590                __cy_heap_limit = .

.stack          0x20003800      0x800
                0x20003800                __cy_stack_limit = .
                0x20004000                . = (. + 0x800)
 *fill*         0x20003800      0x800 
                0x00000001                ASSERT ((__cy_stack_limit >= __cy_heap_limit), region RAM overflowed with stack)
                0x00000000                cy_checksum_exclude_size = (CY_APPL_LOADABLE == 0x1)?SIZEOF (.cy_checksum_exclude):0x0
                0x00000001                ASSERT ((cy_checksum_exclude_size <= CY_CHECKSUM_EXCLUDE_SIZE), CY_BOOT: Section .cy_checksum_exclude size exceedes specified limit.)

.cyloadermeta
 *(.cyloadermeta)

.cyloadablemeta
 *(.cyloadablemeta)

.cyconfigecc    0x80000000      0x370
 *(.cyconfigecc)
 .cyconfigecc   0x80000000      0x370 .\CortexM3\ARM_GCC_493\Debug\cymetadata.o
                0x80000000                cy_meta_configecc

.cycustnvl      0x90000000        0x4
 *(.cycustnvl)
 .cycustnvl     0x90000000        0x4 .\CortexM3\ARM_GCC_493\Debug\cymetadata.o
                0x90000000                cy_meta_custnvl

.cywolatch      0x90100000        0x4
 *(.cywolatch)
 .cywolatch     0x90100000        0x4 .\CortexM3\ARM_GCC_493\Debug\cymetadata.o
                0x90100000                cy_meta_wonvl

.cyeeprom       0x90200000        0x0
 *(.cyeeprom)
                0x00000001                ASSERT ((. <= ((0x90200000 + ee_offset) + ee_size)), .cyeeprom data will not fit in EEPROM)

.cyflashprotect
                0x90400000       0x80
 *(.cyflashprotect)
 .cyflashprotect
                0x90400000       0x80 .\CortexM3\ARM_GCC_493\Debug\cymetadata.o
                0x90400000                cy_meta_flashprotect

.cymeta         0x90500000        0xc
 *(.cymeta)
 .cymeta        0x90500000        0xc .\CortexM3\ARM_GCC_493\Debug\cymetadata.o
                0x90500000                cy_metadata

.rel.dyn        0x00001788        0x0 load address 0x9050000c
 .rel.iplt      0x00000000        0x0 c:/program files (x86)/cypress/psoc creator/3.3/psoc creator/import/gnu/arm/4.9.3/bin/../lib/gcc/arm-none-eabi/4.9.3/armv7-m/crtbegin.o

.stab
 *(.stab)

.stabstr
 *(.stabstr)

.debug
 *(.debug)

.line
 *(.line)

.debug_srcinfo
 *(.debug_srcinfo)

.debug_sfnames
 *(.debug_sfnames)

.debug_aranges  0x00000000      0xed0
 *(.debug_aranges)
 .debug_aranges
                0x00000000       0x20 .\CortexM3\ARM_GCC_493\Debug\main.o
 .debug_aranges
                0x00000020       0x90 .\CortexM3\ARM_GCC_493\Debug\Transfer.o
 .debug_aranges
                0x000000b0       0x18 .\CortexM3\ARM_GCC_493\Debug\car.o
 .debug_aranges
                0x000000c8      0x188 .\CortexM3\ARM_GCC_493\Debug\key.o
 .debug_aranges
                0x00000250       0x38 .\CortexM3\ARM_GCC_493\Debug\buzzer.o
 .debug_aranges
                0x00000288       0x18 .\CortexM3\ARM_GCC_493\Debug\cymetadata.o
 .debug_aranges
                0x000002a0       0x48 .\CortexM3\ARM_GCC_493\Debug\Cm3Start.o
 .debug_aranges
                0x000002e8       0x58 .\CortexM3\ARM_GCC_493\Debug\car.a(cyfitter_cfg.o)
 .debug_aranges
                0x00000340       0x20 .\CortexM3\ARM_GCC_493\Debug\car.a(CyBootAsmGnu.o)
 .debug_aranges
                0x00000360      0x298 .\CortexM3\ARM_GCC_493\Debug\car.a(CyLib.o)
 .debug_aranges
                0x000005f8       0x98 .\CortexM3\ARM_GCC_493\Debug\car.a(cyPm.o)
 .debug_aranges
                0x00000690       0xf0 .\CortexM3\ARM_GCC_493\Debug\car.a(UART_net.o)
 .debug_aranges
                0x00000780       0x70 .\CortexM3\ARM_GCC_493\Debug\car.a(UART_net_IntClock.o)
 .debug_aranges
                0x000007f0       0x80 .\CortexM3\ARM_GCC_493\Debug\car.a(isr_rx_net.o)
 .debug_aranges
                0x00000870       0x38 .\CortexM3\ARM_GCC_493\Debug\car.a(KEY_UP.o)
 .debug_aranges
                0x000008a8       0x38 .\CortexM3\ARM_GCC_493\Debug\car.a(KEY_DOWN.o)
 .debug_aranges
                0x000008e0       0x38 .\CortexM3\ARM_GCC_493\Debug\car.a(KEY_LEFT.o)
 .debug_aranges
                0x00000918       0x38 .\CortexM3\ARM_GCC_493\Debug\car.a(KEY_RIGHT.o)
 .debug_aranges
                0x00000950       0x88 .\CortexM3\ARM_GCC_493\Debug\car.a(Timer_1.o)
 .debug_aranges
                0x000009d8       0x80 .\CortexM3\ARM_GCC_493\Debug\car.a(isr_timer.o)
 .debug_aranges
                0x00000a58       0x38 .\CortexM3\ARM_GCC_493\Debug\car.a(Beep.o)
 .debug_aranges
                0x00000a90       0x38 .\CortexM3\ARM_GCC_493\Debug\car.a(KEY_SPEED_LOW.o)
 .debug_aranges
                0x00000ac8       0x38 .\CortexM3\ARM_GCC_493\Debug\car.a(PTZ_UP.o)
 .debug_aranges
                0x00000b00       0x38 .\CortexM3\ARM_GCC_493\Debug\car.a(PTZ_DOWN.o)
 .debug_aranges
                0x00000b38       0x38 .\CortexM3\ARM_GCC_493\Debug\car.a(PTZ_LEFT.o)
 .debug_aranges
                0x00000b70       0x38 .\CortexM3\ARM_GCC_493\Debug\car.a(PTZ_RIGHT.o)
 .debug_aranges
                0x00000ba8       0x38 .\CortexM3\ARM_GCC_493\Debug\car.a(KEY_SPEED_HIGH.o)
 .debug_aranges
                0x00000be0       0x38 .\CortexM3\ARM_GCC_493\Debug\car.a(LED_START.o)
 .debug_aranges
                0x00000c18       0x38 .\CortexM3\ARM_GCC_493\Debug\car.a(LED_LEFT_LOW.o)
 .debug_aranges
                0x00000c50       0x38 .\CortexM3\ARM_GCC_493\Debug\car.a(LED_DOWN_LOW.o)
 .debug_aranges
                0x00000c88       0x38 .\CortexM3\ARM_GCC_493\Debug\car.a(LED_UP_LOW.o)
 .debug_aranges
                0x00000cc0       0x38 .\CortexM3\ARM_GCC_493\Debug\car.a(LED_RIGHT_LOW.o)
 .debug_aranges
                0x00000cf8       0x38 .\CortexM3\ARM_GCC_493\Debug\car.a(LED_UP_HIGH.o)
 .debug_aranges
                0x00000d30       0x38 .\CortexM3\ARM_GCC_493\Debug\car.a(LED_DOWN_HIGH.o)
 .debug_aranges
                0x00000d68       0x38 .\CortexM3\ARM_GCC_493\Debug\car.a(LED_LEFT_HIGH.o)
 .debug_aranges
                0x00000da0       0x38 .\CortexM3\ARM_GCC_493\Debug\car.a(LED_RIGHT_HIGH.o)
 .debug_aranges
                0x00000dd8       0x80 .\CortexM3\ARM_GCC_493\Debug\car.a(CyFlash.o)
 .debug_aranges
                0x00000e58       0x78 .\CortexM3\ARM_GCC_493\Debug\car.a(CySpc.o)

.debug_pubnames
 *(.debug_pubnames)

.debug_info     0x00000000     0x8a63
 *(.debug_info .gnu.linkonce.wi.*)
 .debug_info    0x00000000      0x2d6 .\CortexM3\ARM_GCC_493\Debug\main.o
 .debug_info    0x000002d6      0xbf5 .\CortexM3\ARM_GCC_493\Debug\Transfer.o
 .debug_info    0x00000ecb      0x1c3 .\CortexM3\ARM_GCC_493\Debug\car.o
 .debug_info    0x0000108e     0x19c0 .\CortexM3\ARM_GCC_493\Debug\key.o
 .debug_info    0x00002a4e      0x2d0 .\CortexM3\ARM_GCC_493\Debug\buzzer.o
 .debug_info    0x00002d1e      0x13a .\CortexM3\ARM_GCC_493\Debug\cymetadata.o
 .debug_info    0x00002e58      0x3a3 .\CortexM3\ARM_GCC_493\Debug\Cm3Start.o
 .debug_info    0x000031fb      0x60b .\CortexM3\ARM_GCC_493\Debug\car.a(cyfitter_cfg.o)
 .debug_info    0x00003806       0x80 .\CortexM3\ARM_GCC_493\Debug\car.a(CyBootAsmGnu.o)
 .debug_info    0x00003886     0x136c .\CortexM3\ARM_GCC_493\Debug\car.a(CyLib.o)
 .debug_info    0x00004bf2      0xa55 .\CortexM3\ARM_GCC_493\Debug\car.a(cyPm.o)
 .debug_info    0x00005647      0x600 .\CortexM3\ARM_GCC_493\Debug\car.a(UART_net.o)
 .debug_info    0x00005c47      0x281 .\CortexM3\ARM_GCC_493\Debug\car.a(UART_net_IntClock.o)
 .debug_info    0x00005ec8      0x461 .\CortexM3\ARM_GCC_493\Debug\car.a(isr_rx_net.o)
 .debug_info    0x00006329      0x11e .\CortexM3\ARM_GCC_493\Debug\car.a(KEY_UP.o)
 .debug_info    0x00006447      0x11e .\CortexM3\ARM_GCC_493\Debug\car.a(KEY_DOWN.o)
 .debug_info    0x00006565      0x11e .\CortexM3\ARM_GCC_493\Debug\car.a(KEY_LEFT.o)
 .debug_info    0x00006683      0x11e .\CortexM3\ARM_GCC_493\Debug\car.a(KEY_RIGHT.o)
 .debug_info    0x000067a1      0x28c .\CortexM3\ARM_GCC_493\Debug\car.a(Timer_1.o)
 .debug_info    0x00006a2d      0x35f .\CortexM3\ARM_GCC_493\Debug\car.a(isr_timer.o)
 .debug_info    0x00006d8c      0x11e .\CortexM3\ARM_GCC_493\Debug\car.a(Beep.o)
 .debug_info    0x00006eaa      0x11e .\CortexM3\ARM_GCC_493\Debug\car.a(KEY_SPEED_LOW.o)
 .debug_info    0x00006fc8      0x11e .\CortexM3\ARM_GCC_493\Debug\car.a(PTZ_UP.o)
 .debug_info    0x000070e6      0x11e .\CortexM3\ARM_GCC_493\Debug\car.a(PTZ_DOWN.o)
 .debug_info    0x00007204      0x11e .\CortexM3\ARM_GCC_493\Debug\car.a(PTZ_LEFT.o)
 .debug_info    0x00007322      0x11e .\CortexM3\ARM_GCC_493\Debug\car.a(PTZ_RIGHT.o)
 .debug_info    0x00007440      0x11e .\CortexM3\ARM_GCC_493\Debug\car.a(KEY_SPEED_HIGH.o)
 .debug_info    0x0000755e      0x11e .\CortexM3\ARM_GCC_493\Debug\car.a(LED_START.o)
 .debug_info    0x0000767c      0x11e .\CortexM3\ARM_GCC_493\Debug\car.a(LED_LEFT_LOW.o)
 .debug_info    0x0000779a      0x120 .\CortexM3\ARM_GCC_493\Debug\car.a(LED_DOWN_LOW.o)
 .debug_info    0x000078ba      0x11e .\CortexM3\ARM_GCC_493\Debug\car.a(LED_UP_LOW.o)
 .debug_info    0x000079d8      0x11e .\CortexM3\ARM_GCC_493\Debug\car.a(LED_RIGHT_LOW.o)
 .debug_info    0x00007af6      0x11e .\CortexM3\ARM_GCC_493\Debug\car.a(LED_UP_HIGH.o)
 .debug_info    0x00007c14      0x11e .\CortexM3\ARM_GCC_493\Debug\car.a(LED_DOWN_HIGH.o)
 .debug_info    0x00007d32      0x11e .\CortexM3\ARM_GCC_493\Debug\car.a(LED_LEFT_HIGH.o)
 .debug_info    0x00007e50      0x11e .\CortexM3\ARM_GCC_493\Debug\car.a(LED_RIGHT_HIGH.o)
 .debug_info    0x00007f6e      0x608 .\CortexM3\ARM_GCC_493\Debug\car.a(CyFlash.o)
 .debug_info    0x00008576      0x4ed .\CortexM3\ARM_GCC_493\Debug\car.a(CySpc.o)

.debug_abbrev   0x00000000     0x2896
 *(.debug_abbrev)
 .debug_abbrev  0x00000000      0x112 .\CortexM3\ARM_GCC_493\Debug\main.o
 .debug_abbrev  0x00000112      0x237 .\CortexM3\ARM_GCC_493\Debug\Transfer.o
 .debug_abbrev  0x00000349       0xa8 .\CortexM3\ARM_GCC_493\Debug\car.o
 .debug_abbrev  0x000003f1      0x271 .\CortexM3\ARM_GCC_493\Debug\key.o
 .debug_abbrev  0x00000662      0x142 .\CortexM3\ARM_GCC_493\Debug\buzzer.o
 .debug_abbrev  0x000007a4       0x66 .\CortexM3\ARM_GCC_493\Debug\cymetadata.o
 .debug_abbrev  0x0000080a      0x20f .\CortexM3\ARM_GCC_493\Debug\Cm3Start.o
 .debug_abbrev  0x00000a19      0x212 .\CortexM3\ARM_GCC_493\Debug\car.a(cyfitter_cfg.o)
 .debug_abbrev  0x00000c2b       0x14 .\CortexM3\ARM_GCC_493\Debug\car.a(CyBootAsmGnu.o)
 .debug_abbrev  0x00000c3f      0x296 .\CortexM3\ARM_GCC_493\Debug\car.a(CyLib.o)
 .debug_abbrev  0x00000ed5      0x1fa .\CortexM3\ARM_GCC_493\Debug\car.a(cyPm.o)
 .debug_abbrev  0x000010cf      0x1af .\CortexM3\ARM_GCC_493\Debug\car.a(UART_net.o)
 .debug_abbrev  0x0000127e      0x146 .\CortexM3\ARM_GCC_493\Debug\car.a(UART_net_IntClock.o)
 .debug_abbrev  0x000013c4      0x210 .\CortexM3\ARM_GCC_493\Debug\car.a(isr_rx_net.o)
 .debug_abbrev  0x000015d4       0x9d .\CortexM3\ARM_GCC_493\Debug\car.a(KEY_UP.o)
 .debug_abbrev  0x00001671       0x9d .\CortexM3\ARM_GCC_493\Debug\car.a(KEY_DOWN.o)
 .debug_abbrev  0x0000170e       0x9d .\CortexM3\ARM_GCC_493\Debug\car.a(KEY_LEFT.o)
 .debug_abbrev  0x000017ab       0x9d .\CortexM3\ARM_GCC_493\Debug\car.a(KEY_RIGHT.o)
 .debug_abbrev  0x00001848      0x127 .\CortexM3\ARM_GCC_493\Debug\car.a(Timer_1.o)
 .debug_abbrev  0x0000196f      0x1ab .\CortexM3\ARM_GCC_493\Debug\car.a(isr_timer.o)
 .debug_abbrev  0x00001b1a       0x9d .\CortexM3\ARM_GCC_493\Debug\car.a(Beep.o)
 .debug_abbrev  0x00001bb7       0x9d .\CortexM3\ARM_GCC_493\Debug\car.a(KEY_SPEED_LOW.o)
 .debug_abbrev  0x00001c54       0x9d .\CortexM3\ARM_GCC_493\Debug\car.a(PTZ_UP.o)
 .debug_abbrev  0x00001cf1       0x9d .\CortexM3\ARM_GCC_493\Debug\car.a(PTZ_DOWN.o)
 .debug_abbrev  0x00001d8e       0x9d .\CortexM3\ARM_GCC_493\Debug\car.a(PTZ_LEFT.o)
 .debug_abbrev  0x00001e2b       0x9d .\CortexM3\ARM_GCC_493\Debug\car.a(PTZ_RIGHT.o)
 .debug_abbrev  0x00001ec8       0x9d .\CortexM3\ARM_GCC_493\Debug\car.a(KEY_SPEED_HIGH.o)
 .debug_abbrev  0x00001f65       0x9d .\CortexM3\ARM_GCC_493\Debug\car.a(LED_START.o)
 .debug_abbrev  0x00002002       0x9d .\CortexM3\ARM_GCC_493\Debug\car.a(LED_LEFT_LOW.o)
 .debug_abbrev  0x0000209f       0x9d .\CortexM3\ARM_GCC_493\Debug\car.a(LED_DOWN_LOW.o)
 .debug_abbrev  0x0000213c       0x9d .\CortexM3\ARM_GCC_493\Debug\car.a(LED_UP_LOW.o)
 .debug_abbrev  0x000021d9       0x9d .\CortexM3\ARM_GCC_493\Debug\car.a(LED_RIGHT_LOW.o)
 .debug_abbrev  0x00002276       0x9d .\CortexM3\ARM_GCC_493\Debug\car.a(LED_UP_HIGH.o)
 .debug_abbrev  0x00002313       0x9d .\CortexM3\ARM_GCC_493\Debug\car.a(LED_DOWN_HIGH.o)
 .debug_abbrev  0x000023b0       0x9d .\CortexM3\ARM_GCC_493\Debug\car.a(LED_LEFT_HIGH.o)
 .debug_abbrev  0x0000244d       0x9d .\CortexM3\ARM_GCC_493\Debug\car.a(LED_RIGHT_HIGH.o)
 .debug_abbrev  0x000024ea      0x1de .\CortexM3\ARM_GCC_493\Debug\car.a(CyFlash.o)
 .debug_abbrev  0x000026c8      0x1ce .\CortexM3\ARM_GCC_493\Debug\car.a(CySpc.o)

.debug_line     0x00000000     0x3a1d
 *(.debug_line)
 .debug_line    0x00000000      0x1c0 .\CortexM3\ARM_GCC_493\Debug\main.o
 .debug_line    0x000001c0      0x45c .\CortexM3\ARM_GCC_493\Debug\Transfer.o
 .debug_line    0x0000061c      0x152 .\CortexM3\ARM_GCC_493\Debug\car.o
 .debug_line    0x0000076e      0x683 .\CortexM3\ARM_GCC_493\Debug\key.o
 .debug_line    0x00000df1      0x210 .\CortexM3\ARM_GCC_493\Debug\buzzer.o
 .debug_line    0x00001001       0x53 .\CortexM3\ARM_GCC_493\Debug\cymetadata.o
 .debug_line    0x00001054      0x249 .\CortexM3\ARM_GCC_493\Debug\Cm3Start.o
 .debug_line    0x0000129d      0x1fd .\CortexM3\ARM_GCC_493\Debug\car.a(cyfitter_cfg.o)
 .debug_line    0x0000149a       0x68 .\CortexM3\ARM_GCC_493\Debug\car.a(CyBootAsmGnu.o)
 .debug_line    0x00001502      0x806 .\CortexM3\ARM_GCC_493\Debug\car.a(CyLib.o)
 .debug_line    0x00001d08      0x366 .\CortexM3\ARM_GCC_493\Debug\car.a(cyPm.o)
 .debug_line    0x0000206e      0x2c6 .\CortexM3\ARM_GCC_493\Debug\car.a(UART_net.o)
 .debug_line    0x00002334      0x199 .\CortexM3\ARM_GCC_493\Debug\car.a(UART_net_IntClock.o)
 .debug_line    0x000024cd      0x282 .\CortexM3\ARM_GCC_493\Debug\car.a(isr_rx_net.o)
 .debug_line    0x0000274f       0x95 .\CortexM3\ARM_GCC_493\Debug\car.a(KEY_UP.o)
 .debug_line    0x000027e4       0x97 .\CortexM3\ARM_GCC_493\Debug\car.a(KEY_DOWN.o)
 .debug_line    0x0000287b       0x97 .\CortexM3\ARM_GCC_493\Debug\car.a(KEY_LEFT.o)
 .debug_line    0x00002912       0x98 .\CortexM3\ARM_GCC_493\Debug\car.a(KEY_RIGHT.o)
 .debug_line    0x000029aa      0x157 .\CortexM3\ARM_GCC_493\Debug\car.a(Timer_1.o)
 .debug_line    0x00002b01      0x159 .\CortexM3\ARM_GCC_493\Debug\car.a(isr_timer.o)
 .debug_line    0x00002c5a       0x93 .\CortexM3\ARM_GCC_493\Debug\car.a(Beep.o)
 .debug_line    0x00002ced       0x9c .\CortexM3\ARM_GCC_493\Debug\car.a(KEY_SPEED_LOW.o)
 .debug_line    0x00002d89       0x95 .\CortexM3\ARM_GCC_493\Debug\car.a(PTZ_UP.o)
 .debug_line    0x00002e1e       0x97 .\CortexM3\ARM_GCC_493\Debug\car.a(PTZ_DOWN.o)
 .debug_line    0x00002eb5       0x97 .\CortexM3\ARM_GCC_493\Debug\car.a(PTZ_LEFT.o)
 .debug_line    0x00002f4c       0x98 .\CortexM3\ARM_GCC_493\Debug\car.a(PTZ_RIGHT.o)
 .debug_line    0x00002fe4       0x9d .\CortexM3\ARM_GCC_493\Debug\car.a(KEY_SPEED_HIGH.o)
 .debug_line    0x00003081       0x98 .\CortexM3\ARM_GCC_493\Debug\car.a(LED_START.o)
 .debug_line    0x00003119       0x9b .\CortexM3\ARM_GCC_493\Debug\car.a(LED_LEFT_LOW.o)
 .debug_line    0x000031b4       0x9b .\CortexM3\ARM_GCC_493\Debug\car.a(LED_DOWN_LOW.o)
 .debug_line    0x0000324f       0x99 .\CortexM3\ARM_GCC_493\Debug\car.a(LED_UP_LOW.o)
 .debug_line    0x000032e8       0x9c .\CortexM3\ARM_GCC_493\Debug\car.a(LED_RIGHT_LOW.o)
 .debug_line    0x00003384       0x9a .\CortexM3\ARM_GCC_493\Debug\car.a(LED_UP_HIGH.o)
 .debug_line    0x0000341e       0x9c .\CortexM3\ARM_GCC_493\Debug\car.a(LED_DOWN_HIGH.o)
 .debug_line    0x000034ba       0x9c .\CortexM3\ARM_GCC_493\Debug\car.a(LED_LEFT_HIGH.o)
 .debug_line    0x00003556       0x9d .\CortexM3\ARM_GCC_493\Debug\car.a(LED_RIGHT_HIGH.o)
 .debug_line    0x000035f3      0x1ec .\CortexM3\ARM_GCC_493\Debug\car.a(CyFlash.o)
 .debug_line    0x000037df      0x23e .\CortexM3\ARM_GCC_493\Debug\car.a(CySpc.o)

.debug_frame    0x00000000     0x2264
 *(.debug_frame)
 .debug_frame   0x00000000       0x2c .\CortexM3\ARM_GCC_493\Debug\main.o
 .debug_frame   0x0000002c      0x1f8 .\CortexM3\ARM_GCC_493\Debug\Transfer.o
 .debug_frame   0x00000224      0x4f0 .\CortexM3\ARM_GCC_493\Debug\key.o
 .debug_frame   0x00000714       0x78 .\CortexM3\ARM_GCC_493\Debug\buzzer.o
 .debug_frame   0x0000078c       0xac .\CortexM3\ARM_GCC_493\Debug\Cm3Start.o
 .debug_frame   0x00000838       0xe4 .\CortexM3\ARM_GCC_493\Debug\car.a(cyfitter_cfg.o)
 .debug_frame   0x0000091c      0x728 .\CortexM3\ARM_GCC_493\Debug\car.a(CyLib.o)
 .debug_frame   0x00001044      0x1f8 .\CortexM3\ARM_GCC_493\Debug\car.a(cyPm.o)
 .debug_frame   0x0000123c      0x250 .\CortexM3\ARM_GCC_493\Debug\car.a(UART_net.o)
 .debug_frame   0x0000148c       0xe0 .\CortexM3\ARM_GCC_493\Debug\car.a(UART_net_IntClock.o)
 .debug_frame   0x0000156c      0x110 .\CortexM3\ARM_GCC_493\Debug\car.a(isr_rx_net.o)
 .debug_frame   0x0000167c       0x50 .\CortexM3\ARM_GCC_493\Debug\car.a(KEY_UP.o)
 .debug_frame   0x000016cc       0x50 .\CortexM3\ARM_GCC_493\Debug\car.a(KEY_DOWN.o)
 .debug_frame   0x0000171c       0x50 .\CortexM3\ARM_GCC_493\Debug\car.a(KEY_LEFT.o)
 .debug_frame   0x0000176c       0x50 .\CortexM3\ARM_GCC_493\Debug\car.a(KEY_RIGHT.o)
 .debug_frame   0x000017bc      0x108 .\CortexM3\ARM_GCC_493\Debug\car.a(Timer_1.o)
 .debug_frame   0x000018c4      0x110 .\CortexM3\ARM_GCC_493\Debug\car.a(isr_timer.o)
 .debug_frame   0x000019d4       0x50 .\CortexM3\ARM_GCC_493\Debug\car.a(Beep.o)
 .debug_frame   0x00001a24       0x50 .\CortexM3\ARM_GCC_493\Debug\car.a(KEY_SPEED_LOW.o)
 .debug_frame   0x00001a74       0x50 .\CortexM3\ARM_GCC_493\Debug\car.a(PTZ_UP.o)
 .debug_frame   0x00001ac4       0x50 .\CortexM3\ARM_GCC_493\Debug\car.a(PTZ_DOWN.o)
 .debug_frame   0x00001b14       0x50 .\CortexM3\ARM_GCC_493\Debug\car.a(PTZ_LEFT.o)
 .debug_frame   0x00001b64       0x50 .\CortexM3\ARM_GCC_493\Debug\car.a(PTZ_RIGHT.o)
 .debug_frame   0x00001bb4       0x50 .\CortexM3\ARM_GCC_493\Debug\car.a(KEY_SPEED_HIGH.o)
 .debug_frame   0x00001c04       0x50 .\CortexM3\ARM_GCC_493\Debug\car.a(LED_START.o)
 .debug_frame   0x00001c54       0x50 .\CortexM3\ARM_GCC_493\Debug\car.a(LED_LEFT_LOW.o)
 .debug_frame   0x00001ca4       0x50 .\CortexM3\ARM_GCC_493\Debug\car.a(LED_DOWN_LOW.o)
 .debug_frame   0x00001cf4       0x50 .\CortexM3\ARM_GCC_493\Debug\car.a(LED_UP_LOW.o)
 .debug_frame   0x00001d44       0x50 .\CortexM3\ARM_GCC_493\Debug\car.a(LED_RIGHT_LOW.o)
 .debug_frame   0x00001d94       0x50 .\CortexM3\ARM_GCC_493\Debug\car.a(LED_UP_HIGH.o)
 .debug_frame   0x00001de4       0x50 .\CortexM3\ARM_GCC_493\Debug\car.a(LED_DOWN_HIGH.o)
 .debug_frame   0x00001e34       0x50 .\CortexM3\ARM_GCC_493\Debug\car.a(LED_LEFT_HIGH.o)
 .debug_frame   0x00001e84       0x50 .\CortexM3\ARM_GCC_493\Debug\car.a(LED_RIGHT_HIGH.o)
 .debug_frame   0x00001ed4      0x174 .\CortexM3\ARM_GCC_493\Debug\car.a(CyFlash.o)
 .debug_frame   0x00002048      0x160 .\CortexM3\ARM_GCC_493\Debug\car.a(CySpc.o)
 .debug_frame   0x000021a8       0x20 c:/program files (x86)/cypress/psoc creator/3.3/psoc creator/import/gnu/arm/4.9.3/bin/../lib/gcc/arm-none-eabi/4.9.3/../../../../arm-none-eabi/lib/armv7-m\libg_nano.a(lib_a-errno.o)
 .debug_frame   0x000021c8       0x28 c:/program files (x86)/cypress/psoc creator/3.3/psoc creator/import/gnu/arm/4.9.3/bin/../lib/gcc/arm-none-eabi/4.9.3/../../../../arm-none-eabi/lib/armv7-m\libg_nano.a(lib_a-exit.o)
 .debug_frame   0x000021f0       0x2c c:/program files (x86)/cypress/psoc creator/3.3/psoc creator/import/gnu/arm/4.9.3/bin/../lib/gcc/arm-none-eabi/4.9.3/../../../../arm-none-eabi/lib/armv7-m\libg_nano.a(lib_a-init.o)
 .debug_frame   0x0000221c       0x28 c:/program files (x86)/cypress/psoc creator/3.3/psoc creator/import/gnu/arm/4.9.3/bin/../lib/gcc/arm-none-eabi/4.9.3/../../../../arm-none-eabi/lib/armv7-m\libg_nano.a(lib_a-memcpy.o)
 .debug_frame   0x00002244       0x20 c:/program files (x86)/cypress/psoc creator/3.3/psoc creator/import/gnu/arm/4.9.3/bin/../lib/gcc/arm-none-eabi/4.9.3/../../../../arm-none-eabi/lib/armv7-m\libg_nano.a(lib_a-memset.o)

.debug_str      0x00000000     0x2fc5
 *(.debug_str)
 .debug_str     0x00000000      0x334 .\CortexM3\ARM_GCC_493\Debug\main.o
                                0x38a (size before relaxing)
 .debug_str     0x00000334      0x2d3 .\CortexM3\ARM_GCC_493\Debug\Transfer.o
                                0x57a (size before relaxing)
 .debug_str     0x00000607        0x8 .\CortexM3\ARM_GCC_493\Debug\car.o
                                0x275 (size before relaxing)
 .debug_str     0x0000060f      0x741 .\CortexM3\ARM_GCC_493\Debug\key.o
                                0xad5 (size before relaxing)
 .debug_str     0x00000d50       0x7a .\CortexM3\ARM_GCC_493\Debug\buzzer.o
                                0x217 (size before relaxing)
 .debug_str     0x00000dca       0x77 .\CortexM3\ARM_GCC_493\Debug\cymetadata.o
                                0x1da (size before relaxing)
 .debug_str     0x00000e41      0x160 .\CortexM3\ARM_GCC_493\Debug\Cm3Start.o
                                0x2ee (size before relaxing)
 .debug_str     0x00000fa1      0x184 .\CortexM3\ARM_GCC_493\Debug\car.a(cyfitter_cfg.o)
                                0x328 (size before relaxing)
 .debug_str     0x00001125      0x822 .\CortexM3\ARM_GCC_493\Debug\car.a(CyLib.o)
                                0xa13 (size before relaxing)
 .debug_str     0x00001947      0x35b .\CortexM3\ARM_GCC_493\Debug\car.a(cyPm.o)
                                0x70b (size before relaxing)
 .debug_str     0x00001ca2      0x2f0 .\CortexM3\ARM_GCC_493\Debug\car.a(UART_net.o)
                                0x4d5 (size before relaxing)
 .debug_str     0x00001f92      0x1ad .\CortexM3\ARM_GCC_493\Debug\car.a(UART_net_IntClock.o)
                                0x356 (size before relaxing)
 .debug_str     0x0000213f      0x123 .\CortexM3\ARM_GCC_493\Debug\car.a(isr_rx_net.o)
                                0x40e (size before relaxing)
 .debug_str     0x00002262       0x6d .\CortexM3\ARM_GCC_493\Debug\car.a(KEY_UP.o)
                                0x1d7 (size before relaxing)
 .debug_str     0x000022cf       0x6c .\CortexM3\ARM_GCC_493\Debug\car.a(KEY_DOWN.o)
                                0x1e1 (size before relaxing)
 .debug_str     0x0000233b       0x6c .\CortexM3\ARM_GCC_493\Debug\car.a(KEY_LEFT.o)
                                0x1e1 (size before relaxing)
 .debug_str     0x000023a7       0x71 .\CortexM3\ARM_GCC_493\Debug\car.a(KEY_RIGHT.o)
                                0x1e6 (size before relaxing)
 .debug_str     0x00002418      0x16e .\CortexM3\ARM_GCC_493\Debug\car.a(Timer_1.o)
                                0x2f9 (size before relaxing)
 .debug_str     0x00002586      0x12a .\CortexM3\ARM_GCC_493\Debug\car.a(isr_timer.o)
                                0x30c (size before relaxing)
 .debug_str     0x000026b0       0x4d .\CortexM3\ARM_GCC_493\Debug\car.a(Beep.o)
                                0x1cd (size before relaxing)
 .debug_str     0x000026fd       0x72 .\CortexM3\ARM_GCC_493\Debug\car.a(KEY_SPEED_LOW.o)
                                0x1fa (size before relaxing)
 .debug_str     0x0000276f       0x62 .\CortexM3\ARM_GCC_493\Debug\car.a(PTZ_UP.o)
                                0x1d7 (size before relaxing)
 .debug_str     0x000027d1       0x6c .\CortexM3\ARM_GCC_493\Debug\car.a(PTZ_DOWN.o)
                                0x1e1 (size before relaxing)
 .debug_str     0x0000283d       0x6c .\CortexM3\ARM_GCC_493\Debug\car.a(PTZ_LEFT.o)
                                0x1e1 (size before relaxing)
 .debug_str     0x000028a9       0x71 .\CortexM3\ARM_GCC_493\Debug\car.a(PTZ_RIGHT.o)
                                0x1e6 (size before relaxing)
 .debug_str     0x0000291a       0x76 .\CortexM3\ARM_GCC_493\Debug\car.a(KEY_SPEED_HIGH.o)
                                0x1ff (size before relaxing)
 .debug_str     0x00002990       0x71 .\CortexM3\ARM_GCC_493\Debug\car.a(LED_START.o)
                                0x1e6 (size before relaxing)
 .debug_str     0x00002a01       0x6e .\CortexM3\ARM_GCC_493\Debug\car.a(LED_LEFT_LOW.o)
                                0x1f5 (size before relaxing)
 .debug_str     0x00002a6f       0x6e .\CortexM3\ARM_GCC_493\Debug\car.a(LED_DOWN_LOW.o)
                                0x1f5 (size before relaxing)
 .debug_str     0x00002add       0x66 .\CortexM3\ARM_GCC_493\Debug\car.a(LED_UP_LOW.o)
                                0x1eb (size before relaxing)
 .debug_str     0x00002b43       0x72 .\CortexM3\ARM_GCC_493\Debug\car.a(LED_RIGHT_LOW.o)
                                0x1fa (size before relaxing)
 .debug_str     0x00002bb5       0x6a .\CortexM3\ARM_GCC_493\Debug\car.a(LED_UP_HIGH.o)
                                0x1f0 (size before relaxing)
 .debug_str     0x00002c1f       0x72 .\CortexM3\ARM_GCC_493\Debug\car.a(LED_DOWN_HIGH.o)
                                0x1fa (size before relaxing)
 .debug_str     0x00002c91       0x72 .\CortexM3\ARM_GCC_493\Debug\car.a(LED_LEFT_HIGH.o)
                                0x1fa (size before relaxing)
 .debug_str     0x00002d03       0x76 .\CortexM3\ARM_GCC_493\Debug\car.a(LED_RIGHT_HIGH.o)
                                0x1ff (size before relaxing)
 .debug_str     0x00002d79      0x19e .\CortexM3\ARM_GCC_493\Debug\car.a(CyFlash.o)
                                0x385 (size before relaxing)
 .debug_str     0x00002f17       0xae .\CortexM3\ARM_GCC_493\Debug\car.a(CySpc.o)
                                0x30e (size before relaxing)

.debug_loc      0x00000000     0x3750
 *(.debug_loc)
 .debug_loc     0x00000000     0x1189 .\CortexM3\ARM_GCC_493\Debug\Transfer.o
 .debug_loc     0x00001189      0x1ef .\CortexM3\ARM_GCC_493\Debug\key.o
 .debug_loc     0x00001378      0x17a .\CortexM3\ARM_GCC_493\Debug\buzzer.o
 .debug_loc     0x000014f2      0x144 .\CortexM3\ARM_GCC_493\Debug\Cm3Start.o
 .debug_loc     0x00001636      0x25a .\CortexM3\ARM_GCC_493\Debug\car.a(cyfitter_cfg.o)
 .debug_loc     0x00001890      0xa11 .\CortexM3\ARM_GCC_493\Debug\car.a(CyLib.o)
 .debug_loc     0x000022a1      0x1e4 .\CortexM3\ARM_GCC_493\Debug\car.a(cyPm.o)
 .debug_loc     0x00002485      0x258 .\CortexM3\ARM_GCC_493\Debug\car.a(UART_net.o)
 .debug_loc     0x000026dd      0x12c .\CortexM3\ARM_GCC_493\Debug\car.a(UART_net_IntClock.o)
 .debug_loc     0x00002809       0x69 .\CortexM3\ARM_GCC_493\Debug\car.a(isr_rx_net.o)
 .debug_loc     0x00002872       0x42 .\CortexM3\ARM_GCC_493\Debug\car.a(KEY_UP.o)
 .debug_loc     0x000028b4       0x42 .\CortexM3\ARM_GCC_493\Debug\car.a(KEY_DOWN.o)
 .debug_loc     0x000028f6       0x42 .\CortexM3\ARM_GCC_493\Debug\car.a(KEY_LEFT.o)
 .debug_loc     0x00002938       0x42 .\CortexM3\ARM_GCC_493\Debug\car.a(KEY_RIGHT.o)
 .debug_loc     0x0000297a       0x56 .\CortexM3\ARM_GCC_493\Debug\car.a(isr_timer.o)
 .debug_loc     0x000029d0       0x42 .\CortexM3\ARM_GCC_493\Debug\car.a(Beep.o)
 .debug_loc     0x00002a12       0x42 .\CortexM3\ARM_GCC_493\Debug\car.a(KEY_SPEED_LOW.o)
 .debug_loc     0x00002a54       0x42 .\CortexM3\ARM_GCC_493\Debug\car.a(PTZ_UP.o)
 .debug_loc     0x00002a96       0x42 .\CortexM3\ARM_GCC_493\Debug\car.a(PTZ_DOWN.o)
 .debug_loc     0x00002ad8       0x42 .\CortexM3\ARM_GCC_493\Debug\car.a(PTZ_LEFT.o)
 .debug_loc     0x00002b1a       0x42 .\CortexM3\ARM_GCC_493\Debug\car.a(PTZ_RIGHT.o)
 .debug_loc     0x00002b5c       0x42 .\CortexM3\ARM_GCC_493\Debug\car.a(KEY_SPEED_HIGH.o)
 .debug_loc     0x00002b9e       0x42 .\CortexM3\ARM_GCC_493\Debug\car.a(LED_START.o)
 .debug_loc     0x00002be0       0x42 .\CortexM3\ARM_GCC_493\Debug\car.a(LED_LEFT_LOW.o)
 .debug_loc     0x00002c22       0x55 .\CortexM3\ARM_GCC_493\Debug\car.a(LED_DOWN_LOW.o)
 .debug_loc     0x00002c77       0x42 .\CortexM3\ARM_GCC_493\Debug\car.a(LED_UP_LOW.o)
 .debug_loc     0x00002cb9       0x42 .\CortexM3\ARM_GCC_493\Debug\car.a(LED_RIGHT_LOW.o)
 .debug_loc     0x00002cfb       0x42 .\CortexM3\ARM_GCC_493\Debug\car.a(LED_UP_HIGH.o)
 .debug_loc     0x00002d3d       0x42 .\CortexM3\ARM_GCC_493\Debug\car.a(LED_DOWN_HIGH.o)
 .debug_loc     0x00002d7f       0x42 .\CortexM3\ARM_GCC_493\Debug\car.a(LED_LEFT_HIGH.o)
 .debug_loc     0x00002dc1       0x42 .\CortexM3\ARM_GCC_493\Debug\car.a(LED_RIGHT_HIGH.o)
 .debug_loc     0x00002e03      0x300 .\CortexM3\ARM_GCC_493\Debug\car.a(CyFlash.o)
 .debug_loc     0x00003103      0x64d .\CortexM3\ARM_GCC_493\Debug\car.a(CySpc.o)

.debug_macinfo
 *(.debug_macinfo)

.debug_ranges   0x00000000      0xc50
 *(.debug_ranges)
 .debug_ranges  0x00000000       0x10 .\CortexM3\ARM_GCC_493\Debug\main.o
 .debug_ranges  0x00000010       0x80 .\CortexM3\ARM_GCC_493\Debug\Transfer.o
 .debug_ranges  0x00000090      0x178 .\CortexM3\ARM_GCC_493\Debug\key.o
 .debug_ranges  0x00000208       0x28 .\CortexM3\ARM_GCC_493\Debug\buzzer.o
 .debug_ranges  0x00000230       0x38 .\CortexM3\ARM_GCC_493\Debug\Cm3Start.o
 .debug_ranges  0x00000268       0x48 .\CortexM3\ARM_GCC_493\Debug\car.a(cyfitter_cfg.o)
 .debug_ranges  0x000002b0      0x288 .\CortexM3\ARM_GCC_493\Debug\car.a(CyLib.o)
 .debug_ranges  0x00000538       0x88 .\CortexM3\ARM_GCC_493\Debug\car.a(cyPm.o)
 .debug_ranges  0x000005c0       0xe0 .\CortexM3\ARM_GCC_493\Debug\car.a(UART_net.o)
 .debug_ranges  0x000006a0       0x60 .\CortexM3\ARM_GCC_493\Debug\car.a(UART_net_IntClock.o)
 .debug_ranges  0x00000700       0x70 .\CortexM3\ARM_GCC_493\Debug\car.a(isr_rx_net.o)
 .debug_ranges  0x00000770       0x28 .\CortexM3\ARM_GCC_493\Debug\car.a(KEY_UP.o)
 .debug_ranges  0x00000798       0x28 .\CortexM3\ARM_GCC_493\Debug\car.a(KEY_DOWN.o)
 .debug_ranges  0x000007c0       0x28 .\CortexM3\ARM_GCC_493\Debug\car.a(KEY_LEFT.o)
 .debug_ranges  0x000007e8       0x28 .\CortexM3\ARM_GCC_493\Debug\car.a(KEY_RIGHT.o)
 .debug_ranges  0x00000810       0x78 .\CortexM3\ARM_GCC_493\Debug\car.a(Timer_1.o)
 .debug_ranges  0x00000888       0x70 .\CortexM3\ARM_GCC_493\Debug\car.a(isr_timer.o)
 .debug_ranges  0x000008f8       0x28 .\CortexM3\ARM_GCC_493\Debug\car.a(Beep.o)
 .debug_ranges  0x00000920       0x28 .\CortexM3\ARM_GCC_493\Debug\car.a(KEY_SPEED_LOW.o)
 .debug_ranges  0x00000948       0x28 .\CortexM3\ARM_GCC_493\Debug\car.a(PTZ_UP.o)
 .debug_ranges  0x00000970       0x28 .\CortexM3\ARM_GCC_493\Debug\car.a(PTZ_DOWN.o)
 .debug_ranges  0x00000998       0x28 .\CortexM3\ARM_GCC_493\Debug\car.a(PTZ_LEFT.o)
 .debug_ranges  0x000009c0       0x28 .\CortexM3\ARM_GCC_493\Debug\car.a(PTZ_RIGHT.o)
 .debug_ranges  0x000009e8       0x28 .\CortexM3\ARM_GCC_493\Debug\car.a(KEY_SPEED_HIGH.o)
 .debug_ranges  0x00000a10       0x28 .\CortexM3\ARM_GCC_493\Debug\car.a(LED_START.o)
 .debug_ranges  0x00000a38       0x28 .\CortexM3\ARM_GCC_493\Debug\car.a(LED_LEFT_LOW.o)
 .debug_ranges  0x00000a60       0x28 .\CortexM3\ARM_GCC_493\Debug\car.a(LED_DOWN_LOW.o)
 .debug_ranges  0x00000a88       0x28 .\CortexM3\ARM_GCC_493\Debug\car.a(LED_UP_LOW.o)
 .debug_ranges  0x00000ab0       0x28 .\CortexM3\ARM_GCC_493\Debug\car.a(LED_RIGHT_LOW.o)
 .debug_ranges  0x00000ad8       0x28 .\CortexM3\ARM_GCC_493\Debug\car.a(LED_UP_HIGH.o)
 .debug_ranges  0x00000b00       0x28 .\CortexM3\ARM_GCC_493\Debug\car.a(LED_DOWN_HIGH.o)
 .debug_ranges  0x00000b28       0x28 .\CortexM3\ARM_GCC_493\Debug\car.a(LED_LEFT_HIGH.o)
 .debug_ranges  0x00000b50       0x28 .\CortexM3\ARM_GCC_493\Debug\car.a(LED_RIGHT_HIGH.o)
 .debug_ranges  0x00000b78       0x70 .\CortexM3\ARM_GCC_493\Debug\car.a(CyFlash.o)
 .debug_ranges  0x00000be8       0x68 .\CortexM3\ARM_GCC_493\Debug\car.a(CySpc.o)

.comment        0x00000000       0x70
 .comment       0x00000000       0x70 .\CortexM3\ARM_GCC_493\Debug\main.o
                                 0x71 (size before relaxing)
 .comment       0x00000000       0x71 .\CortexM3\ARM_GCC_493\Debug\Transfer.o
 .comment       0x00000000       0x71 .\CortexM3\ARM_GCC_493\Debug\car.o
 .comment       0x00000000       0x71 .\CortexM3\ARM_GCC_493\Debug\key.o
 .comment       0x00000000       0x71 .\CortexM3\ARM_GCC_493\Debug\buzzer.o
 .comment       0x00000000       0x71 .\CortexM3\ARM_GCC_493\Debug\cymetadata.o
 .comment       0x00000000       0x71 .\CortexM3\ARM_GCC_493\Debug\Cm3Start.o
 .comment       0x00000000       0x71 .\CortexM3\ARM_GCC_493\Debug\car.a(cyfitter_cfg.o)
 .comment       0x00000000       0x71 .\CortexM3\ARM_GCC_493\Debug\car.a(CyLib.o)
 .comment       0x00000000       0x71 .\CortexM3\ARM_GCC_493\Debug\car.a(cyPm.o)
 .comment       0x00000000       0x71 .\CortexM3\ARM_GCC_493\Debug\car.a(UART_net.o)
 .comment       0x00000000       0x71 .\CortexM3\ARM_GCC_493\Debug\car.a(UART_net_IntClock.o)
 .comment       0x00000000       0x71 .\CortexM3\ARM_GCC_493\Debug\car.a(isr_rx_net.o)
 .comment       0x00000000       0x71 .\CortexM3\ARM_GCC_493\Debug\car.a(KEY_UP.o)
 .comment       0x00000000       0x71 .\CortexM3\ARM_GCC_493\Debug\car.a(KEY_DOWN.o)
 .comment       0x00000000       0x71 .\CortexM3\ARM_GCC_493\Debug\car.a(KEY_LEFT.o)
 .comment       0x00000000       0x71 .\CortexM3\ARM_GCC_493\Debug\car.a(KEY_RIGHT.o)
 .comment       0x00000000       0x71 .\CortexM3\ARM_GCC_493\Debug\car.a(Timer_1.o)
 .comment       0x00000000       0x71 .\CortexM3\ARM_GCC_493\Debug\car.a(isr_timer.o)
 .comment       0x00000000       0x71 .\CortexM3\ARM_GCC_493\Debug\car.a(Beep.o)
 .comment       0x00000000       0x71 .\CortexM3\ARM_GCC_493\Debug\car.a(KEY_SPEED_LOW.o)
 .comment       0x00000000       0x71 .\CortexM3\ARM_GCC_493\Debug\car.a(PTZ_UP.o)
 .comment       0x00000000       0x71 .\CortexM3\ARM_GCC_493\Debug\car.a(PTZ_DOWN.o)
 .comment       0x00000000       0x71 .\CortexM3\ARM_GCC_493\Debug\car.a(PTZ_LEFT.o)
 .comment       0x00000000       0x71 .\CortexM3\ARM_GCC_493\Debug\car.a(PTZ_RIGHT.o)
 .comment       0x00000000       0x71 .\CortexM3\ARM_GCC_493\Debug\car.a(KEY_SPEED_HIGH.o)
 .comment       0x00000000       0x71 .\CortexM3\ARM_GCC_493\Debug\car.a(LED_START.o)
 .comment       0x00000000       0x71 .\CortexM3\ARM_GCC_493\Debug\car.a(LED_LEFT_LOW.o)
 .comment       0x00000000       0x71 .\CortexM3\ARM_GCC_493\Debug\car.a(LED_DOWN_LOW.o)
 .comment       0x00000000       0x71 .\CortexM3\ARM_GCC_493\Debug\car.a(LED_UP_LOW.o)
 .comment       0x00000000       0x71 .\CortexM3\ARM_GCC_493\Debug\car.a(LED_RIGHT_LOW.o)
 .comment       0x00000000       0x71 .\CortexM3\ARM_GCC_493\Debug\car.a(LED_UP_HIGH.o)
 .comment       0x00000000       0x71 .\CortexM3\ARM_GCC_493\Debug\car.a(LED_DOWN_HIGH.o)
 .comment       0x00000000       0x71 .\CortexM3\ARM_GCC_493\Debug\car.a(LED_LEFT_HIGH.o)
 .comment       0x00000000       0x71 .\CortexM3\ARM_GCC_493\Debug\car.a(LED_RIGHT_HIGH.o)
 .comment       0x00000000       0x71 .\CortexM3\ARM_GCC_493\Debug\car.a(CyFlash.o)
 .comment       0x00000000       0x71 .\CortexM3\ARM_GCC_493\Debug\car.a(CySpc.o)

.debug_weaknames
 *(.debug_weaknames)

.debug_funcnames
 *(.debug_funcnames)

.debug_typenames
 *(.debug_typenames)

.debug_varnames
 *(.debug_varnames)

.note.gnu.arm.ident
 *(.note.gnu.arm.ident)

.ARM.attributes
                0x00000000       0x29
 *(.ARM.attributes)
 .ARM.attributes
                0x00000000       0x1d c:/program files (x86)/cypress/psoc creator/3.3/psoc creator/import/gnu/arm/4.9.3/bin/../lib/gcc/arm-none-eabi/4.9.3/armv7-m/crti.o
 .ARM.attributes
                0x0000001d       0x2d c:/program files (x86)/cypress/psoc creator/3.3/psoc creator/import/gnu/arm/4.9.3/bin/../lib/gcc/arm-none-eabi/4.9.3/armv7-m/crtbegin.o
 .ARM.attributes
                0x0000004a       0x1b c:/program files (x86)/cypress/psoc creator/3.3/psoc creator/import/gnu/arm/4.9.3/bin/../lib/gcc/arm-none-eabi/4.9.3/../../../../arm-none-eabi/lib/armv7-m/crt0.o
 .ARM.attributes
                0x00000065       0x33 .\CortexM3\ARM_GCC_493\Debug\main.o
 .ARM.attributes
                0x00000098       0x33 .\CortexM3\ARM_GCC_493\Debug\Transfer.o
 .ARM.attributes
                0x000000cb       0x33 .\CortexM3\ARM_GCC_493\Debug\car.o
 .ARM.attributes
                0x000000fe       0x33 .\CortexM3\ARM_GCC_493\Debug\key.o
 .ARM.attributes
                0x00000131       0x33 .\CortexM3\ARM_GCC_493\Debug\buzzer.o
 .ARM.attributes
                0x00000164       0x33 .\CortexM3\ARM_GCC_493\Debug\cymetadata.o
 .ARM.attributes
                0x00000197       0x33 .\CortexM3\ARM_GCC_493\Debug\Cm3Start.o
 .ARM.attributes
                0x000001ca       0x33 .\CortexM3\ARM_GCC_493\Debug\car.a(cyfitter_cfg.o)
 .ARM.attributes
                0x000001fd       0x21 .\CortexM3\ARM_GCC_493\Debug\car.a(CyBootAsmGnu.o)
 .ARM.attributes
                0x0000021e       0x33 .\CortexM3\ARM_GCC_493\Debug\car.a(CyLib.o)
 .ARM.attributes
                0x00000251       0x33 .\CortexM3\ARM_GCC_493\Debug\car.a(cyPm.o)
 .ARM.attributes
                0x00000284       0x33 .\CortexM3\ARM_GCC_493\Debug\car.a(UART_net.o)
 .ARM.attributes
                0x000002b7       0x33 .\CortexM3\ARM_GCC_493\Debug\car.a(UART_net_IntClock.o)
 .ARM.attributes
                0x000002ea       0x33 .\CortexM3\ARM_GCC_493\Debug\car.a(isr_rx_net.o)
 .ARM.attributes
                0x0000031d       0x33 .\CortexM3\ARM_GCC_493\Debug\car.a(KEY_UP.o)
 .ARM.attributes
                0x00000350       0x33 .\CortexM3\ARM_GCC_493\Debug\car.a(KEY_DOWN.o)
 .ARM.attributes
                0x00000383       0x33 .\CortexM3\ARM_GCC_493\Debug\car.a(KEY_LEFT.o)
 .ARM.attributes
                0x000003b6       0x33 .\CortexM3\ARM_GCC_493\Debug\car.a(KEY_RIGHT.o)
 .ARM.attributes
                0x000003e9       0x33 .\CortexM3\ARM_GCC_493\Debug\car.a(Timer_1.o)
 .ARM.attributes
                0x0000041c       0x33 .\CortexM3\ARM_GCC_493\Debug\car.a(isr_timer.o)
 .ARM.attributes
                0x0000044f       0x33 .\CortexM3\ARM_GCC_493\Debug\car.a(Beep.o)
 .ARM.attributes
                0x00000482       0x33 .\CortexM3\ARM_GCC_493\Debug\car.a(KEY_SPEED_LOW.o)
 .ARM.attributes
                0x000004b5       0x33 .\CortexM3\ARM_GCC_493\Debug\car.a(PTZ_UP.o)
 .ARM.attributes
                0x000004e8       0x33 .\CortexM3\ARM_GCC_493\Debug\car.a(PTZ_DOWN.o)
 .ARM.attributes
                0x0000051b       0x33 .\CortexM3\ARM_GCC_493\Debug\car.a(PTZ_LEFT.o)
 .ARM.attributes
                0x0000054e       0x33 .\CortexM3\ARM_GCC_493\Debug\car.a(PTZ_RIGHT.o)
 .ARM.attributes
                0x00000581       0x33 .\CortexM3\ARM_GCC_493\Debug\car.a(KEY_SPEED_HIGH.o)
 .ARM.attributes
                0x000005b4       0x33 .\CortexM3\ARM_GCC_493\Debug\car.a(LED_START.o)
 .ARM.attributes
                0x000005e7       0x33 .\CortexM3\ARM_GCC_493\Debug\car.a(LED_LEFT_LOW.o)
 .ARM.attributes
                0x0000061a       0x33 .\CortexM3\ARM_GCC_493\Debug\car.a(LED_DOWN_LOW.o)
 .ARM.attributes
                0x0000064d       0x33 .\CortexM3\ARM_GCC_493\Debug\car.a(LED_UP_LOW.o)
 .ARM.attributes
                0x00000680       0x33 .\CortexM3\ARM_GCC_493\Debug\car.a(LED_RIGHT_LOW.o)
 .ARM.attributes
                0x000006b3       0x33 .\CortexM3\ARM_GCC_493\Debug\car.a(LED_UP_HIGH.o)
 .ARM.attributes
                0x000006e6       0x33 .\CortexM3\ARM_GCC_493\Debug\car.a(LED_DOWN_HIGH.o)
 .ARM.attributes
                0x00000719       0x33 .\CortexM3\ARM_GCC_493\Debug\car.a(LED_LEFT_HIGH.o)
 .ARM.attributes
                0x0000074c       0x33 .\CortexM3\ARM_GCC_493\Debug\car.a(LED_RIGHT_HIGH.o)
 .ARM.attributes
                0x0000077f       0x33 .\CortexM3\ARM_GCC_493\Debug\car.a(CyFlash.o)
 .ARM.attributes
                0x000007b2       0x33 .\CortexM3\ARM_GCC_493\Debug\car.a(CySpc.o)
 .ARM.attributes
                0x000007e5       0x2d c:/program files (x86)/cypress/psoc creator/3.3/psoc creator/import/gnu/arm/4.9.3/bin/../lib/gcc/arm-none-eabi/4.9.3/../../../../arm-none-eabi/lib/armv7-m\libg_nano.a(lib_a-errno.o)
 .ARM.attributes
                0x00000812       0x2d c:/program files (x86)/cypress/psoc creator/3.3/psoc creator/import/gnu/arm/4.9.3/bin/../lib/gcc/arm-none-eabi/4.9.3/../../../../arm-none-eabi/lib/armv7-m\libg_nano.a(lib_a-exit.o)
 .ARM.attributes
                0x0000083f       0x2d c:/program files (x86)/cypress/psoc creator/3.3/psoc creator/import/gnu/arm/4.9.3/bin/../lib/gcc/arm-none-eabi/4.9.3/../../../../arm-none-eabi/lib/armv7-m\libg_nano.a(lib_a-impure.o)
 .ARM.attributes
                0x0000086c       0x2d c:/program files (x86)/cypress/psoc creator/3.3/psoc creator/import/gnu/arm/4.9.3/bin/../lib/gcc/arm-none-eabi/4.9.3/../../../../arm-none-eabi/lib/armv7-m\libg_nano.a(lib_a-init.o)
 .ARM.attributes
                0x00000899       0x2d c:/program files (x86)/cypress/psoc creator/3.3/psoc creator/import/gnu/arm/4.9.3/bin/../lib/gcc/arm-none-eabi/4.9.3/../../../../arm-none-eabi/lib/armv7-m\libg_nano.a(lib_a-memcpy.o)
 .ARM.attributes
                0x000008c6       0x2d c:/program files (x86)/cypress/psoc creator/3.3/psoc creator/import/gnu/arm/4.9.3/bin/../lib/gcc/arm-none-eabi/4.9.3/../../../../arm-none-eabi/lib/armv7-m\libg_nano.a(lib_a-memset.o)
 .ARM.attributes
                0x000008f3       0x2d c:/program files (x86)/cypress/psoc creator/3.3/psoc creator/import/gnu/arm/4.9.3/bin/../lib/gcc/arm-none-eabi/4.9.3/armv7-m/crtend.o
 .ARM.attributes
                0x00000920       0x1d c:/program files (x86)/cypress/psoc creator/3.3/psoc creator/import/gnu/arm/4.9.3/bin/../lib/gcc/arm-none-eabi/4.9.3/armv7-m/crtn.o

/DISCARD/
 *(.note.GNU-stack)
OUTPUT(.\CortexM3\ARM_GCC_493\Debug\car.elf elf32-littlearm)
