Archive member included because of file (symbol)

.\CortexM3\ARM_GCC_493\Debug\car.a(cyfitter_cfg.o)
                              .\CortexM3\ARM_GCC_493\Debug\Cm3Start.o (cyfitter_cfg)
.\CortexM3\ARM_GCC_493\Debug\car.a(CyBootAsmGnu.o)
                              .\CortexM3\ARM_GCC_493\Debug\car.a(cyfitter_cfg.o) (CyDelayCycles)
.\CortexM3\ARM_GCC_493\Debug\car.a(CyDmac.o)
                              .\CortexM3\ARM_GCC_493\Debug\Cm3Start.o (CyDmacConfigure)
.\CortexM3\ARM_GCC_493\Debug\car.a(CyLib.o)
                              .\CortexM3\ARM_GCC_493\Debug\Cm3Start.o (CyHalt)
.\CortexM3\ARM_GCC_493\Debug\car.a(cyPm.o)
                              .\CortexM3\ARM_GCC_493\Debug\car.a(CyLib.o) (CyPmReadStatus)
.\CortexM3\ARM_GCC_493\Debug\car.a(UART_net.o)
                              .\CortexM3\ARM_GCC_493\Debug\main.o (UART_net_Init)
.\CortexM3\ARM_GCC_493\Debug\car.a(UART_net_IntClock.o)
                              .\CortexM3\ARM_GCC_493\Debug\car.a(UART_net.o) (UART_net_IntClock_Start)
.\CortexM3\ARM_GCC_493\Debug\car.a(isr_rx_net.o)
                              .\CortexM3\ARM_GCC_493\Debug\main.o (isr_rx_net_Start)
.\CortexM3\ARM_GCC_493\Debug\car.a(Timer_1.o)
                              .\CortexM3\ARM_GCC_493\Debug\main.o (Timer_1_Start)
.\CortexM3\ARM_GCC_493\Debug\car.a(isr_timer.o)
                              .\CortexM3\ARM_GCC_493\Debug\main.o (time_1s_state)
.\CortexM3\ARM_GCC_493\Debug\car.a(STR2.o)
                              .\CortexM3\ARM_GCC_493\Debug\key.o (STR2_Read)
.\CortexM3\ARM_GCC_493\Debug\car.a(STR1.o)
                              .\CortexM3\ARM_GCC_493\Debug\key.o (STR1_Read)
.\CortexM3\ARM_GCC_493\Debug\car.a(MSR_LOW.o)
                              .\CortexM3\ARM_GCC_493\Debug\key.o (MSR_LOW_Read)
.\CortexM3\ARM_GCC_493\Debug\car.a(MSR_HIGH.o)
                              .\CortexM3\ARM_GCC_493\Debug\key.o (MSR_HIGH_Read)
.\CortexM3\ARM_GCC_493\Debug\car.a(SWITCH_1_LOW.o)
                              .\CortexM3\ARM_GCC_493\Debug\key.o (SWITCH_1_LOW_Read)
.\CortexM3\ARM_GCC_493\Debug\car.a(SWITCH_1_HIGH.o)
                              .\CortexM3\ARM_GCC_493\Debug\key.o (SWITCH_1_HIGH_Read)
.\CortexM3\ARM_GCC_493\Debug\car.a(SWITCH_2_LOW.o)
                              .\CortexM3\ARM_GCC_493\Debug\key.o (SWITCH_2_LOW_Read)
.\CortexM3\ARM_GCC_493\Debug\car.a(SWITCH_2_HIGH.o)
                              .\CortexM3\ARM_GCC_493\Debug\key.o (SWITCH_2_HIGH_Read)
.\CortexM3\ARM_GCC_493\Debug\car.a(ADC.o)
                              .\CortexM3\ARM_GCC_493\Debug\ADC_V.o (ADC_Start)
.\CortexM3\ARM_GCC_493\Debug\car.a(ADC_INT.o)
                              .\CortexM3\ARM_GCC_493\Debug\car.a(ADC.o) (ADC_ISR)
.\CortexM3\ARM_GCC_493\Debug\car.a(ADC_SAR.o)
                              .\CortexM3\ARM_GCC_493\Debug\car.a(ADC.o) (ADC_SAR_shift)
.\CortexM3\ARM_GCC_493\Debug\car.a(ADC_TempBuf_dma.o)
                              .\CortexM3\ARM_GCC_493\Debug\car.a(ADC.o) (ADC_TempBuf_DmaInitialize)
.\CortexM3\ARM_GCC_493\Debug\car.a(ADC_FinalBuf_dma.o)
                              .\CortexM3\ARM_GCC_493\Debug\car.a(ADC.o) (ADC_FinalBuf_DmaInitialize)
.\CortexM3\ARM_GCC_493\Debug\car.a(ADC_IRQ.o)
                              .\CortexM3\ARM_GCC_493\Debug\car.a(ADC.o) (ADC_IRQ_SetVector)
.\CortexM3\ARM_GCC_493\Debug\car.a(WARNING_GREEN.o)
                              .\CortexM3\ARM_GCC_493\Debug\main.o (WARNING_GREEN_Write)
.\CortexM3\ARM_GCC_493\Debug\car.a(WARNING_BLUE.o)
                              .\CortexM3\ARM_GCC_493\Debug\main.o (WARNING_BLUE_Write)
.\CortexM3\ARM_GCC_493\Debug\car.a(WARNING_RED.o)
                              .\CortexM3\ARM_GCC_493\Debug\main.o (WARNING_RED_Write)
.\CortexM3\ARM_GCC_493\Debug\car.a(CyFlash.o)
                              .\CortexM3\ARM_GCC_493\Debug\car.a(cyPm.o) (CyFlash_SetWaitCycles)
.\CortexM3\ARM_GCC_493\Debug\car.a(CySpc.o)
                              .\CortexM3\ARM_GCC_493\Debug\car.a(CyFlash.o) (CySpcStart)
c:/program files (x86)/cypress/psoc creator/3.3/psoc creator/import/gnu/arm/4.9.3/bin/../lib/gcc/arm-none-eabi/4.9.3/armv7-m\libgcc.a(_arm_addsubsf3.o)
                              .\CortexM3\ARM_GCC_493\Debug\car.a(ADC_SAR.o) (__aeabi_i2f)
c:/program files (x86)/cypress/psoc creator/3.3/psoc creator/import/gnu/arm/4.9.3/bin/../lib/gcc/arm-none-eabi/4.9.3/armv7-m\libgcc.a(_arm_muldivsf3.o)
                              .\CortexM3\ARM_GCC_493\Debug\car.a(ADC_SAR.o) (__aeabi_fmul)
c:/program files (x86)/cypress/psoc creator/3.3/psoc creator/import/gnu/arm/4.9.3/bin/../lib/gcc/arm-none-eabi/4.9.3/armv7-m\libgcc.a(_aeabi_ldivmod.o)
                              .\CortexM3\ARM_GCC_493\Debug\car.a(ADC_SAR.o) (__aeabi_ldivmod)
c:/program files (x86)/cypress/psoc creator/3.3/psoc creator/import/gnu/arm/4.9.3/bin/../lib/gcc/arm-none-eabi/4.9.3/armv7-m\libgcc.a(bpabi.o)
[...]
Memory Configuration

Name             Origin             Length             Attributes
rom              0x00000000         0x00020000         xr
ram              0x1fffc000         0x00008000         xrw
*default*        0x00000000         0xffffffff

Linker script and memory map

LOAD c:/program files (x86)/cypress/psoc creator/3.3/psoc creator/import/gnu/arm/4.9.3/bin/../lib/gcc/arm-none-eabi/4.9.3/armv7-m/crti.o
LOAD c:/program files (x86)/cypress/psoc creator/3.3/psoc creator/import/gnu/arm/4.9.3/bin/../lib/gcc/arm-none-eabi/4.9.3/armv7-m/crtbegin.o
LOAD c:/program files (x86)/cypress/psoc creator/3.3/psoc creator/import/gnu/arm/4.9.3/bin/../lib/gcc/arm-none-eabi/4.9.3/../../../../arm-none-eabi/lib/armv7-m/crt0.o
START GROUP
LOAD .\CortexM3\ARM_GCC_493\Debug\main.o
LOAD .\CortexM3\ARM_GCC_493\Debug\Transfer.o
LOAD .\CortexM3\ARM_GCC_493\Debug\car.o
LOAD .\CortexM3\ARM_GCC_493\Debug\key.o
LOAD .\CortexM3\ARM_GCC_493\Debug\ADC_V.o
LOAD .\CortexM3\ARM_GCC_493\Debug\cymetadata.o
LOAD .\CortexM3\ARM_GCC_493\Debug\Cm3Start.o
LOAD .\CortexM3\ARM_GCC_493\Debug\car.a
LOAD C:\Program Files (x86)\Cypress\PSoC Creator\3.3\PSoC Creator\psoc\content\cycomponentlibrary\CyComponentLibrary.cylib\CortexM3\ARM_GCC_493\Debug\CyComponentLibrary.a
END GROUP
START GROUP
LOAD c:/program files (x86)/cypress/psoc creator/3.3/psoc creator/import/gnu/arm/4.9.3/bin/../lib/gcc/arm-none-eabi/4.9.3/armv7-m\libgcc.a
LOAD c:/program files (x86)/cypress/psoc creator/3.3/psoc creator/import/gnu/arm/4.9.3/bin/../lib/gcc/arm-none-eabi/4.9.3/../../../../arm-none-eabi/lib/armv7-m\libg_nano.a
LOAD c:/program files (x86)/cypress/psoc creator/3.3/psoc creator/import/gnu/arm/4.9.3/bin/../lib/gcc/arm-none-eabi/4.9.3/../../../../arm-none-eabi/lib/armv7-m\libc_nano.a
END GROUP
START GROUP
LOAD c:/program files (x86)/cypress/psoc creator/3.3/psoc creator/import/gnu/arm/4.9.3/bin/../lib/gcc/arm-none-eabi/4.9.3/armv7-m\libgcc.a
LOAD c:/program files (x86)/cypress/psoc creator/3.3/psoc creator/import/gnu/arm/4.9.3/bin/../lib/gcc/arm-none-eabi/4.9.3/../../../../arm-none-eabi/lib/armv7-m\libc_nano.a
END GROUP
LOAD c:/program files (x86)/cypress/psoc creator/3.3/psoc creator/import/gnu/arm/4.9.3/bin/../lib/gcc/arm-none-eabi/4.9.3/armv7-m/crtend.o
LOAD c:/program files (x86)/cypress/psoc creator/3.3/psoc creator/import/gnu/arm/4.9.3/bin/../lib/gcc/arm-none-eabi/4.9.3/armv7-m/crtn.o
START GROUP
LOAD c:/program files (x86)/cypress/psoc creator/3.3/psoc creator/import/gnu/arm/4.9.3/bin/../lib/gcc/arm-none-eabi/4.9.3/armv7-m\libgcc.a
LOAD c:/program files (x86)/cypress/psoc creator/3.3/psoc creator/import/gnu/arm/4.9.3/bin/../lib/gcc/arm-none-eabi/4.9.3/../../../../arm-none-eabi/lib/armv7-m\libc.a
LOAD c:/program files (x86)/cypress/psoc creator/3.3/psoc creator/import/gnu/arm/4.9.3/bin/../lib/gcc/arm-none-eabi/4.9.3/../../../../arm-none-eabi/lib/armv7-m\libnosys.a
END GROUP
                0x00000000                CY_APPL_ORIGIN = 0x0
                0x00000100                CY_FLASH_ROW_SIZE = 0x100
                0x00000020                CY_ECC_ROW_SIZE = 0x20
                0x00000000                CY_EE_IN_BTLDR = 0x0
                0x00000000                CY_APPL_LOADABLE = 0x0
                0x00000800                CY_EE_SIZE = 0x800
                0x00000001                CY_APPL_NUM = 0x1
                0x00000001                CY_APPL_MAX = 0x1
                0x00000040                CY_METADATA_SIZE = 0x40
                0x00000000                CY_APPL_LOADABLE = 0x0
                0x00000000                CY_CHECKSUM_EXCLUDE_SIZE = ALIGN (0x0, CY_FLASH_ROW_SIZE)
                0x1fffc5d0                PROVIDE (__cy_heap_start, _end)
                0x00000001                PROVIDE (__cy_region_num, ((__cy_regions_end - __cy_regions) / 0x10))
                0x20004000                PROVIDE (__cy_stack, (ORIGIN (ram) + 0x8000))
                0x20003800                PROVIDE (__cy_heap_end, (__cy_stack - 0x800))

.cybootloader   0x00000000        0x0
 *(.cybootloader)
                0x00000000                appl1_start = CY_APPL_ORIGIN?CY_APPL_ORIGIN:ALIGN (CY_FLASH_ROW_SIZE)
                0x0000ff00                appl2_start = (appl1_start + ALIGN ((((0x20000 - appl1_start) - (0x2 * CY_FLASH_ROW_SIZE)) / 0x2), CY_FLASH_ROW_SIZE))
                0x00000000                appl_start = (CY_APPL_NUM == 0x1)?appl1_start:appl2_start
                0x00000000                ecc_offset = ((appl_start / CY_FLASH_ROW_SIZE) * CY_ECC_ROW_SIZE)
                0x00000000                ee_offset = (CY_APPL_LOADABLE && ! (CY_EE_IN_BTLDR))?((CY_EE_SIZE / CY_APPL_MAX) * (CY_APPL_NUM - 0x1)):0x0
                0x00000800                ee_size = (CY_APPL_LOADABLE && ! (CY_EE_IN_BTLDR))?(CY_EE_SIZE / CY_APPL_MAX):CY_EE_SIZE
                0x00000000                PROVIDE (CY_ECC_OFFSET, ecc_offset)

.text           0x00000000     0x2564
 CREATE_OBJECT_SYMBOLS
                0x00000000                PROVIDE (__cy_interrupt_vector, RomVectors)
 *(.romvectors)
 .romvectors    0x00000000       0x10 .\CortexM3\ARM_GCC_493\Debug\Cm3Start.o
                0x00000000                RomVectors
                0x00000001                ASSERT ((. != __cy_interrupt_vector), No interrupt vector)
                0x00000001                ASSERT (CY_APPL_ORIGIN?(SIZEOF (.cybootloader) <= CY_APPL_ORIGIN):0x1, Wrong image location)
                0x00000010                PROVIDE (__cy_reset, Reset)
 *(.text.Reset)
 .text.Reset    0x00000010       0x18 .\CortexM3\ARM_GCC_493\Debug\Cm3Start.o
                0x00000010                Reset
                0x00000001                ASSERT ((. != __cy_reset), No reset code)
 *(.dma_init)
                0x00000001                ASSERT ((((appl_start + .) <= 0x10000) || 0x1), DMA Init must be within the first 64k of flash)
 *(.text .text.* .gnu.linkonce.t.*)
 .text          0x00000028       0x5c c:/program files (x86)/cypress/psoc creator/3.3/psoc creator/import/gnu/arm/4.9.3/bin/../lib/gcc/arm-none-eabi/4.9.3/armv7-m/crtbegin.o
 .text.main     0x00000084       0xdc .\CortexM3\ARM_GCC_493\Debug\main.o
                0x00000084                main
 .text._write   0x00000160       0x1c .\CortexM3\ARM_GCC_493\Debug\main.o
                0x00000160                _write
 .text.DT_Send_Data
                0x0000017c        0x8 .\CortexM3\ARM_GCC_493\Debug\Transfer.o
                0x0000017c                DT_Send_Data
 .text.DT_Send_Check
                0x00000184       0x3c .\CortexM3\ARM_GCC_493\Debug\Transfer.o
 .text.DT_Data_Receive_Anl
                0x000001c0       0x8c .\CortexM3\ARM_GCC_493\Debug\Transfer.o
                0x000001c0                DT_Data_Receive_Anl
 .text.DT_Data_Receive_Prepare
                0x0000024c       0xac .\CortexM3\ARM_GCC_493\Debug\Transfer.o
                0x0000024c                DT_Data_Receive_Prepare
 .text.Callback_STR1_press_up
                0x000002f8       0x18 .\CortexM3\ARM_GCC_493\Debug\key.o
                0x000002f8                Callback_STR1_press_up
 .text.Callback_STR1_down
                0x00000310       0x18 .\CortexM3\ARM_GCC_493\Debug\key.o
                0x00000310                Callback_STR1_down
 .text.Callback_STR2_press_up
                0x00000328       0x18 .\CortexM3\ARM_GCC_493\Debug\key.o
                0x00000328                Callback_STR2_press_up
 .text.Callback_STR2_press_down
                0x00000340       0x18 .\CortexM3\ARM_GCC_493\Debug\key.o
                0x00000340                Callback_STR2_press_down
 .text.Callback_MSR_low_press_up
                0x00000358       0x18 .\CortexM3\ARM_GCC_493\Debug\key.o
                0x00000358                Callback_MSR_low_press_up
 .text.Callback_MSR_low_press_down
                0x00000370       0x18 .\CortexM3\ARM_GCC_493\Debug\key.o
                0x00000370                Callback_MSR_low_press_down
 .text.Callback_MSR_high_press_up
                0x00000388       0x18 .\CortexM3\ARM_GCC_493\Debug\key.o
                0x00000388                Callback_MSR_high_press_up
 .text.Callback_MSR_high_press_down
                0x000003a0       0x18 .\CortexM3\ARM_GCC_493\Debug\key.o
                0x000003a0                Callback_MSR_high_press_down
 .text.Callback_SWITCH_1_low_press_up
                0x000003b8       0x18 .\CortexM3\ARM_GCC_493\Debug\key.o
                0x000003b8                Callback_SWITCH_1_low_press_up
 .text.Callback_SWITCH_1_low_press_down
                0x000003d0       0x18 .\CortexM3\ARM_GCC_493\Debug\key.o
                0x000003d0                Callback_SWITCH_1_low_press_down
 .text.Callback_SWITCH_1_high_press_up
                0x000003e8       0x18 .\CortexM3\ARM_GCC_493\Debug\key.o
                0x000003e8                Callback_SWITCH_1_high_press_up
 .text.Callback_SWITCH_1_high_press_down
                0x00000400       0x18 .\CortexM3\ARM_GCC_493\Debug\key.o
                0x00000400                Callback_SWITCH_1_high_press_down
 .text.Callback_SWITCH_2_low_press_up
                0x00000418       0x18 .\CortexM3\ARM_GCC_493\Debug\key.o
                0x00000418                Callback_SWITCH_2_low_press_up
 .text.Callback_SWITCH_2_low_press_down
                0x00000430       0x18 .\CortexM3\ARM_GCC_493\Debug\key.o
                0x00000430                Callback_SWITCH_2_low_press_down
 .text.Callback_SWITCH_2_high_press_up
                0x00000448       0x18 .\CortexM3\ARM_GCC_493\Debug\key.o
                0x00000448                Callback_SWITCH_2_high_press_up
 .text.Callback_SWITCH_2_high_press_down
                0x00000460       0x18 .\CortexM3\ARM_GCC_493\Debug\key.o
                0x00000460                Callback_SWITCH_2_high_press_down
 .text.button_init
                0x00000478       0x24 .\CortexM3\ARM_GCC_493\Debug\key.o
                0x00000478                button_init
 .text.button_attach
                0x0000049c        0x8 .\CortexM3\ARM_GCC_493\Debug\key.o
                0x0000049c                button_attach
 .text.button_handler
                0x000004a4      0x1f8 .\CortexM3\ARM_GCC_493\Debug\key.o
                0x000004a4                button_handler
 .text.button_start
                0x0000069c       0x28 .\CortexM3\ARM_GCC_493\Debug\key.o
                0x0000069c                button_start
 .text.init_button
                0x000006c4      0x244 .\CortexM3\ARM_GCC_493\Debug\key.o
                0x000006c4                init_button
 .text.button_ticks
                0x00000908       0x1c .\CortexM3\ARM_GCC_493\Debug\key.o
                0x00000908                button_ticks
 .text.Monitor_Battery_Init
                0x00000924        0xc .\CortexM3\ARM_GCC_493\Debug\ADC_V.o
                0x00000924                Monitor_Battery_Init
 .text.Get_Battery_ADvalue
                0x00000930       0x4c .\CortexM3\ARM_GCC_493\Debug\ADC_V.o
                0x00000930                Get_Battery_ADvalue
 .text.Cal_Battery_loop
                0x0000097c       0x74 .\CortexM3\ARM_GCC_493\Debug\ADC_V.o
                0x0000097c                Cal_Battery_loop
 .text.IntDefaultHandler
                0x000009f0        0x4 .\CortexM3\ARM_GCC_493\Debug\Cm3Start.o
                0x000009f0                IntDefaultHandler
 .text._sbrk    0x000009f4       0x30 .\CortexM3\ARM_GCC_493\Debug\Cm3Start.o
                0x000009f4                _sbrk
 .text.Start_c  0x00000a24       0x4c .\CortexM3\ARM_GCC_493\Debug\Cm3Start.o
                0x00000a24                Start_c
 .text.initialize_psoc
                0x00000a70       0x78 .\CortexM3\ARM_GCC_493\Debug\Cm3Start.o
                0x00000a70                initialize_psoc
 .text.CyClockStartupError
                0x00000ae8        0x4 .\CortexM3\ARM_GCC_493\Debug\car.a(cyfitter_cfg.o)
 .text.cfg_write_bytes32
                0x00000aec       0x34 .\CortexM3\ARM_GCC_493\Debug\car.a(cyfitter_cfg.o)
 .text.AnalogSetDefault
                0x00000b20       0x94 .\CortexM3\ARM_GCC_493\Debug\car.a(cyfitter_cfg.o)
 .text.CYMEMZERO
                0x00000bb4        0xc .\CortexM3\ARM_GCC_493\Debug\car.a(cyfitter_cfg.o)
 .text.ClockSetup
                0x00000bc0       0xc0 .\CortexM3\ARM_GCC_493\Debug\car.a(cyfitter_cfg.o)
 .text.CYCONFIGCPY
                0x00000c80        0x8 .\CortexM3\ARM_GCC_493\Debug\car.a(cyfitter_cfg.o)
 .text.cyfitter_cfg
                0x00000c88      0x160 .\CortexM3\ARM_GCC_493\Debug\car.a(cyfitter_cfg.o)
                0x00000c88                cyfitter_cfg
 .text          0x00000de8       0x20 .\CortexM3\ARM_GCC_493\Debug\car.a(CyBootAsmGnu.o)
                0x00000de8                CyDelayCycles
                0x00000df8                CyEnterCriticalSection
                0x00000e00                CyExitCriticalSection
 .text.CyDmacConfigure
                0x00000e08       0x34 .\CortexM3\ARM_GCC_493\Debug\car.a(CyDmac.o)
                0x00000e08                CyDmacConfigure
 .text.CyDmaChEnable
                0x00000e3c       0x38 .\CortexM3\ARM_GCC_493\Debug\car.a(CyDmac.o)
                0x00000e3c                CyDmaChEnable
 .text.CyDmaClearPendingDrq
                0x00000e74       0x28 .\CortexM3\ARM_GCC_493\Debug\car.a(CyDmac.o)
                0x00000e74                CyDmaClearPendingDrq
 .text.CyDmaChPriority
                0x00000e9c       0x24 .\CortexM3\ARM_GCC_493\Debug\car.a(CyDmac.o)
                0x00000e9c                CyDmaChPriority
 .text.CyDmaChSetExtendedAddress
                0x00000ec0       0x34 .\CortexM3\ARM_GCC_493\Debug\car.a(CyDmac.o)
                0x00000ec0                CyDmaChSetExtendedAddress
 .text.CyDmaChSetInitialTd
                0x00000ef4       0x18 .\CortexM3\ARM_GCC_493\Debug\car.a(CyDmac.o)
                0x00000ef4                CyDmaChSetInitialTd
 .text.CyDmaChSetConfiguration
                0x00000f0c       0x48 .\CortexM3\ARM_GCC_493\Debug\car.a(CyDmac.o)
                0x00000f0c                CyDmaChSetConfiguration
 .text.CyDmaTdAllocate
                0x00000f54       0x34 .\CortexM3\ARM_GCC_493\Debug\car.a(CyDmac.o)
                0x00000f54                CyDmaTdAllocate
 .text.CyDmaTdSetConfiguration
                0x00000f88       0x28 .\CortexM3\ARM_GCC_493\Debug\car.a(CyDmac.o)
                0x00000f88                CyDmaTdSetConfiguration
 .text.CyDmaTdSetAddress
                0x00000fb0       0x1c .\CortexM3\ARM_GCC_493\Debug\car.a(CyDmac.o)
                0x00000fb0                CyDmaTdSetAddress
 .text.CyHalt   0x00000fcc        0x4 .\CortexM3\ARM_GCC_493\Debug\car.a(CyLib.o)
                0x00000fcc                CyHalt
 .text.CyDelay  0x00000fd0       0x2c .\CortexM3\ARM_GCC_493\Debug\car.a(CyLib.o)
                0x00000fd0                CyDelay
 .text.CyDelayUs
                0x00000ffc       0x14 .\CortexM3\ARM_GCC_493\Debug\car.a(CyLib.o)
                0x00000ffc                CyDelayUs
 .text.UART_net_Init
                0x00001010       0x24 .\CortexM3\ARM_GCC_493\Debug\car.a(UART_net.o)
                0x00001010                UART_net_Init
 .text.UART_net_Enable
                0x00001034       0x38 .\CortexM3\ARM_GCC_493\Debug\car.a(UART_net.o)
                0x00001034                UART_net_Enable
 .text.UART_net_Start
                0x0000106c       0x1c .\CortexM3\ARM_GCC_493\Debug\car.a(UART_net.o)
                0x0000106c                UART_net_Start
 .text.UART_net_GetChar
                0x00001088       0x2c .\CortexM3\ARM_GCC_493\Debug\car.a(UART_net.o)
                0x00001088                UART_net_GetChar
 .text.UART_net_PutChar
                0x000010b4       0x18 .\CortexM3\ARM_GCC_493\Debug\car.a(UART_net.o)
                0x000010b4                UART_net_PutChar
 .text.UART_net_PutString
                0x000010cc       0x24 .\CortexM3\ARM_GCC_493\Debug\car.a(UART_net.o)
                0x000010cc                UART_net_PutString
 .text.UART_net_PutArray
                0x000010f0       0x28 .\CortexM3\ARM_GCC_493\Debug\car.a(UART_net.o)
                0x000010f0                UART_net_PutArray
 .text.UART_net_IntClock_Start
                0x00001118       0x1c .\CortexM3\ARM_GCC_493\Debug\car.a(UART_net_IntClock.o)
                0x00001118                UART_net_IntClock_Start
 .text.isr_rx_net_Interrupt
                0x00001134        0xc .\CortexM3\ARM_GCC_493\Debug\car.a(isr_rx_net.o)
                0x00001134                isr_rx_net_Interrupt
 .text.isr_rx_net_SetVector
                0x00001140        0xc .\CortexM3\ARM_GCC_493\Debug\car.a(isr_rx_net.o)
                0x00001140                isr_rx_net_SetVector
 .text.isr_rx_net_SetPriority
                0x0000114c       0x10 .\CortexM3\ARM_GCC_493\Debug\car.a(isr_rx_net.o)
                0x0000114c                isr_rx_net_SetPriority
 .text.isr_rx_net_Enable
                0x0000115c        0xc .\CortexM3\ARM_GCC_493\Debug\car.a(isr_rx_net.o)
                0x0000115c                isr_rx_net_Enable
 .text.isr_rx_net_Disable
                0x00001168        0xc .\CortexM3\ARM_GCC_493\Debug\car.a(isr_rx_net.o)
                0x00001168                isr_rx_net_Disable
 .text.isr_rx_net_Start
                0x00001174       0x1c .\CortexM3\ARM_GCC_493\Debug\car.a(isr_rx_net.o)
                0x00001174                isr_rx_net_Start
 .text.Timer_1_Enable
                0x00001190       0x28 .\CortexM3\ARM_GCC_493\Debug\car.a(Timer_1.o)
                0x00001190                Timer_1_Enable
 .text.Timer_1_SetInterruptMode
                0x000011b8        0xc .\CortexM3\ARM_GCC_493\Debug\car.a(Timer_1.o)
                0x000011b8                Timer_1_SetInterruptMode
 .text.Timer_1_WritePeriod
                0x000011c4        0xc .\CortexM3\ARM_GCC_493\Debug\car.a(Timer_1.o)
                0x000011c4                Timer_1_WritePeriod
 .text.Timer_1_WriteCounter
                0x000011d0        0xc .\CortexM3\ARM_GCC_493\Debug\car.a(Timer_1.o)
                0x000011d0                Timer_1_WriteCounter
 .text.Timer_1_Init
                0x000011dc       0x68 .\CortexM3\ARM_GCC_493\Debug\car.a(Timer_1.o)
                0x000011dc                Timer_1_Init
 .text.Timer_1_Start
                0x00001244       0x1c .\CortexM3\ARM_GCC_493\Debug\car.a(Timer_1.o)
                0x00001244                Timer_1_Start
 .text.isr_timer_Interrupt
                0x00001260       0x48 .\CortexM3\ARM_GCC_493\Debug\car.a(isr_timer.o)
                0x00001260                isr_timer_Interrupt
 .text.isr_timer_SetVector
                0x000012a8        0xc .\CortexM3\ARM_GCC_493\Debug\car.a(isr_timer.o)
                0x000012a8                isr_timer_SetVector
 .text.isr_timer_SetPriority
                0x000012b4       0x10 .\CortexM3\ARM_GCC_493\Debug\car.a(isr_timer.o)
                0x000012b4                isr_timer_SetPriority
 .text.isr_timer_Enable
                0x000012c4        0xc .\CortexM3\ARM_GCC_493\Debug\car.a(isr_timer.o)
                0x000012c4                isr_timer_Enable
 .text.isr_timer_Disable
                0x000012d0        0xc .\CortexM3\ARM_GCC_493\Debug\car.a(isr_timer.o)
                0x000012d0                isr_timer_Disable
 .text.isr_timer_Start
                0x000012dc       0x1c .\CortexM3\ARM_GCC_493\Debug\car.a(isr_timer.o)
                0x000012dc                isr_timer_Start
 .text.STR2_Read
                0x000012f8        0xc .\CortexM3\ARM_GCC_493\Debug\car.a(STR2.o)
                0x000012f8                STR2_Read
 .text.STR1_Read
                0x00001304       0x10 .\CortexM3\ARM_GCC_493\Debug\car.a(STR1.o)
                0x00001304                STR1_Read
 .text.MSR_LOW_Read
                0x00001314       0x10 .\CortexM3\ARM_GCC_493\Debug\car.a(MSR_LOW.o)
                0x00001314                MSR_LOW_Read
 .text.MSR_HIGH_Read
                0x00001324       0x10 .\CortexM3\ARM_GCC_493\Debug\car.a(MSR_HIGH.o)
                0x00001324                MSR_HIGH_Read
 .text.SWITCH_1_LOW_Read
                0x00001334       0x10 .\CortexM3\ARM_GCC_493\Debug\car.a(SWITCH_1_LOW.o)
                0x00001334                SWITCH_1_LOW_Read
 .text.SWITCH_1_HIGH_Read
                0x00001344       0x10 .\CortexM3\ARM_GCC_493\Debug\car.a(SWITCH_1_HIGH.o)
                0x00001344                SWITCH_1_HIGH_Read
 .text.SWITCH_2_LOW_Read
                0x00001354        0xc .\CortexM3\ARM_GCC_493\Debug\car.a(SWITCH_2_LOW.o)
                0x00001354                SWITCH_2_LOW_Read
 .text.SWITCH_2_HIGH_Read
                0x00001360       0x10 .\CortexM3\ARM_GCC_493\Debug\car.a(SWITCH_2_HIGH.o)
                0x00001360                SWITCH_2_HIGH_Read
 .text.ADC_Init
                0x00001370       0x3c .\CortexM3\ARM_GCC_493\Debug\car.a(ADC.o)
                0x00001370                ADC_Init
 .text.ADC_Enable
                0x000013ac       0xcc .\CortexM3\ARM_GCC_493\Debug\car.a(ADC.o)
                0x000013ac                ADC_Enable
 .text.ADC_Start
                0x00001478       0x28 .\CortexM3\ARM_GCC_493\Debug\car.a(ADC.o)
                0x00001478                ADC_Start
 .text.ADC_StartConvert
                0x000014a0        0x8 .\CortexM3\ARM_GCC_493\Debug\car.a(ADC.o)
                0x000014a0                ADC_StartConvert
 .text.ADC_GetResult16
                0x000014a8       0x1c .\CortexM3\ARM_GCC_493\Debug\car.a(ADC.o)
                0x000014a8                ADC_GetResult16
 .text.ADC_ISR  0x000014c4        0x4 .\CortexM3\ARM_GCC_493\Debug\car.a(ADC_INT.o)
                0x000014c4                ADC_ISR
 .text.ADC_SAR_CalcGain
                0x000014c8       0x64 .\CortexM3\ARM_GCC_493\Debug\car.a(ADC_SAR.o)
 .text.ADC_SAR_Enable
                0x0000152c       0x78 .\CortexM3\ARM_GCC_493\Debug\car.a(ADC_SAR.o)
                0x0000152c                ADC_SAR_Enable
 .text.ADC_SAR_SetResolution
                0x000015a4       0x38 .\CortexM3\ARM_GCC_493\Debug\car.a(ADC_SAR.o)
                0x000015a4                ADC_SAR_SetResolution
 .text.ADC_SAR_Init
                0x000015dc       0x24 .\CortexM3\ARM_GCC_493\Debug\car.a(ADC_SAR.o)
                0x000015dc                ADC_SAR_Init
 .text.ADC_SAR_Start
                0x00001600       0x1c .\CortexM3\ARM_GCC_493\Debug\car.a(ADC_SAR.o)
                0x00001600                ADC_SAR_Start
 .text.ADC_SAR_StartConvert
                0x0000161c       0x10 .\CortexM3\ARM_GCC_493\Debug\car.a(ADC_SAR.o)
                0x0000161c                ADC_SAR_StartConvert
 .text.ADC_TempBuf_DmaInitialize
                0x0000162c       0x40 .\CortexM3\ARM_GCC_493\Debug\car.a(ADC_TempBuf_dma.o)
                0x0000162c                ADC_TempBuf_DmaInitialize
 .text.ADC_FinalBuf_DmaInitialize
                0x0000166c       0x3c .\CortexM3\ARM_GCC_493\Debug\car.a(ADC_FinalBuf_dma.o)
                0x0000166c                ADC_FinalBuf_DmaInitialize
 .text.ADC_IRQ_SetVector
                0x000016a8        0xc .\CortexM3\ARM_GCC_493\Debug\car.a(ADC_IRQ.o)
                0x000016a8                ADC_IRQ_SetVector
 .text.ADC_IRQ_SetPriority
                0x000016b4       0x10 .\CortexM3\ARM_GCC_493\Debug\car.a(ADC_IRQ.o)
                0x000016b4                ADC_IRQ_SetPriority
 .text.WARNING_GREEN_Write
                0x000016c4       0x18 .\CortexM3\ARM_GCC_493\Debug\car.a(WARNING_GREEN.o)
                0x000016c4                WARNING_GREEN_Write
 .text.WARNING_BLUE_Write
                0x000016dc       0x18 .\CortexM3\ARM_GCC_493\Debug\car.a(WARNING_BLUE.o)
                0x000016dc                WARNING_BLUE_Write
 .text.WARNING_RED_Write
                0x000016f4       0x18 .\CortexM3\ARM_GCC_493\Debug\car.a(WARNING_RED.o)
                0x000016f4                WARNING_RED_Write
 .text.__errno  0x0000170c        0xc c:/program files (x86)/cypress/psoc creator/3.3/psoc creator/import/gnu/arm/4.9.3/bin/../lib/gcc/arm-none-eabi/4.9.3/../../../../arm-none-eabi/lib/armv7-m\libg_nano.a(lib_a-errno.o)
                0x0000170c                __errno
 .text.__libc_init_array
                0x00001718       0x4c c:/program files (x86)/cypress/psoc creator/3.3/psoc creator/import/gnu/arm/4.9.3/bin/../lib/gcc/arm-none-eabi/4.9.3/../../../../arm-none-eabi/lib/armv7-m\libg_nano.a(lib_a-init.o)
                0x00001718                __libc_init_array
 .text.memcpy   0x00001764       0x16 c:/program files (x86)/cypress/psoc creator/3.3/psoc creator/import/gnu/arm/4.9.3/bin/../lib/gcc/arm-none-eabi/4.9.3/../../../../arm-none-eabi/lib/armv7-m\libg_nano.a(lib_a-memcpy.o)
                0x00001764                memcpy
 .text.memset   0x0000177a       0x10 c:/program files (x86)/cypress/psoc creator/3.3/psoc creator/import/gnu/arm/4.9.3/bin/../lib/gcc/arm-none-eabi/4.9.3/../../../../arm-none-eabi/lib/armv7-m\libg_nano.a(lib_a-memset.o)
                0x0000177a                memset
 *fill*         0x0000178a        0x2 
 .text.printf   0x0000178c       0x30 c:/program files (x86)/cypress/psoc creator/3.3/psoc creator/import/gnu/arm/4.9.3/bin/../lib/gcc/arm-none-eabi/4.9.3/../../../../arm-none-eabi/lib/armv7-m\libg_nano.a(lib_a-printf.o)
                0x0000178c                iprintf
                0x0000178c                printf
 .text._cleanup_r
                0x000017bc        0xc c:/program files (x86)/cypress/psoc creator/3.3/psoc creator/import/gnu/arm/4.9.3/bin/../lib/gcc/arm-none-eabi/4.9.3/../../../../arm-none-eabi/lib/armv7-m\libg_nano.a(lib_a-findfp.o)
                0x000017bc                _cleanup_r
 .text.std.isra.0
                0x000017c8       0x48 c:/program files (x86)/cypress/psoc creator/3.3/psoc creator/import/gnu/arm/4.9.3/bin/../lib/gcc/arm-none-eabi/4.9.3/../../../../arm-none-eabi/lib/armv7-m\libg_nano.a(lib_a-findfp.o)
 .text.__sfmoreglue
                0x00001810       0x2c c:/program files (x86)/cypress/psoc creator/3.3/psoc creator/import/gnu/arm/4.9.3/bin/../lib/gcc/arm-none-eabi/4.9.3/../../../../arm-none-eabi/lib/armv7-m\libg_nano.a(lib_a-findfp.o)
                0x00001810                __sfmoreglue
 .text.__sinit  0x0000183c       0x60 c:/program files (x86)/cypress/psoc creator/3.3/psoc creator/import/gnu/arm/4.9.3/bin/../lib/gcc/arm-none-eabi/4.9.3/../../../../arm-none-eabi/lib/armv7-m\libg_nano.a(lib_a-findfp.o)
                0x0000183c                __sinit
 .text.__sfp    0x0000189c       0x74 c:/program files (x86)/cypress/psoc creator/3.3/psoc creator/import/gnu/arm/4.9.3/bin/../lib/gcc/arm-none-eabi/4.9.3/../../../../arm-none-eabi/lib/armv7-m\libg_nano.a(lib_a-findfp.o)
                0x0000189c                __sfp
 .text._fwalk_reent
                0x00001910       0x3c c:/program files (x86)/cypress/psoc creator/3.3/psoc creator/import/gnu/arm/4.9.3/bin/../lib/gcc/arm-none-eabi/4.9.3/../../../../arm-none-eabi/lib/armv7-m\libg_nano.a(lib_a-fwalk.o)
                0x00001910                _fwalk_reent
 .text._malloc_r
                0x0000194c       0xac c:/program files (x86)/cypress/psoc creator/3.3/psoc creator/import/gnu/arm/4.9.3/bin/../lib/gcc/arm-none-eabi/4.9.3/../../../../arm-none-eabi/lib/armv7-m\libg_nano.a(lib_a-nano-mallocr.o)
                0x0000194c                _malloc_r
 .text.__sfputc_r
                0x000019f8       0x2c c:/program files (x86)/cypress/psoc creator/3.3/psoc creator/import/gnu/arm/4.9.3/bin/../lib/gcc/arm-none-eabi/4.9.3/../../../../arm-none-eabi/lib/armv7-m\libg_nano.a(lib_a-nano-vfprintf.o)
 .text.__sfputs_r
                0x00001a24       0x24 c:/program files (x86)/cypress/psoc creator/3.3/psoc creator/import/gnu/arm/4.9.3/bin/../lib/gcc/arm-none-eabi/4.9.3/../../../../arm-none-eabi/lib/armv7-m\libg_nano.a(lib_a-nano-vfprintf.o)
                0x00001a24                __sfputs_r
 .text._vfprintf_r
                0x00001a48      0x210 c:/program files (x86)/cypress/psoc creator/3.3/psoc creator/import/gnu/arm/4.9.3/bin/../lib/gcc/arm-none-eabi/4.9.3/../../../../arm-none-eabi/lib/armv7-m\libg_nano.a(lib_a-nano-vfprintf.o)
                0x00001a48                _vfprintf_r
                0x00001a48                _vfiprintf_r
 .text._printf_common
                0x00001c58       0xea c:/program files (x86)/cypress/psoc creator/3.3/psoc creator/import/gnu/arm/4.9.3/bin/../lib/gcc/arm-none-eabi/4.9.3/../../../../arm-none-eabi/lib/armv7-m\libg_nano.a(lib_a-nano-vfprintf_i.o)
                0x00001c58                _printf_common
 *fill*         0x00001d42        0x2 
 .text._printf_i
                0x00001d44      0x240 c:/program files (x86)/cypress/psoc creator/3.3/psoc creator/import/gnu/arm/4.9.3/bin/../lib/gcc/arm-none-eabi/4.9.3/../../../../arm-none-eabi/lib/armv7-m\libg_nano.a(lib_a-nano-vfprintf_i.o)
                0x00001d44                _printf_i
 .text._sbrk_r  0x00001f84       0x20 c:/program files (x86)/cypress/psoc creator/3.3/psoc creator/import/gnu/arm/4.9.3/bin/../lib/gcc/arm-none-eabi/4.9.3/../../../../arm-none-eabi/lib/armv7-m\libg_nano.a(lib_a-sbrkr.o)
                0x00001f84                _sbrk_r
 .text.__sread  0x00001fa4       0x22 c:/program files (x86)/cypress/psoc creator/3.3/psoc creator/import/gnu/arm/4.9.3/bin/../lib/gcc/arm-none-eabi/4.9.3/../../../../arm-none-eabi/lib/armv7-m\libg_nano.a(lib_a-stdio.o)
                0x00001fa4                __sread
 .text.__swrite
                0x00001fc6       0x38 c:/program files (x86)/cypress/psoc creator/3.3/psoc creator/import/gnu/arm/4.9.3/bin/../lib/gcc/arm-none-eabi/4.9.3/../../../../arm-none-eabi/lib/armv7-m\libg_nano.a(lib_a-stdio.o)
                0x00001fc6                __swrite
 .text.__sseek  0x00001ffe       0x24 c:/program files (x86)/cypress/psoc creator/3.3/psoc creator/import/gnu/arm/4.9.3/bin/../lib/gcc/arm-none-eabi/4.9.3/../../../../arm-none-eabi/lib/armv7-m\libg_nano.a(lib_a-stdio.o)
                0x00001ffe                __sseek
 .text.__sclose
                0x00002022        0x8 c:/program files (x86)/cypress/psoc creator/3.3/psoc creator/import/gnu/arm/4.9.3/bin/../lib/gcc/arm-none-eabi/4.9.3/../../../../arm-none-eabi/lib/armv7-m\libg_nano.a(lib_a-stdio.o)
                0x00002022                __sclose
 *fill*         0x0000202a        0x2 
 .text.__swbuf_r
                0x0000202c       0xa8 c:/program files (x86)/cypress/psoc creator/3.3/psoc creator/import/gnu/arm/4.9.3/bin/../lib/gcc/arm-none-eabi/4.9.3/../../../../arm-none-eabi/lib/armv7-m\libg_nano.a(lib_a-wbuf.o)
                0x0000202c                __swbuf_r
 .text._write_r
                0x000020d4       0x24 c:/program files (x86)/cypress/psoc creator/3.3/psoc creator/import/gnu/arm/4.9.3/bin/../lib/gcc/arm-none-eabi/4.9.3/../../../../arm-none-eabi/lib/armv7-m\libg_nano.a(lib_a-writer.o)
                0x000020d4                _write_r
 .text.__swsetup_r
                0x000020f8       0xd8 c:/program files (x86)/cypress/psoc creator/3.3/psoc creator/import/gnu/arm/4.9.3/bin/../lib/gcc/arm-none-eabi/4.9.3/../../../../arm-none-eabi/lib/armv7-m\libg_nano.a(lib_a-wsetup.o)
                0x000020f8                __swsetup_r
 .text._close_r
                0x000021d0       0x20 c:/program files (x86)/cypress/psoc creator/3.3/psoc creator/import/gnu/arm/4.9.3/bin/../lib/gcc/arm-none-eabi/4.9.3/../../../../arm-none-eabi/lib/armv7-m\libg_nano.a(lib_a-closer.o)
                0x000021d0                _close_r
 .text.__sflush_r
                0x000021f0      0x106 c:/program files (x86)/cypress/psoc creator/3.3/psoc creator/import/gnu/arm/4.9.3/bin/../lib/gcc/arm-none-eabi/4.9.3/../../../../arm-none-eabi/lib/armv7-m\libg_nano.a(lib_a-fflush.o)
                0x000021f0                __sflush_r
 *fill*         0x000022f6        0x2 
 .text._fflush_r
                0x000022f8       0x54 c:/program files (x86)/cypress/psoc creator/3.3/psoc creator/import/gnu/arm/4.9.3/bin/../lib/gcc/arm-none-eabi/4.9.3/../../../../arm-none-eabi/lib/armv7-m\libg_nano.a(lib_a-fflush.o)
                0x000022f8                _fflush_r
 .text._lseek_r
                0x0000234c       0x24 c:/program files (x86)/cypress/psoc creator/3.3/psoc creator/import/gnu/arm/4.9.3/bin/../lib/gcc/arm-none-eabi/4.9.3/../../../../arm-none-eabi/lib/armv7-m\libg_nano.a(lib_a-lseekr.o)
                0x0000234c                _lseek_r
 .text.__smakebuf_r
                0x00002370       0x98 c:/program files (x86)/cypress/psoc creator/3.3/psoc creator/import/gnu/arm/4.9.3/bin/../lib/gcc/arm-none-eabi/4.9.3/../../../../arm-none-eabi/lib/armv7-m\libg_nano.a(lib_a-makebuf.o)
                0x00002370                __smakebuf_r
 .text.memchr   0x00002408       0x1c c:/program files (x86)/cypress/psoc creator/3.3/psoc creator/import/gnu/arm/4.9.3/bin/../lib/gcc/arm-none-eabi/4.9.3/../../../../arm-none-eabi/lib/armv7-m\libg_nano.a(lib_a-memchr.o)
                0x00002408                memchr
 .text._free_r  0x00002424       0x88 c:/program files (x86)/cypress/psoc creator/3.3/psoc creator/import/gnu/arm/4.9.3/bin/../lib/gcc/arm-none-eabi/4.9.3/../../../../arm-none-eabi/lib/armv7-m\libg_nano.a(lib_a-nano-freer.o)
                0x00002424                _free_r
 .text._read_r  0x000024ac       0x24 c:/program files (x86)/cypress/psoc creator/3.3/psoc creator/import/gnu/arm/4.9.3/bin/../lib/gcc/arm-none-eabi/4.9.3/../../../../arm-none-eabi/lib/armv7-m\libg_nano.a(lib_a-readr.o)
                0x000024ac                _read_r
 .text._fstat_r
                0x000024d0       0x24 c:/program files (x86)/cypress/psoc creator/3.3/psoc creator/import/gnu/arm/4.9.3/bin/../lib/gcc/arm-none-eabi/4.9.3/../../../../arm-none-eabi/lib/armv7-m\libg_nano.a(lib_a-fstatr.o)
                0x000024d0                _fstat_r
 .text._isatty_r
                0x000024f4       0x20 c:/program files (x86)/cypress/psoc creator/3.3/psoc creator/import/gnu/arm/4.9.3/bin/../lib/gcc/arm-none-eabi/4.9.3/../../../../arm-none-eabi/lib/armv7-m\libg_nano.a(lib_a-isattyr.o)
                0x000024f4                _isatty_r
 .text._close   0x00002514       0x10 c:/program files (x86)/cypress/psoc creator/3.3/psoc creator/import/gnu/arm/4.9.3/bin/../lib/gcc/arm-none-eabi/4.9.3/../../../../arm-none-eabi/lib/armv7-m\libnosys.a(close.o)
                0x00002514                _close
 .text._fstat   0x00002524       0x10 c:/program files (x86)/cypress/psoc creator/3.3/psoc creator/import/gnu/arm/4.9.3/bin/../lib/gcc/arm-none-eabi/4.9.3/../../../../arm-none-eabi/lib/armv7-m\libnosys.a(fstat.o)
                0x00002524                _fstat
 .text._isatty  0x00002534       0x10 c:/program files (x86)/cypress/psoc creator/3.3/psoc creator/import/gnu/arm/4.9.3/bin/../lib/gcc/arm-none-eabi/4.9.3/../../../../arm-none-eabi/lib/armv7-m\libnosys.a(isatty.o)
                0x00002534                _isatty
 .text._lseek   0x00002544       0x10 c:/program files (x86)/cypress/psoc creator/3.3/psoc creator/import/gnu/arm/4.9.3/bin/../lib/gcc/arm-none-eabi/4.9.3/../../../../arm-none-eabi/lib/armv7-m\libnosys.a(lseek.o)
                0x00002544                _lseek
 .text._read    0x00002554       0x10 c:/program files (x86)/cypress/psoc creator/3.3/psoc creator/import/gnu/arm/4.9.3/bin/../lib/gcc/arm-none-eabi/4.9.3/../../../../arm-none-eabi/lib/armv7-m\libnosys.a(read.o)
                0x00002554                _read
 *(.plt)
 *(.gnu.warning)
 *(.glue_7t)
 .glue_7t       0x00000000        0x0 linker stubs
 *(.glue_7)
 .glue_7        0x00000000        0x0 linker stubs
 *(.vfp11_veneer)
 .vfp11_veneer  0x00000000        0x0 linker stubs
 *(.bootloader)
 *(.ARM.extab* .gnu.linkonce.armextab.*)
 *(.gcc_except_table)

.v4_bx          0x00002564        0x0
 .v4_bx         0x00000000        0x0 linker stubs

.iplt           0x00002564        0x0
 .iplt          0x00000000        0x0 c:/program files (x86)/cypress/psoc creator/3.3/psoc creator/import/gnu/arm/4.9.3/bin/../lib/gcc/arm-none-eabi/4.9.3/armv7-m/crtbegin.o

.eh_frame_hdr
 *(.eh_frame_hdr)

.eh_frame       0x00002564        0x4
 *(.eh_frame)
 .eh_frame      0x00002564        0x0 c:/program files (x86)/cypress/psoc creator/3.3/psoc creator/import/gnu/arm/4.9.3/bin/../lib/gcc/arm-none-eabi/4.9.3/armv7-m/crtbegin.o
 .eh_frame      0x00002564        0x4 c:/program files (x86)/cypress/psoc creator/3.3/psoc creator/import/gnu/arm/4.9.3/bin/../lib/gcc/arm-none-eabi/4.9.3/armv7-m/crtend.o
                0x00002568                PROVIDE (__exidx_start, .)

.ARM.exidx
 *(.ARM.exidx* .gnu.linkonce.armexidx.*)
                0x00002568                __exidx_end = .

.rodata         0x00002568      0x318
 *(.rodata .rodata.* .gnu.linkonce.r.*)
 .rodata.str1.4
                0x00002568       0x89 .\CortexM3\ARM_GCC_493\Debug\main.o
                                 0x8c (size before relaxing)
 *fill*         0x000025f1        0x3 
 .rodata.str1.4
                0x000025f4      0x170 .\CortexM3\ARM_GCC_493\Debug\key.o
                                0x174 (size before relaxing)
 .rodata        0x00002764       0x48 .\CortexM3\ARM_GCC_493\Debug\car.a(cyfitter_cfg.o)
 .rodata.str1.1
                0x000027ac        0x2 c:/program files (x86)/cypress/psoc creator/3.3/psoc creator/import/gnu/arm/4.9.3/bin/../lib/gcc/arm-none-eabi/4.9.3/../../../../arm-none-eabi/lib/armv7-m\libg_nano.a(lib_a-impure.o)
 *fill*         0x000027ae        0x2 
 .rodata._global_impure_ptr
                0x000027b0        0x4 c:/program files (x86)/cypress/psoc creator/3.3/psoc creator/import/gnu/arm/4.9.3/bin/../lib/gcc/arm-none-eabi/4.9.3/../../../../arm-none-eabi/lib/armv7-m\libg_nano.a(lib_a-impure.o)
                0x000027b0                _global_impure_ptr
 .rodata.__sf_fake_stdin
                0x000027b4       0x20 c:/program files (x86)/cypress/psoc creator/3.3/psoc creator/import/gnu/arm/4.9.3/bin/../lib/gcc/arm-none-eabi/4.9.3/../../../../arm-none-eabi/lib/armv7-m\libg_nano.a(lib_a-findfp.o)
                0x000027b4                __sf_fake_stdin
 .rodata.__sf_fake_stdout
                0x000027d4       0x20 c:/program files (x86)/cypress/psoc creator/3.3/psoc creator/import/gnu/arm/4.9.3/bin/../lib/gcc/arm-none-eabi/4.9.3/../../../../arm-none-eabi/lib/armv7-m\libg_nano.a(lib_a-findfp.o)
                0x000027d4                __sf_fake_stdout
 .rodata.__sf_fake_stderr
                0x000027f4       0x20 c:/program files (x86)/cypress/psoc creator/3.3/psoc creator/import/gnu/arm/4.9.3/bin/../lib/gcc/arm-none-eabi/4.9.3/../../../../arm-none-eabi/lib/armv7-m\libg_nano.a(lib_a-findfp.o)
                0x000027f4                __sf_fake_stderr
 .rodata.str1.1
                0x00002814       0x11 c:/program files (x86)/cypress/psoc creator/3.3/psoc creator/import/gnu/arm/4.9.3/bin/../lib/gcc/arm-none-eabi/4.9.3/../../../../arm-none-eabi/lib/armv7-m\libg_nano.a(lib_a-nano-vfprintf.o)
 .rodata.str1.1
                0x00002825       0x22 c:/program files (x86)/cypress/psoc creator/3.3/psoc creator/import/gnu/arm/4.9.3/bin/../lib/gcc/arm-none-eabi/4.9.3/../../../../arm-none-eabi/lib/armv7-m\libg_nano.a(lib_a-nano-vfprintf_i.o)
                0x00002848                . = ALIGN (0x4)
 *fill*         0x00002847        0x1 
 *(.init)
 .init          0x00002848        0x4 c:/program files (x86)/cypress/psoc creator/3.3/psoc creator/import/gnu/arm/4.9.3/bin/../lib/gcc/arm-none-eabi/4.9.3/armv7-m/crti.o
                0x00002848                _init
 .init          0x0000284c        0x8 c:/program files (x86)/cypress/psoc creator/3.3/psoc creator/import/gnu/arm/4.9.3/bin/../lib/gcc/arm-none-eabi/4.9.3/armv7-m/crtn.o
                0x00002854                . = ALIGN (0x4)
                0x00002854                __preinit_array_start = .
 *(.preinit_array)
                0x00002854                __preinit_array_end = .
                0x00002854                . = ALIGN (0x4)
                0x00002854                __init_array_start = .
 *(SORT(.init_array.*))
 *(.init_array)
 .init_array    0x00002854        0x4 c:/program files (x86)/cypress/psoc creator/3.3/psoc creator/import/gnu/arm/4.9.3/bin/../lib/gcc/arm-none-eabi/4.9.3/armv7-m/crtbegin.o
 .init_array    0x00002858        0x4 .\CortexM3\ARM_GCC_493\Debug\Cm3Start.o
                0x0000285c                __init_array_end = .
                0x0000285c                . = ALIGN (0x4)
 *(.fini)
 .fini          0x0000285c        0x4 c:/program files (x86)/cypress/psoc creator/3.3/psoc creator/import/gnu/arm/4.9.3/bin/../lib/gcc/arm-none-eabi/4.9.3/armv7-m/crti.o
                0x0000285c                _fini
 .fini          0x00002860        0x8 c:/program files (x86)/cypress/psoc creator/3.3/psoc creator/import/gnu/arm/4.9.3/bin/../lib/gcc/arm-none-eabi/4.9.3/armv7-m/crtn.o
                0x00002868                . = ALIGN (0x4)
                0x00002868                __fini_array_start = .
 *(.fini_array)
 .fini_array    0x00002868        0x4 c:/program files (x86)/cypress/psoc creator/3.3/psoc creator/import/gnu/arm/4.9.3/bin/../lib/gcc/arm-none-eabi/4.9.3/armv7-m/crtbegin.o
 *(SORT(.fini_array.*))
                0x0000286c                __fini_array_end = .
                0x0000286c                . = ALIGN (0x4)
 *crtbegin.o(.ctors)
 *(EXCLUDE_FILE(*crtend.o) .ctors)
 *(SORT(.ctors.*))
 *crtend.o(.ctors)
                0x0000286c                . = ALIGN (0x4)
 *crtbegin.o(.dtors)
 *(EXCLUDE_FILE(*crtend.o) .dtors)
 *(SORT(.dtors.*))
 *crtend.o(.dtors)
                0x0000286c                . = ALIGN (0x4)
                0x0000286c                __cy_regions = .
                0x0000286c        0x4 LONG 0x2880 __cy_region_init_ram
                0x00002870        0x4 LONG 0x1fffc108 __cy_region_start_data
                0x00002874        0x4 LONG 0x88 __cy_region_init_size_ram
                0x00002878        0x4 LONG 0x440 __cy_region_zero_size_ram
                0x0000287c                __cy_regions_end = .
                0x00002880                . = ALIGN (0x8)
 *fill*         0x0000287c        0x4 
                0x00002880                _etext = .

.cy_checksum_exclude
                0x00002880        0x0
 *(.cy_checksum_exclude)

.ramvectors     0x1fffc000      0x100
                0x1fffc000                __cy_region_start_ram = .
 *(.ramvectors)
 .ramvectors    0x1fffc000      0x100 .\CortexM3\ARM_GCC_493\Debug\Cm3Start.o
                0x1fffc000                CyRamVectors

.noinit         0x1fffc100        0x5
 *(.noinit)
 .noinit        0x1fffc100        0x4 .\CortexM3\ARM_GCC_493\Debug\Cm3Start.o
 .noinit        0x1fffc104        0x1 .\CortexM3\ARM_GCC_493\Debug\car.a(CyLib.o)
                0x1fffc104                CyResetStatus

.data           0x1fffc108       0x88 load address 0x00002880
                0x1fffc108                __cy_region_start_data = .
 *(.jcr)
 .jcr           0x1fffc108        0x0 c:/program files (x86)/cypress/psoc creator/3.3/psoc creator/import/gnu/arm/4.9.3/bin/../lib/gcc/arm-none-eabi/4.9.3/armv7-m/crtbegin.o
 .jcr           0x1fffc108        0x4 c:/program files (x86)/cypress/psoc creator/3.3/psoc creator/import/gnu/arm/4.9.3/bin/../lib/gcc/arm-none-eabi/4.9.3/armv7-m/crtend.o
 *(.got.plt)
 *(.got)
 *(.shdata)
 *(.data .data.* .gnu.linkonce.d.*)
 .data          0x1fffc10c        0x4 .\CortexM3\ARM_GCC_493\Debug\Cm3Start.o
 .data          0x1fffc110        0x8 .\CortexM3\ARM_GCC_493\Debug\car.a(CyDmac.o)
 .data          0x1fffc118       0x10 .\CortexM3\ARM_GCC_493\Debug\car.a(CyLib.o)
                0x1fffc118                cydelay_32k_ms
                0x1fffc11c                cydelay_freq_khz
                0x1fffc120                cydelay_freq_mhz
                0x1fffc124                cydelay_freq_hz
 .data          0x1fffc128        0x2 .\CortexM3\ARM_GCC_493\Debug\car.a(ADC.o)
 .data          0x1fffc12a        0x1 .\CortexM3\ARM_GCC_493\Debug\car.a(ADC_TempBuf_dma.o)
                0x1fffc12a                ADC_TempBuf_DmaHandle
 .data          0x1fffc12b        0x1 .\CortexM3\ARM_GCC_493\Debug\car.a(ADC_FinalBuf_dma.o)
                0x1fffc12b                ADC_FinalBuf_DmaHandle
 .data.impure_data
                0x1fffc12c       0x60 c:/program files (x86)/cypress/psoc creator/3.3/psoc creator/import/gnu/arm/4.9.3/bin/../lib/gcc/arm-none-eabi/4.9.3/../../../../arm-none-eabi/lib/armv7-m\libg_nano.a(lib_a-impure.o)
 .data._impure_ptr
                0x1fffc18c        0x4 c:/program files (x86)/cypress/psoc creator/3.3/psoc creator/import/gnu/arm/4.9.3/bin/../lib/gcc/arm-none-eabi/4.9.3/../../../../arm-none-eabi/lib/armv7-m\libg_nano.a(lib_a-impure.o)
                0x1fffc18c                _impure_ptr
                0x1fffc190                . = ALIGN (0x8)
 *(.ram)
                0x1fffc190                _edata = .

.igot.plt       0x1fffc190        0x0 load address 0x00002908
 .igot.plt      0x00000000        0x0 c:/program files (x86)/cypress/psoc creator/3.3/psoc creator/import/gnu/arm/4.9.3/bin/../lib/gcc/arm-none-eabi/4.9.3/armv7-m/crtbegin.o

.bss            0x1fffc190      0x440 load address 0x00002908
                0x1fffc190                PROVIDE (__bss_start__, .)
 *(.shbss)
 *(.bss .bss.* .gnu.linkonce.b.*)
 .bss           0x1fffc190       0x1c c:/program files (x86)/cypress/psoc creator/3.3/psoc creator/import/gnu/arm/4.9.3/bin/../lib/gcc/arm-none-eabi/4.9.3/armv7-m/crtbegin.o
 .bss           0x1fffc1ac       0x3c .\CortexM3\ARM_GCC_493\Debug\Transfer.o
 .bss           0x1fffc1e8        0x8 .\CortexM3\ARM_GCC_493\Debug\key.o
                0x1fffc1ec                led_send
 .bss           0x1fffc1f0       0x14 .\CortexM3\ARM_GCC_493\Debug\ADC_V.o
                0x1fffc1f0                retADCValue
 .bss           0x1fffc204        0x2 .\CortexM3\ARM_GCC_493\Debug\car.a(UART_net.o)
                0x1fffc204                UART_net_initVar
 .bss           0x1fffc206        0x1 .\CortexM3\ARM_GCC_493\Debug\car.a(Timer_1.o)
                0x1fffc206                Timer_1_initVar
 *fill*         0x1fffc207        0x1 
 .bss           0x1fffc208       0x1c .\CortexM3\ARM_GCC_493\Debug\car.a(ADC.o)
                0x1fffc220                ADC_initVar
 .bss           0x1fffc224        0x1 .\CortexM3\ARM_GCC_493\Debug\car.a(ADC_SAR.o)
                0x1fffc224                ADC_SAR_initVar
 *fill*         0x1fffc225        0x3 
 .bss.__malloc_sbrk_start
                0x1fffc228        0x4 c:/program files (x86)/cypress/psoc creator/3.3/psoc creator/import/gnu/arm/4.9.3/bin/../lib/gcc/arm-none-eabi/4.9.3/../../../../arm-none-eabi/lib/armv7-m\libg_nano.a(lib_a-nano-mallocr.o)
                0x1fffc228                __malloc_sbrk_start
 .bss.__malloc_free_list
                0x1fffc22c        0x4 c:/program files (x86)/cypress/psoc creator/3.3/psoc creator/import/gnu/arm/4.9.3/bin/../lib/gcc/arm-none-eabi/4.9.3/../../../../arm-none-eabi/lib/armv7-m\libg_nano.a(lib_a-nano-mallocr.o)
                0x1fffc22c                __malloc_free_list
 *(COMMON)
 COMMON         0x1fffc230       0x28 .\CortexM3\ARM_GCC_493\Debug\main.o
                0x1fffc230                CAR_Y_V
                0x1fffc234                g_Car
                0x1fffc248                LED_1_V
                0x1fffc24a                LED_2_V
                0x1fffc24c                PTZ_Y_V
                0x1fffc24e                B_V
                0x1fffc250                LED_3_V
                0x1fffc252                PTZ_X_V
                0x1fffc254                CAR_SPEED_V
                0x1fffc256                CAR_X_V
 COMMON         0x1fffc258       0x41 .\CortexM3\ARM_GCC_493\Debug\Transfer.o
                0x1fffc258                data_to_send
                0x1fffc28c                f
 *fill*         0x1fffc299        0x3 
 COMMON         0x1fffc29c      0x300 .\CortexM3\ARM_GCC_493\Debug\key.o
                0x1fffc29c                MSR_low
                0x1fffc2c4                MSR_high
                0x1fffc2ec                SWITCH_2_low
                0x1fffc314                temp
                0x1fffc318                key_speed_high
                0x1fffc340                SWITCH_1_low
                0x1fffc368                PTZ_down
                0x1fffc390                temp1
                0x1fffc394                key_speed_low
                0x1fffc3bc                SWITCH_2_high
                0x1fffc3e4                PTZ_up
                0x1fffc40c                key_right
                0x1fffc434                SWITCH_1_high
                0x1fffc45c                key_left
                0x1fffc484                led_start
                0x1fffc4ac                key_down
                0x1fffc4d4                key_up
                0x1fffc4fc                STR2
                0x1fffc524                PTZ_right
                0x1fffc54c                PTZ_left
                0x1fffc574                STR1
 COMMON         0x1fffc59c        0x9 .\CortexM3\ARM_GCC_493\Debug\car.a(isr_timer.o)
                0x1fffc59c                time_1s_state
                0x1fffc59e                time_1s
                0x1fffc5a0                time_5ms
                0x1fffc5a2                time_1ms
                0x1fffc5a4                time_5ms_state
 *fill*         0x1fffc5a5        0x3 
 COMMON         0x1fffc5a8       0x12 .\CortexM3\ARM_GCC_493\Debug\car.a(ADC.o)
                0x1fffc5a8                ADC_finalArray
 *fill*         0x1fffc5ba        0x2 
 COMMON         0x1fffc5bc        0xa .\CortexM3\ARM_GCC_493\Debug\car.a(ADC_SAR.o)
                0x1fffc5bc                ADC_SAR_countsPerVolt
                0x1fffc5be                ADC_SAR_shift
                0x1fffc5c0                ADC_SAR_countsPer10Volt
                0x1fffc5c4                ADC_SAR_offset
 *fill*         0x1fffc5c6        0x2 
 COMMON         0x1fffc5c8        0x4 c:/program files (x86)/cypress/psoc creator/3.3/psoc creator/import/gnu/arm/4.9.3/bin/../lib/gcc/arm-none-eabi/4.9.3/../../../../arm-none-eabi/lib/armv7-m\libg_nano.a(lib_a-reent.o)
                0x1fffc5c8                errno
                0x1fffc5d0                . = ALIGN (0x8)
 *fill*         0x1fffc5cc        0x4 
 *(.ram.b)
                0x1fffc5d0                _end = .
                0x1fffc5d0                __end = .
                0x1fffc5d0                PROVIDE (end, .)
                0x1fffc5d0                PROVIDE (__bss_end__, .)
                0x00002880                __cy_region_init_ram = LOADADDR (.data)
                0x00000088                __cy_region_init_size_ram = (_edata - ADDR (.data))
                0x00000440                __cy_region_zero_size_ram = (_end - _edata)

.heap           0x1fffc5d0      0x400 load address 0x00002908
                0x1fffc5d0                . = _end
                0x1fffc9d0                . = (. + 0x400)
 *fill*         0x1fffc5d0      0x400 
                0x1fffc9d0                __cy_heap_limit = .

.stack          0x20003800      0x800
                0x20003800                __cy_stack_limit = .
                0x20004000                . = (. + 0x800)
 *fill*         0x20003800      0x800 
                0x00000001                ASSERT ((__cy_stack_limit >= __cy_heap_limit), region RAM overflowed with stack)
                0x00000000                cy_checksum_exclude_size = (CY_APPL_LOADABLE == 0x1)?SIZEOF (.cy_checksum_exclude):0x0
                0x00000001                ASSERT ((cy_checksum_exclude_size <= CY_CHECKSUM_EXCLUDE_SIZE), CY_BOOT: Section .cy_checksum_exclude size exceedes specified limit.)

.cyloadermeta
 *(.cyloadermeta)

.cyloadablemeta
 *(.cyloadablemeta)

.cyconfigecc    0x80000000      0x8a0
 *(.cyconfigecc)
 .cyconfigecc   0x80000000      0x8a0 .\CortexM3\ARM_GCC_493\Debug\cymetadata.o
                0x80000000                cy_meta_configecc

.cycustnvl      0x90000000        0x4
 *(.cycustnvl)
 .cycustnvl     0x90000000        0x4 .\CortexM3\ARM_GCC_493\Debug\cymetadata.o
                0x90000000                cy_meta_custnvl

.cywolatch      0x90100000        0x4
 *(.cywolatch)
 .cywolatch     0x90100000        0x4 .\CortexM3\ARM_GCC_493\Debug\cymetadata.o
                0x90100000                cy_meta_wonvl

.cyeeprom       0x90200000        0x0
 *(.cyeeprom)
                0x00000001                ASSERT ((. <= ((0x90200000 + ee_offset) + ee_size)), .cyeeprom data will not fit in EEPROM)

.cyflashprotect
                0x90400000       0x80
 *(.cyflashprotect)
 .cyflashprotect
                0x90400000       0x80 .\CortexM3\ARM_GCC_493\Debug\cymetadata.o
                0x90400000                cy_meta_flashprotect

.cymeta         0x90500000        0xc
 *(.cymeta)
 .cymeta        0x90500000        0xc .\CortexM3\ARM_GCC_493\Debug\cymetadata.o
                0x90500000                cy_metadata

.rel.dyn        0x00002908        0x0 load address 0x9050000c
 .rel.iplt      0x00000000        0x0 c:/program files (x86)/cypress/psoc creator/3.3/psoc creator/import/gnu/arm/4.9.3/bin/../lib/gcc/arm-none-eabi/4.9.3/armv7-m/crtbegin.o

.stab           0x00000000       0x84
 *(.stab)
 .stab          0x00000000       0x24 c:/program files (x86)/cypress/psoc creator/3.3/psoc creator/import/gnu/arm/4.9.3/bin/../lib/gcc/arm-none-eabi/4.9.3/../../../../arm-none-eabi/lib/armv7-m\libnosys.a(close.o)
 .stab          0x00000024       0x18 c:/program files (x86)/cypress/psoc creator/3.3/psoc creator/import/gnu/arm/4.9.3/bin/../lib/gcc/arm-none-eabi/4.9.3/../../../../arm-none-eabi/lib/armv7-m\libnosys.a(fstat.o)
                                 0x24 (size before relaxing)
 .stab          0x0000003c       0x18 c:/program files (x86)/cypress/psoc creator/3.3/psoc creator/import/gnu/arm/4.9.3/bin/../lib/gcc/arm-none-eabi/4.9.3/../../../../arm-none-eabi/lib/armv7-m\libnosys.a(isatty.o)
                                 0x24 (size before relaxing)
 .stab          0x00000054       0x18 c:/program files (x86)/cypress/psoc creator/3.3/psoc creator/import/gnu/arm/4.9.3/bin/../lib/gcc/arm-none-eabi/4.9.3/../../../../arm-none-eabi/lib/armv7-m\libnosys.a(lseek.o)
                                 0x24 (size before relaxing)
 .stab          0x0000006c       0x18 c:/program files (x86)/cypress/psoc creator/3.3/psoc creator/import/gnu/arm/4.9.3/bin/../lib/gcc/arm-none-eabi/4.9.3/../../../../arm-none-eabi/lib/armv7-m\libnosys.a(read.o)
                                 0x24 (size before relaxing)

.stabstr        0x00000000      0x117
 *(.stabstr)
 .stabstr       0x00000000      0x117 c:/program files (x86)/cypress/psoc creator/3.3/psoc creator/import/gnu/arm/4.9.3/bin/../lib/gcc/arm-none-eabi/4.9.3/../../../../arm-none-eabi/lib/armv7-m\libnosys.a(close.o)

.debug
 *(.debug)

.line
 *(.line)

.debug_srcinfo
 *(.debug_srcinfo)

.debug_sfnames
 *(.debug_sfnames)

.debug_aranges  0x00000000      0xff0
 *(.debug_aranges)
 .debug_aranges
                0x00000000       0x28 .\CortexM3\ARM_GCC_493\Debug\main.o
 .debug_aranges
                0x00000028       0x98 .\CortexM3\ARM_GCC_493\Debug\Transfer.o
 .debug_aranges
                0x000000c0       0x18 .\CortexM3\ARM_GCC_493\Debug\car.o
 .debug_aranges
                0x000000d8      0x188 .\CortexM3\ARM_GCC_493\Debug\key.o
 .debug_aranges
                0x00000260       0x30 .\CortexM3\ARM_GCC_493\Debug\ADC_V.o
 .debug_aranges
                0x00000290       0x18 .\CortexM3\ARM_GCC_493\Debug\cymetadata.o
 .debug_aranges
                0x000002a8       0x48 .\CortexM3\ARM_GCC_493\Debug\Cm3Start.o
 .debug_aranges
                0x000002f0       0x58 .\CortexM3\ARM_GCC_493\Debug\car.a(cyfitter_cfg.o)
 .debug_aranges
                0x00000348       0x20 .\CortexM3\ARM_GCC_493\Debug\car.a(CyBootAsmGnu.o)
 .debug_aranges
                0x00000368       0xd8 .\CortexM3\ARM_GCC_493\Debug\car.a(CyDmac.o)
 .debug_aranges
                0x00000440      0x298 .\CortexM3\ARM_GCC_493\Debug\car.a(CyLib.o)
 .debug_aranges
                0x000006d8       0x98 .\CortexM3\ARM_GCC_493\Debug\car.a(cyPm.o)
 .debug_aranges
                0x00000770       0xf0 .\CortexM3\ARM_GCC_493\Debug\car.a(UART_net.o)
 .debug_aranges
                0x00000860       0x70 .\CortexM3\ARM_GCC_493\Debug\car.a(UART_net_IntClock.o)
 .debug_aranges
                0x000008d0       0x80 .\CortexM3\ARM_GCC_493\Debug\car.a(isr_rx_net.o)
 .debug_aranges
                0x00000950       0x88 .\CortexM3\ARM_GCC_493\Debug\car.a(Timer_1.o)
 .debug_aranges
                0x000009d8       0x80 .\CortexM3\ARM_GCC_493\Debug\car.a(isr_timer.o)
 .debug_aranges
                0x00000a58       0x38 .\CortexM3\ARM_GCC_493\Debug\car.a(STR2.o)
 .debug_aranges
                0x00000a90       0x38 .\CortexM3\ARM_GCC_493\Debug\car.a(STR1.o)
 .debug_aranges
                0x00000ac8       0x38 .\CortexM3\ARM_GCC_493\Debug\car.a(MSR_LOW.o)
 .debug_aranges
                0x00000b00       0x38 .\CortexM3\ARM_GCC_493\Debug\car.a(MSR_HIGH.o)
 .debug_aranges
                0x00000b38       0x38 .\CortexM3\ARM_GCC_493\Debug\car.a(SWITCH_1_LOW.o)
 .debug_aranges
                0x00000b70       0x38 .\CortexM3\ARM_GCC_493\Debug\car.a(SWITCH_1_HIGH.o)
 .debug_aranges
                0x00000ba8       0x38 .\CortexM3\ARM_GCC_493\Debug\car.a(SWITCH_2_LOW.o)
 .debug_aranges
                0x00000be0       0x38 .\CortexM3\ARM_GCC_493\Debug\car.a(SWITCH_2_HIGH.o)
 .debug_aranges
                0x00000c18       0xa0 .\CortexM3\ARM_GCC_493\Debug\car.a(ADC.o)
 .debug_aranges
                0x00000cb8       0x20 .\CortexM3\ARM_GCC_493\Debug\car.a(ADC_INT.o)
 .debug_aranges
                0x00000cd8       0xa8 .\CortexM3\ARM_GCC_493\Debug\car.a(ADC_SAR.o)
 .debug_aranges
                0x00000d80       0x28 .\CortexM3\ARM_GCC_493\Debug\car.a(ADC_TempBuf_dma.o)
 .debug_aranges
                0x00000da8       0x28 .\CortexM3\ARM_GCC_493\Debug\car.a(ADC_FinalBuf_dma.o)
 .debug_aranges
                0x00000dd0       0x80 .\CortexM3\ARM_GCC_493\Debug\car.a(ADC_IRQ.o)
 .debug_aranges
                0x00000e50       0x38 .\CortexM3\ARM_GCC_493\Debug\car.a(WARNING_GREEN.o)
 .debug_aranges
                0x00000e88       0x38 .\CortexM3\ARM_GCC_493\Debug\car.a(WARNING_BLUE.o)
 .debug_aranges
                0x00000ec0       0x38 .\CortexM3\ARM_GCC_493\Debug\car.a(WARNING_RED.o)
 .debug_aranges
                0x00000ef8       0x80 .\CortexM3\ARM_GCC_493\Debug\car.a(CyFlash.o)
 .debug_aranges
                0x00000f78       0x78 .\CortexM3\ARM_GCC_493\Debug\car.a(CySpc.o)

.debug_pubnames
 *(.debug_pubnames)

.debug_info     0x00000000     0x9bc6
 *(.debug_info .gnu.linkonce.wi.*)
 .debug_info    0x00000000      0x561 .\CortexM3\ARM_GCC_493\Debug\main.o
 .debug_info    0x00000561      0xc6e .\CortexM3\ARM_GCC_493\Debug\Transfer.o
 .debug_info    0x000011cf      0x1c3 .\CortexM3\ARM_GCC_493\Debug\car.o
 .debug_info    0x00001392     0x1430 .\CortexM3\ARM_GCC_493\Debug\key.o
 .debug_info    0x000027c2      0x2ea .\CortexM3\ARM_GCC_493\Debug\ADC_V.o
 .debug_info    0x00002aac      0x13e .\CortexM3\ARM_GCC_493\Debug\cymetadata.o
 .debug_info    0x00002bea      0x3b3 .\CortexM3\ARM_GCC_493\Debug\Cm3Start.o
 .debug_info    0x00002f9d      0x66a .\CortexM3\ARM_GCC_493\Debug\car.a(cyfitter_cfg.o)
 .debug_info    0x00003607       0x7a .\CortexM3\ARM_GCC_493\Debug\car.a(CyBootAsmGnu.o)
 .debug_info    0x00003681      0x941 .\CortexM3\ARM_GCC_493\Debug\car.a(CyDmac.o)
 .debug_info    0x00003fc2     0x136c .\CortexM3\ARM_GCC_493\Debug\car.a(CyLib.o)
 .debug_info    0x0000532e      0xa55 .\CortexM3\ARM_GCC_493\Debug\car.a(cyPm.o)
 .debug_info    0x00005d83      0x600 .\CortexM3\ARM_GCC_493\Debug\car.a(UART_net.o)
 .debug_info    0x00006383      0x281 .\CortexM3\ARM_GCC_493\Debug\car.a(UART_net_IntClock.o)
 .debug_info    0x00006604      0x461 .\CortexM3\ARM_GCC_493\Debug\car.a(isr_rx_net.o)
 .debug_info    0x00006a65      0x28c .\CortexM3\ARM_GCC_493\Debug\car.a(Timer_1.o)
 .debug_info    0x00006cf1      0x329 .\CortexM3\ARM_GCC_493\Debug\car.a(isr_timer.o)
 .debug_info    0x0000701a      0x120 .\CortexM3\ARM_GCC_493\Debug\car.a(STR2.o)
 .debug_info    0x0000713a      0x11e .\CortexM3\ARM_GCC_493\Debug\car.a(STR1.o)
 .debug_info    0x00007258      0x11e .\CortexM3\ARM_GCC_493\Debug\car.a(MSR_LOW.o)
 .debug_info    0x00007376      0x11e .\CortexM3\ARM_GCC_493\Debug\car.a(MSR_HIGH.o)
 .debug_info    0x00007494      0x11e .\CortexM3\ARM_GCC_493\Debug\car.a(SWITCH_1_LOW.o)
 .debug_info    0x000075b2      0x11e .\CortexM3\ARM_GCC_493\Debug\car.a(SWITCH_1_HIGH.o)
 .debug_info    0x000076d0      0x120 .\CortexM3\ARM_GCC_493\Debug\car.a(SWITCH_2_LOW.o)
 .debug_info    0x000077f0      0x11e .\CortexM3\ARM_GCC_493\Debug\car.a(SWITCH_2_HIGH.o)
 .debug_info    0x0000790e      0x7cf .\CortexM3\ARM_GCC_493\Debug\car.a(ADC.o)
 .debug_info    0x000080dd       0x99 .\CortexM3\ARM_GCC_493\Debug\car.a(ADC_INT.o)
 .debug_info    0x00008176      0x542 .\CortexM3\ARM_GCC_493\Debug\car.a(ADC_SAR.o)
 .debug_info    0x000086b8      0x1fb .\CortexM3\ARM_GCC_493\Debug\car.a(ADC_TempBuf_dma.o)
 .debug_info    0x000088b3      0x1fb .\CortexM3\ARM_GCC_493\Debug\car.a(ADC_FinalBuf_dma.o)
 .debug_info    0x00008aae      0x2c9 .\CortexM3\ARM_GCC_493\Debug\car.a(ADC_IRQ.o)
 .debug_info    0x00008d77      0x11e .\CortexM3\ARM_GCC_493\Debug\car.a(WARNING_GREEN.o)
 .debug_info    0x00008e95      0x11e .\CortexM3\ARM_GCC_493\Debug\car.a(WARNING_BLUE.o)
 .debug_info    0x00008fb3      0x11e .\CortexM3\ARM_GCC_493\Debug\car.a(WARNING_RED.o)
 .debug_info    0x000090d1      0x608 .\CortexM3\ARM_GCC_493\Debug\car.a(CyFlash.o)
 .debug_info    0x000096d9      0x4ed .\CortexM3\ARM_GCC_493\Debug\car.a(CySpc.o)

.debug_abbrev   0x00000000     0x2d10
 *(.debug_abbrev)
 .debug_abbrev  0x00000000      0x201 .\CortexM3\ARM_GCC_493\Debug\main.o
 .debug_abbrev  0x00000201      0x237 .\CortexM3\ARM_GCC_493\Debug\Transfer.o
 .debug_abbrev  0x00000438       0xa8 .\CortexM3\ARM_GCC_493\Debug\car.o
 .debug_abbrev  0x000004e0      0x26b .\CortexM3\ARM_GCC_493\Debug\key.o
 .debug_abbrev  0x0000074b      0x13e .\CortexM3\ARM_GCC_493\Debug\ADC_V.o
 .debug_abbrev  0x00000889       0x77 .\CortexM3\ARM_GCC_493\Debug\cymetadata.o
 .debug_abbrev  0x00000900      0x20f .\CortexM3\ARM_GCC_493\Debug\Cm3Start.o
 .debug_abbrev  0x00000b0f      0x221 .\CortexM3\ARM_GCC_493\Debug\car.a(cyfitter_cfg.o)
 .debug_abbrev  0x00000d30       0x14 .\CortexM3\ARM_GCC_493\Debug\car.a(CyBootAsmGnu.o)
 .debug_abbrev  0x00000d44      0x1cc .\CortexM3\ARM_GCC_493\Debug\car.a(CyDmac.o)
 .debug_abbrev  0x00000f10      0x296 .\CortexM3\ARM_GCC_493\Debug\car.a(CyLib.o)
 .debug_abbrev  0x000011a6      0x1fa .\CortexM3\ARM_GCC_493\Debug\car.a(cyPm.o)
 .debug_abbrev  0x000013a0      0x1af .\CortexM3\ARM_GCC_493\Debug\car.a(UART_net.o)
 .debug_abbrev  0x0000154f      0x146 .\CortexM3\ARM_GCC_493\Debug\car.a(UART_net_IntClock.o)
 .debug_abbrev  0x00001695      0x210 .\CortexM3\ARM_GCC_493\Debug\car.a(isr_rx_net.o)
 .debug_abbrev  0x000018a5      0x127 .\CortexM3\ARM_GCC_493\Debug\car.a(Timer_1.o)
 .debug_abbrev  0x000019cc      0x191 .\CortexM3\ARM_GCC_493\Debug\car.a(isr_timer.o)
 .debug_abbrev  0x00001b5d       0x9d .\CortexM3\ARM_GCC_493\Debug\car.a(STR2.o)
 .debug_abbrev  0x00001bfa       0x9d .\CortexM3\ARM_GCC_493\Debug\car.a(STR1.o)
 .debug_abbrev  0x00001c97       0x9d .\CortexM3\ARM_GCC_493\Debug\car.a(MSR_LOW.o)
 .debug_abbrev  0x00001d34       0x9d .\CortexM3\ARM_GCC_493\Debug\car.a(MSR_HIGH.o)
 .debug_abbrev  0x00001dd1       0x9d .\CortexM3\ARM_GCC_493\Debug\car.a(SWITCH_1_LOW.o)
 .debug_abbrev  0x00001e6e       0x9d .\CortexM3\ARM_GCC_493\Debug\car.a(SWITCH_1_HIGH.o)
 .debug_abbrev  0x00001f0b       0x9d .\CortexM3\ARM_GCC_493\Debug\car.a(SWITCH_2_LOW.o)
 .debug_abbrev  0x00001fa8       0x9d .\CortexM3\ARM_GCC_493\Debug\car.a(SWITCH_2_HIGH.o)
 .debug_abbrev  0x00002045      0x1b0 .\CortexM3\ARM_GCC_493\Debug\car.a(ADC.o)
 .debug_abbrev  0x000021f5       0x42 .\CortexM3\ARM_GCC_493\Debug\car.a(ADC_INT.o)
 .debug_abbrev  0x00002237      0x1e6 .\CortexM3\ARM_GCC_493\Debug\car.a(ADC_SAR.o)
 .debug_abbrev  0x0000241d       0xf8 .\CortexM3\ARM_GCC_493\Debug\car.a(ADC_TempBuf_dma.o)
 .debug_abbrev  0x00002515       0xf8 .\CortexM3\ARM_GCC_493\Debug\car.a(ADC_FinalBuf_dma.o)
 .debug_abbrev  0x0000260d      0x180 .\CortexM3\ARM_GCC_493\Debug\car.a(ADC_IRQ.o)
 .debug_abbrev  0x0000278d       0x9d .\CortexM3\ARM_GCC_493\Debug\car.a(WARNING_GREEN.o)
 .debug_abbrev  0x0000282a       0x9d .\CortexM3\ARM_GCC_493\Debug\car.a(WARNING_BLUE.o)
 .debug_abbrev  0x000028c7       0x9d .\CortexM3\ARM_GCC_493\Debug\car.a(WARNING_RED.o)
 .debug_abbrev  0x00002964      0x1de .\CortexM3\ARM_GCC_493\Debug\car.a(CyFlash.o)
 .debug_abbrev  0x00002b42      0x1ce .\CortexM3\ARM_GCC_493\Debug\car.a(CySpc.o)

.debug_line     0x00000000     0x3e16
 *(.debug_line)
 .debug_line    0x00000000      0x24d .\CortexM3\ARM_GCC_493\Debug\main.o
 .debug_line    0x0000024d      0x486 .\CortexM3\ARM_GCC_493\Debug\Transfer.o
 .debug_line    0x000006d3      0x152 .\CortexM3\ARM_GCC_493\Debug\car.o
 .debug_line    0x00000825      0x56a .\CortexM3\ARM_GCC_493\Debug\key.o
 .debug_line    0x00000d8f      0x1c7 .\CortexM3\ARM_GCC_493\Debug\ADC_V.o
 .debug_line    0x00000f56       0x53 .\CortexM3\ARM_GCC_493\Debug\cymetadata.o
 .debug_line    0x00000fa9      0x254 .\CortexM3\ARM_GCC_493\Debug\Cm3Start.o
 .debug_line    0x000011fd      0x211 .\CortexM3\ARM_GCC_493\Debug\car.a(cyfitter_cfg.o)
 .debug_line    0x0000140e       0x68 .\CortexM3\ARM_GCC_493\Debug\car.a(CyBootAsmGnu.o)
 .debug_line    0x00001476      0x2e5 .\CortexM3\ARM_GCC_493\Debug\car.a(CyDmac.o)
 .debug_line    0x0000175b      0x806 .\CortexM3\ARM_GCC_493\Debug\car.a(CyLib.o)
 .debug_line    0x00001f61      0x366 .\CortexM3\ARM_GCC_493\Debug\car.a(cyPm.o)
 .debug_line    0x000022c7      0x2c6 .\CortexM3\ARM_GCC_493\Debug\car.a(UART_net.o)
 .debug_line    0x0000258d      0x199 .\CortexM3\ARM_GCC_493\Debug\car.a(UART_net_IntClock.o)
 .debug_line    0x00002726      0x282 .\CortexM3\ARM_GCC_493\Debug\car.a(isr_rx_net.o)
 .debug_line    0x000029a8      0x157 .\CortexM3\ARM_GCC_493\Debug\car.a(Timer_1.o)
 .debug_line    0x00002aff      0x158 .\CortexM3\ARM_GCC_493\Debug\car.a(isr_timer.o)
 .debug_line    0x00002c57       0x93 .\CortexM3\ARM_GCC_493\Debug\car.a(STR2.o)
 .debug_line    0x00002cea       0x93 .\CortexM3\ARM_GCC_493\Debug\car.a(STR1.o)
 .debug_line    0x00002d7d       0x96 .\CortexM3\ARM_GCC_493\Debug\car.a(MSR_LOW.o)
 .debug_line    0x00002e13       0x97 .\CortexM3\ARM_GCC_493\Debug\car.a(MSR_HIGH.o)
 .debug_line    0x00002eaa       0x9b .\CortexM3\ARM_GCC_493\Debug\car.a(SWITCH_1_LOW.o)
 .debug_line    0x00002f45       0x9c .\CortexM3\ARM_GCC_493\Debug\car.a(SWITCH_1_HIGH.o)
 .debug_line    0x00002fe1       0x9b .\CortexM3\ARM_GCC_493\Debug\car.a(SWITCH_2_LOW.o)
 .debug_line    0x0000307c       0x9c .\CortexM3\ARM_GCC_493\Debug\car.a(SWITCH_2_HIGH.o)
 .debug_line    0x00003118      0x21b .\CortexM3\ARM_GCC_493\Debug\car.a(ADC.o)
 .debug_line    0x00003333       0x52 .\CortexM3\ARM_GCC_493\Debug\car.a(ADC_INT.o)
 .debug_line    0x00003385      0x206 .\CortexM3\ARM_GCC_493\Debug\car.a(ADC_SAR.o)
 .debug_line    0x0000358b       0xa1 .\CortexM3\ARM_GCC_493\Debug\car.a(ADC_TempBuf_dma.o)
 .debug_line    0x0000362c       0xa2 .\CortexM3\ARM_GCC_493\Debug\car.a(ADC_FinalBuf_dma.o)
 .debug_line    0x000036ce      0x14d .\CortexM3\ARM_GCC_493\Debug\car.a(ADC_IRQ.o)
 .debug_line    0x0000381b       0x9c .\CortexM3\ARM_GCC_493\Debug\car.a(WARNING_GREEN.o)
 .debug_line    0x000038b7       0x9b .\CortexM3\ARM_GCC_493\Debug\car.a(WARNING_BLUE.o)
 .debug_line    0x00003952       0x9a .\CortexM3\ARM_GCC_493\Debug\car.a(WARNING_RED.o)
 .debug_line    0x000039ec      0x1ec .\CortexM3\ARM_GCC_493\Debug\car.a(CyFlash.o)
 .debug_line    0x00003bd8      0x23e .\CortexM3\ARM_GCC_493\Debug\car.a(CySpc.o)

.debug_frame    0x00000000     0x2fe0
 *(.debug_frame)
 .debug_frame   0x00000000       0x4c .\CortexM3\ARM_GCC_493\Debug\main.o
 .debug_frame   0x0000004c      0x214 .\CortexM3\ARM_GCC_493\Debug\Transfer.o
 .debug_frame   0x00000260      0x4f0 .\CortexM3\ARM_GCC_493\Debug\key.o
 .debug_frame   0x00000750       0x68 .\CortexM3\ARM_GCC_493\Debug\ADC_V.o
 .debug_frame   0x000007b8       0xac .\CortexM3\ARM_GCC_493\Debug\Cm3Start.o
 .debug_frame   0x00000864       0xfc .\CortexM3\ARM_GCC_493\Debug\car.a(cyfitter_cfg.o)
 .debug_frame   0x00000960      0x1f4 .\CortexM3\ARM_GCC_493\Debug\car.a(CyDmac.o)
 .debug_frame   0x00000b54      0x728 .\CortexM3\ARM_GCC_493\Debug\car.a(CyLib.o)
 .debug_frame   0x0000127c      0x1f8 .\CortexM3\ARM_GCC_493\Debug\car.a(cyPm.o)
 .debug_frame   0x00001474      0x250 .\CortexM3\ARM_GCC_493\Debug\car.a(UART_net.o)
 .debug_frame   0x000016c4       0xe0 .\CortexM3\ARM_GCC_493\Debug\car.a(UART_net_IntClock.o)
 .debug_frame   0x000017a4      0x110 .\CortexM3\ARM_GCC_493\Debug\car.a(isr_rx_net.o)
 .debug_frame   0x000018b4      0x108 .\CortexM3\ARM_GCC_493\Debug\car.a(Timer_1.o)
 .debug_frame   0x000019bc      0x104 .\CortexM3\ARM_GCC_493\Debug\car.a(isr_timer.o)
 .debug_frame   0x00001ac0       0x50 .\CortexM3\ARM_GCC_493\Debug\car.a(STR2.o)
 .debug_frame   0x00001b10       0x50 .\CortexM3\ARM_GCC_493\Debug\car.a(STR1.o)
 .debug_frame   0x00001b60       0x50 .\CortexM3\ARM_GCC_493\Debug\car.a(MSR_LOW.o)
 .debug_frame   0x00001bb0       0x50 .\CortexM3\ARM_GCC_493\Debug\car.a(MSR_HIGH.o)
 .debug_frame   0x00001c00       0x50 .\CortexM3\ARM_GCC_493\Debug\car.a(SWITCH_1_LOW.o)
 .debug_frame   0x00001c50       0x50 .\CortexM3\ARM_GCC_493\Debug\car.a(SWITCH_1_HIGH.o)
 .debug_frame   0x00001ca0       0x50 .\CortexM3\ARM_GCC_493\Debug\car.a(SWITCH_2_LOW.o)
 .debug_frame   0x00001cf0       0x50 .\CortexM3\ARM_GCC_493\Debug\car.a(SWITCH_2_HIGH.o)
 .debug_frame   0x00001d40      0x1dc .\CortexM3\ARM_GCC_493\Debug\car.a(ADC.o)
 .debug_frame   0x00001f1c       0x20 .\CortexM3\ARM_GCC_493\Debug\car.a(ADC_INT.o)
 .debug_frame   0x00001f3c      0x1a4 .\CortexM3\ARM_GCC_493\Debug\car.a(ADC_SAR.o)
 .debug_frame   0x000020e0       0x54 .\CortexM3\ARM_GCC_493\Debug\car.a(ADC_TempBuf_dma.o)
 .debug_frame   0x00002134       0x54 .\CortexM3\ARM_GCC_493\Debug\car.a(ADC_FinalBuf_dma.o)
 .debug_frame   0x00002188      0x104 .\CortexM3\ARM_GCC_493\Debug\car.a(ADC_IRQ.o)
 .debug_frame   0x0000228c       0x50 .\CortexM3\ARM_GCC_493\Debug\car.a(WARNING_GREEN.o)
 .debug_frame   0x000022dc       0x50 .\CortexM3\ARM_GCC_493\Debug\car.a(WARNING_BLUE.o)
 .debug_frame   0x0000232c       0x50 .\CortexM3\ARM_GCC_493\Debug\car.a(WARNING_RED.o)
 .debug_frame   0x0000237c      0x174 .\CortexM3\ARM_GCC_493\Debug\car.a(CyFlash.o)
 .debug_frame   0x000024f0      0x160 .\CortexM3\ARM_GCC_493\Debug\car.a(CySpc.o)
 .debug_frame   0x00002650       0x28 c:/program files (x86)/cypress/psoc creator/3.3/psoc creator/import/gnu/arm/4.9.3/bin/../lib/gcc/arm-none-eabi/4.9.3/armv7-m\libgcc.a(_aeabi_ldivmod.o)
 .debug_frame   0x00002678       0x54 c:/program files (x86)/cypress/psoc creator/3.3/psoc creator/import/gnu/arm/4.9.3/bin/../lib/gcc/arm-none-eabi/4.9.3/armv7-m\libgcc.a(bpabi.o)
 .debug_frame   0x000026cc       0x34 c:/program files (x86)/cypress/psoc creator/3.3/psoc creator/import/gnu/arm/4.9.3/bin/../lib/gcc/arm-none-eabi/4.9.3/armv7-m\libgcc.a(_divdi3.o)
 .debug_frame   0x00002700       0x34 c:/program files (x86)/cypress/psoc creator/3.3/psoc creator/import/gnu/arm/4.9.3/bin/../lib/gcc/arm-none-eabi/4.9.3/armv7-m\libgcc.a(_udivdi3.o)
 .debug_frame   0x00002734       0x20 c:/program files (x86)/cypress/psoc creator/3.3/psoc creator/import/gnu/arm/4.9.3/bin/../lib/gcc/arm-none-eabi/4.9.3/../../../../arm-none-eabi/lib/armv7-m\libg_nano.a(lib_a-errno.o)
 .debug_frame   0x00002754       0x28 c:/program files (x86)/cypress/psoc creator/3.3/psoc creator/import/gnu/arm/4.9.3/bin/../lib/gcc/arm-none-eabi/4.9.3/../../../../arm-none-eabi/lib/armv7-m\libg_nano.a(lib_a-exit.o)
 .debug_frame   0x0000277c       0x2c c:/program files (x86)/cypress/psoc creator/3.3/psoc creator/import/gnu/arm/4.9.3/bin/../lib/gcc/arm-none-eabi/4.9.3/../../../../arm-none-eabi/lib/armv7-m\libg_nano.a(lib_a-init.o)
 .debug_frame   0x000027a8       0x28 c:/program files (x86)/cypress/psoc creator/3.3/psoc creator/import/gnu/arm/4.9.3/bin/../lib/gcc/arm-none-eabi/4.9.3/../../../../arm-none-eabi/lib/armv7-m\libg_nano.a(lib_a-memcpy.o)
 .debug_frame   0x000027d0       0x20 c:/program files (x86)/cypress/psoc creator/3.3/psoc creator/import/gnu/arm/4.9.3/bin/../lib/gcc/arm-none-eabi/4.9.3/../../../../arm-none-eabi/lib/armv7-m\libg_nano.a(lib_a-memset.o)
 .debug_frame   0x000027f0       0x74 c:/program files (x86)/cypress/psoc creator/3.3/psoc creator/import/gnu/arm/4.9.3/bin/../lib/gcc/arm-none-eabi/4.9.3/../../../../arm-none-eabi/lib/armv7-m\libg_nano.a(lib_a-printf.o)
 .debug_frame   0x00002864      0x11c c:/program files (x86)/cypress/psoc creator/3.3/psoc creator/import/gnu/arm/4.9.3/bin/../lib/gcc/arm-none-eabi/4.9.3/../../../../arm-none-eabi/lib/armv7-m\libg_nano.a(lib_a-findfp.o)
 .debug_frame   0x00002980       0x54 c:/program files (x86)/cypress/psoc creator/3.3/psoc creator/import/gnu/arm/4.9.3/bin/../lib/gcc/arm-none-eabi/4.9.3/../../../../arm-none-eabi/lib/armv7-m\libg_nano.a(lib_a-fwalk.o)
 .debug_frame   0x000029d4       0x2c c:/program files (x86)/cypress/psoc creator/3.3/psoc creator/import/gnu/arm/4.9.3/bin/../lib/gcc/arm-none-eabi/4.9.3/../../../../arm-none-eabi/lib/armv7-m\libg_nano.a(lib_a-nano-mallocr.o)
 .debug_frame   0x00002a00       0xb8 c:/program files (x86)/cypress/psoc creator/3.3/psoc creator/import/gnu/arm/4.9.3/bin/../lib/gcc/arm-none-eabi/4.9.3/../../../../arm-none-eabi/lib/armv7-m\libg_nano.a(lib_a-nano-vfprintf.o)
 .debug_frame   0x00002ab8       0x58 c:/program files (x86)/cypress/psoc creator/3.3/psoc creator/import/gnu/arm/4.9.3/bin/../lib/gcc/arm-none-eabi/4.9.3/../../../../arm-none-eabi/lib/armv7-m\libg_nano.a(lib_a-nano-vfprintf_i.o)
 .debug_frame   0x00002b10       0x2c c:/program files (x86)/cypress/psoc creator/3.3/psoc creator/import/gnu/arm/4.9.3/bin/../lib/gcc/arm-none-eabi/4.9.3/../../../../arm-none-eabi/lib/armv7-m\libg_nano.a(lib_a-sbrkr.o)
 .debug_frame   0x00002b3c       0x88 c:/program files (x86)/cypress/psoc creator/3.3/psoc creator/import/gnu/arm/4.9.3/bin/../lib/gcc/arm-none-eabi/4.9.3/../../../../arm-none-eabi/lib/armv7-m\libg_nano.a(lib_a-stdio.o)
 .debug_frame   0x00002bc4       0x3c c:/program files (x86)/cypress/psoc creator/3.3/psoc creator/import/gnu/arm/4.9.3/bin/../lib/gcc/arm-none-eabi/4.9.3/../../../../arm-none-eabi/lib/armv7-m\libg_nano.a(lib_a-wbuf.o)
 .debug_frame   0x00002c00       0x2c c:/program files (x86)/cypress/psoc creator/3.3/psoc creator/import/gnu/arm/4.9.3/bin/../lib/gcc/arm-none-eabi/4.9.3/../../../../arm-none-eabi/lib/armv7-m\libg_nano.a(lib_a-writer.o)
 .debug_frame   0x00002c2c       0x2c c:/program files (x86)/cypress/psoc creator/3.3/psoc creator/import/gnu/arm/4.9.3/bin/../lib/gcc/arm-none-eabi/4.9.3/../../../../arm-none-eabi/lib/armv7-m\libg_nano.a(lib_a-wsetup.o)
 .debug_frame   0x00002c58       0x2c c:/program files (x86)/cypress/psoc creator/3.3/psoc creator/import/gnu/arm/4.9.3/bin/../lib/gcc/arm-none-eabi/4.9.3/../../../../arm-none-eabi/lib/armv7-m\libg_nano.a(lib_a-closer.o)
 .debug_frame   0x00002c84       0x68 c:/program files (x86)/cypress/psoc creator/3.3/psoc creator/import/gnu/arm/4.9.3/bin/../lib/gcc/arm-none-eabi/4.9.3/../../../../arm-none-eabi/lib/armv7-m\libg_nano.a(lib_a-fflush.o)
 .debug_frame   0x00002cec       0x3c c:/program files (x86)/cypress/psoc creator/3.3/psoc creator/import/gnu/arm/4.9.3/bin/../lib/gcc/arm-none-eabi/4.9.3/../../../../arm-none-eabi/lib/armv7-m\libg_nano.a(lib_a-fvwrite.o)
 .debug_frame   0x00002d28       0x2c c:/program files (x86)/cypress/psoc creator/3.3/psoc creator/import/gnu/arm/4.9.3/bin/../lib/gcc/arm-none-eabi/4.9.3/../../../../arm-none-eabi/lib/armv7-m\libg_nano.a(lib_a-lseekr.o)
 .debug_frame   0x00002d54       0x34 c:/program files (x86)/cypress/psoc creator/3.3/psoc creator/import/gnu/arm/4.9.3/bin/../lib/gcc/arm-none-eabi/4.9.3/../../../../arm-none-eabi/lib/armv7-m\libg_nano.a(lib_a-makebuf.o)
 .debug_frame   0x00002d88       0x28 c:/program files (x86)/cypress/psoc creator/3.3/psoc creator/import/gnu/arm/4.9.3/bin/../lib/gcc/arm-none-eabi/4.9.3/../../../../arm-none-eabi/lib/armv7-m\libg_nano.a(lib_a-memchr.o)
 .debug_frame   0x00002db0       0x28 c:/program files (x86)/cypress/psoc creator/3.3/psoc creator/import/gnu/arm/4.9.3/bin/../lib/gcc/arm-none-eabi/4.9.3/../../../../arm-none-eabi/lib/armv7-m\libg_nano.a(lib_a-memmove.o)
 .debug_frame   0x00002dd8       0x2c c:/program files (x86)/cypress/psoc creator/3.3/psoc creator/import/gnu/arm/4.9.3/bin/../lib/gcc/arm-none-eabi/4.9.3/../../../../arm-none-eabi/lib/armv7-m\libg_nano.a(lib_a-nano-freer.o)
 .debug_frame   0x00002e04       0x3c c:/program files (x86)/cypress/psoc creator/3.3/psoc creator/import/gnu/arm/4.9.3/bin/../lib/gcc/arm-none-eabi/4.9.3/../../../../arm-none-eabi/lib/armv7-m\libg_nano.a(lib_a-nano-reallocr.o)
 .debug_frame   0x00002e40       0x2c c:/program files (x86)/cypress/psoc creator/3.3/psoc creator/import/gnu/arm/4.9.3/bin/../lib/gcc/arm-none-eabi/4.9.3/../../../../arm-none-eabi/lib/armv7-m\libg_nano.a(lib_a-readr.o)
 .debug_frame   0x00002e6c       0x5c c:/program files (x86)/cypress/psoc creator/3.3/psoc creator/import/gnu/arm/4.9.3/bin/../lib/gcc/arm-none-eabi/4.9.3/../../../../arm-none-eabi/lib/armv7-m\libg_nano.a(lib_a-reent.o)
 .debug_frame   0x00002ec8       0x2c c:/program files (x86)/cypress/psoc creator/3.3/psoc creator/import/gnu/arm/4.9.3/bin/../lib/gcc/arm-none-eabi/4.9.3/../../../../arm-none-eabi/lib/armv7-m\libg_nano.a(lib_a-fstatr.o)
 .debug_frame   0x00002ef4       0x2c c:/program files (x86)/cypress/psoc creator/3.3/psoc creator/import/gnu/arm/4.9.3/bin/../lib/gcc/arm-none-eabi/4.9.3/../../../../arm-none-eabi/lib/armv7-m\libg_nano.a(lib_a-isattyr.o)
 .debug_frame   0x00002f20       0x20 c:/program files (x86)/cypress/psoc creator/3.3/psoc creator/import/gnu/arm/4.9.3/bin/../lib/gcc/arm-none-eabi/4.9.3/../../../../arm-none-eabi/lib/armv7-m\libg_nano.a(lib_a-nano-msizer.o)
 .debug_frame   0x00002f40       0x20 c:/program files (x86)/cypress/psoc creator/3.3/psoc creator/import/gnu/arm/4.9.3/bin/../lib/gcc/arm-none-eabi/4.9.3/../../../../arm-none-eabi/lib/armv7-m\libnosys.a(close.o)
 .debug_frame   0x00002f60       0x20 c:/program files (x86)/cypress/psoc creator/3.3/psoc creator/import/gnu/arm/4.9.3/bin/../lib/gcc/arm-none-eabi/4.9.3/../../../../arm-none-eabi/lib/armv7-m\libnosys.a(fstat.o)
 .debug_frame   0x00002f80       0x20 c:/program files (x86)/cypress/psoc creator/3.3/psoc creator/import/gnu/arm/4.9.3/bin/../lib/gcc/arm-none-eabi/4.9.3/../../../../arm-none-eabi/lib/armv7-m\libnosys.a(isatty.o)
 .debug_frame   0x00002fa0       0x20 c:/program files (x86)/cypress/psoc creator/3.3/psoc creator/import/gnu/arm/4.9.3/bin/../lib/gcc/arm-none-eabi/4.9.3/../../../../arm-none-eabi/lib/armv7-m\libnosys.a(lseek.o)
 .debug_frame   0x00002fc0       0x20 c:/program files (x86)/cypress/psoc creator/3.3/psoc creator/import/gnu/arm/4.9.3/bin/../lib/gcc/arm-none-eabi/4.9.3/../../../../arm-none-eabi/lib/armv7-m\libnosys.a(read.o)

.debug_str      0x00000000     0x34f4
 *(.debug_str)
 .debug_str     0x00000000      0x419 .\CortexM3\ARM_GCC_493\Debug\main.o
                                0x46f (size before relaxing)
 .debug_str     0x00000419      0x312 .\CortexM3\ARM_GCC_493\Debug\Transfer.o
                                0x589 (size before relaxing)
 .debug_str     0x0000072b        0x8 .\CortexM3\ARM_GCC_493\Debug\car.o
                                0x26f (size before relaxing)
 .debug_str     0x00000733      0x628 .\CortexM3\ARM_GCC_493\Debug\key.o
                                0x9bb (size before relaxing)
 .debug_str     0x00000d5b       0x64 .\CortexM3\ARM_GCC_493\Debug\ADC_V.o
                                0x25d (size before relaxing)
 .debug_str     0x00000dbf       0x77 .\CortexM3\ARM_GCC_493\Debug\cymetadata.o
                                0x1d4 (size before relaxing)
 .debug_str     0x00000e36      0x170 .\CortexM3\ARM_GCC_493\Debug\Cm3Start.o
                                0x2f8 (size before relaxing)
 .debug_str     0x00000fa6      0x17e .\CortexM3\ARM_GCC_493\Debug\car.a(cyfitter_cfg.o)
                                0x322 (size before relaxing)
 .debug_str     0x00001124      0x38e .\CortexM3\ARM_GCC_493\Debug\car.a(CyDmac.o)
                                0x528 (size before relaxing)
 .debug_str     0x000014b2      0x7cd .\CortexM3\ARM_GCC_493\Debug\car.a(CyLib.o)
                                0xa0d (size before relaxing)
 .debug_str     0x00001c7f      0x35b .\CortexM3\ARM_GCC_493\Debug\car.a(cyPm.o)
                                0x705 (size before relaxing)
 .debug_str     0x00001fda      0x2cc .\CortexM3\ARM_GCC_493\Debug\car.a(UART_net.o)
                                0x4cf (size before relaxing)
 .debug_str     0x000022a6      0x1ad .\CortexM3\ARM_GCC_493\Debug\car.a(UART_net_IntClock.o)
                                0x350 (size before relaxing)
 .debug_str     0x00002453      0x123 .\CortexM3\ARM_GCC_493\Debug\car.a(isr_rx_net.o)
                                0x408 (size before relaxing)
 .debug_str     0x00002576      0x16e .\CortexM3\ARM_GCC_493\Debug\car.a(Timer_1.o)
                                0x2f3 (size before relaxing)
 .debug_str     0x000026e4      0x12a .\CortexM3\ARM_GCC_493\Debug\car.a(isr_timer.o)
                                0x2fa (size before relaxing)
 .debug_str     0x0000280e       0x63 .\CortexM3\ARM_GCC_493\Debug\car.a(STR2.o)
                                0x1c7 (size before relaxing)
 .debug_str     0x00002871       0x58 .\CortexM3\ARM_GCC_493\Debug\car.a(STR1.o)
                                0x1c7 (size before relaxing)
 .debug_str     0x000028c9       0x67 .\CortexM3\ARM_GCC_493\Debug\car.a(MSR_LOW.o)
                                0x1d6 (size before relaxing)
 .debug_str     0x00002930       0x6c .\CortexM3\ARM_GCC_493\Debug\car.a(MSR_HIGH.o)
                                0x1db (size before relaxing)
 .debug_str     0x0000299c       0x80 .\CortexM3\ARM_GCC_493\Debug\car.a(SWITCH_1_LOW.o)
                                0x1ef (size before relaxing)
 .debug_str     0x00002a1c       0x85 .\CortexM3\ARM_GCC_493\Debug\car.a(SWITCH_1_HIGH.o)
                                0x1f4 (size before relaxing)
 .debug_str     0x00002aa1       0x80 .\CortexM3\ARM_GCC_493\Debug\car.a(SWITCH_2_LOW.o)
                                0x1ef (size before relaxing)
 .debug_str     0x00002b21       0x85 .\CortexM3\ARM_GCC_493\Debug\car.a(SWITCH_2_HIGH.o)
                                0x1f4 (size before relaxing)
 .debug_str     0x00002ba6      0x2d1 .\CortexM3\ARM_GCC_493\Debug\car.a(ADC.o)
                                0x574 (size before relaxing)
 .debug_str     0x00002e77       0x2b .\CortexM3\ARM_GCC_493\Debug\car.a(ADC_INT.o)
                                0x182 (size before relaxing)
 .debug_str     0x00002ea2       0xf3 .\CortexM3\ARM_GCC_493\Debug\car.a(ADC_SAR.o)
                                0x41c (size before relaxing)
 .debug_str     0x00002f95       0x93 .\CortexM3\ARM_GCC_493\Debug\car.a(ADC_TempBuf_dma.o)
                                0x26b (size before relaxing)
 .debug_str     0x00003028       0x5b .\CortexM3\ARM_GCC_493\Debug\car.a(ADC_FinalBuf_dma.o)
                                0x26f (size before relaxing)
 .debug_str     0x00003083       0xde .\CortexM3\ARM_GCC_493\Debug\car.a(ADC_IRQ.o)
                                0x2a0 (size before relaxing)
 .debug_str     0x00003161       0x71 .\CortexM3\ARM_GCC_493\Debug\car.a(WARNING_GREEN.o)
                                0x1f4 (size before relaxing)
 .debug_str     0x000031d2       0x6d .\CortexM3\ARM_GCC_493\Debug\car.a(WARNING_BLUE.o)
                                0x1ef (size before relaxing)
 .debug_str     0x0000323f       0x69 .\CortexM3\ARM_GCC_493\Debug\car.a(WARNING_RED.o)
                                0x1ea (size before relaxing)
 .debug_str     0x000032a8      0x19e .\CortexM3\ARM_GCC_493\Debug\car.a(CyFlash.o)
                                0x37f (size before relaxing)
 .debug_str     0x00003446       0xae .\CortexM3\ARM_GCC_493\Debug\car.a(CySpc.o)
                                0x308 (size before relaxing)

.debug_loc      0x00000000     0x463c
 *(.debug_loc)
 .debug_loc     0x00000000       0x87 .\CortexM3\ARM_GCC_493\Debug\main.o
 .debug_loc     0x00000087     0x125d .\CortexM3\ARM_GCC_493\Debug\Transfer.o
 .debug_loc     0x000012e4      0x1ef .\CortexM3\ARM_GCC_493\Debug\key.o
 .debug_loc     0x000014d3       0x9f .\CortexM3\ARM_GCC_493\Debug\ADC_V.o
 .debug_loc     0x00001572      0x144 .\CortexM3\ARM_GCC_493\Debug\Cm3Start.o
 .debug_loc     0x000016b6      0x279 .\CortexM3\ARM_GCC_493\Debug\car.a(cyfitter_cfg.o)
 .debug_loc     0x0000192f      0xb83 .\CortexM3\ARM_GCC_493\Debug\car.a(CyDmac.o)
 .debug_loc     0x000024b2      0xa11 .\CortexM3\ARM_GCC_493\Debug\car.a(CyLib.o)
 .debug_loc     0x00002ec3      0x1e4 .\CortexM3\ARM_GCC_493\Debug\car.a(cyPm.o)
 .debug_loc     0x000030a7      0x258 .\CortexM3\ARM_GCC_493\Debug\car.a(UART_net.o)
 .debug_loc     0x000032ff      0x128 .\CortexM3\ARM_GCC_493\Debug\car.a(UART_net_IntClock.o)
 .debug_loc     0x00003427       0x69 .\CortexM3\ARM_GCC_493\Debug\car.a(isr_rx_net.o)
 .debug_loc     0x00003490       0x56 .\CortexM3\ARM_GCC_493\Debug\car.a(isr_timer.o)
 .debug_loc     0x000034e6       0x55 .\CortexM3\ARM_GCC_493\Debug\car.a(STR2.o)
 .debug_loc     0x0000353b       0x42 .\CortexM3\ARM_GCC_493\Debug\car.a(STR1.o)
 .debug_loc     0x0000357d       0x42 .\CortexM3\ARM_GCC_493\Debug\car.a(MSR_LOW.o)
 .debug_loc     0x000035bf       0x42 .\CortexM3\ARM_GCC_493\Debug\car.a(MSR_HIGH.o)
 .debug_loc     0x00003601       0x42 .\CortexM3\ARM_GCC_493\Debug\car.a(SWITCH_1_LOW.o)
 .debug_loc     0x00003643       0x42 .\CortexM3\ARM_GCC_493\Debug\car.a(SWITCH_1_HIGH.o)
 .debug_loc     0x00003685       0x55 .\CortexM3\ARM_GCC_493\Debug\car.a(SWITCH_2_LOW.o)
 .debug_loc     0x000036da       0x42 .\CortexM3\ARM_GCC_493\Debug\car.a(SWITCH_2_HIGH.o)
 .debug_loc     0x0000371c      0x13c .\CortexM3\ARM_GCC_493\Debug\car.a(ADC.o)
 .debug_loc     0x00003858      0x273 .\CortexM3\ARM_GCC_493\Debug\car.a(ADC_SAR.o)
 .debug_loc     0x00003acb       0x84 .\CortexM3\ARM_GCC_493\Debug\car.a(ADC_TempBuf_dma.o)
 .debug_loc     0x00003b4f       0x84 .\CortexM3\ARM_GCC_493\Debug\car.a(ADC_FinalBuf_dma.o)
 .debug_loc     0x00003bd3       0x56 .\CortexM3\ARM_GCC_493\Debug\car.a(ADC_IRQ.o)
 .debug_loc     0x00003c29       0x42 .\CortexM3\ARM_GCC_493\Debug\car.a(WARNING_GREEN.o)
 .debug_loc     0x00003c6b       0x42 .\CortexM3\ARM_GCC_493\Debug\car.a(WARNING_BLUE.o)
 .debug_loc     0x00003cad       0x42 .\CortexM3\ARM_GCC_493\Debug\car.a(WARNING_RED.o)
 .debug_loc     0x00003cef      0x300 .\CortexM3\ARM_GCC_493\Debug\car.a(CyFlash.o)
 .debug_loc     0x00003fef      0x64d .\CortexM3\ARM_GCC_493\Debug\car.a(CySpc.o)

.debug_macinfo
 *(.debug_macinfo)

.debug_ranges   0x00000000      0xd90
 *(.debug_ranges)
 .debug_ranges  0x00000000       0x18 .\CortexM3\ARM_GCC_493\Debug\main.o
 .debug_ranges  0x00000018       0x88 .\CortexM3\ARM_GCC_493\Debug\Transfer.o
 .debug_ranges  0x000000a0      0x178 .\CortexM3\ARM_GCC_493\Debug\key.o
 .debug_ranges  0x00000218       0x20 .\CortexM3\ARM_GCC_493\Debug\ADC_V.o
 .debug_ranges  0x00000238       0x38 .\CortexM3\ARM_GCC_493\Debug\Cm3Start.o
 .debug_ranges  0x00000270       0x48 .\CortexM3\ARM_GCC_493\Debug\car.a(cyfitter_cfg.o)
 .debug_ranges  0x000002b8       0xc8 .\CortexM3\ARM_GCC_493\Debug\car.a(CyDmac.o)
 .debug_ranges  0x00000380      0x288 .\CortexM3\ARM_GCC_493\Debug\car.a(CyLib.o)
 .debug_ranges  0x00000608       0x88 .\CortexM3\ARM_GCC_493\Debug\car.a(cyPm.o)
 .debug_ranges  0x00000690       0xe0 .\CortexM3\ARM_GCC_493\Debug\car.a(UART_net.o)
 .debug_ranges  0x00000770       0x60 .\CortexM3\ARM_GCC_493\Debug\car.a(UART_net_IntClock.o)
 .debug_ranges  0x000007d0       0x70 .\CortexM3\ARM_GCC_493\Debug\car.a(isr_rx_net.o)
 .debug_ranges  0x00000840       0x78 .\CortexM3\ARM_GCC_493\Debug\car.a(Timer_1.o)
 .debug_ranges  0x000008b8       0x70 .\CortexM3\ARM_GCC_493\Debug\car.a(isr_timer.o)
 .debug_ranges  0x00000928       0x28 .\CortexM3\ARM_GCC_493\Debug\car.a(STR2.o)
 .debug_ranges  0x00000950       0x28 .\CortexM3\ARM_GCC_493\Debug\car.a(STR1.o)
 .debug_ranges  0x00000978       0x28 .\CortexM3\ARM_GCC_493\Debug\car.a(MSR_LOW.o)
 .debug_ranges  0x000009a0       0x28 .\CortexM3\ARM_GCC_493\Debug\car.a(MSR_HIGH.o)
 .debug_ranges  0x000009c8       0x28 .\CortexM3\ARM_GCC_493\Debug\car.a(SWITCH_1_LOW.o)
 .debug_ranges  0x000009f0       0x28 .\CortexM3\ARM_GCC_493\Debug\car.a(SWITCH_1_HIGH.o)
 .debug_ranges  0x00000a18       0x28 .\CortexM3\ARM_GCC_493\Debug\car.a(SWITCH_2_LOW.o)
 .debug_ranges  0x00000a40       0x28 .\CortexM3\ARM_GCC_493\Debug\car.a(SWITCH_2_HIGH.o)
 .debug_ranges  0x00000a68       0x90 .\CortexM3\ARM_GCC_493\Debug\car.a(ADC.o)
 .debug_ranges  0x00000af8       0x10 .\CortexM3\ARM_GCC_493\Debug\car.a(ADC_INT.o)
 .debug_ranges  0x00000b08       0x98 .\CortexM3\ARM_GCC_493\Debug\car.a(ADC_SAR.o)
 .debug_ranges  0x00000ba0       0x18 .\CortexM3\ARM_GCC_493\Debug\car.a(ADC_TempBuf_dma.o)
 .debug_ranges  0x00000bb8       0x18 .\CortexM3\ARM_GCC_493\Debug\car.a(ADC_FinalBuf_dma.o)
 .debug_ranges  0x00000bd0       0x70 .\CortexM3\ARM_GCC_493\Debug\car.a(ADC_IRQ.o)
 .debug_ranges  0x00000c40       0x28 .\CortexM3\ARM_GCC_493\Debug\car.a(WARNING_GREEN.o)
 .debug_ranges  0x00000c68       0x28 .\CortexM3\ARM_GCC_493\Debug\car.a(WARNING_BLUE.o)
 .debug_ranges  0x00000c90       0x28 .\CortexM3\ARM_GCC_493\Debug\car.a(WARNING_RED.o)
 .debug_ranges  0x00000cb8       0x70 .\CortexM3\ARM_GCC_493\Debug\car.a(CyFlash.o)
 .debug_ranges  0x00000d28       0x68 .\CortexM3\ARM_GCC_493\Debug\car.a(CySpc.o)

.comment        0x00000000       0x70
 .comment       0x00000000       0x70 .\CortexM3\ARM_GCC_493\Debug\main.o
                                 0x71 (size before relaxing)
 .comment       0x00000000       0x71 .\CortexM3\ARM_GCC_493\Debug\Transfer.o
 .comment       0x00000000       0x71 .\CortexM3\ARM_GCC_493\Debug\car.o
 .comment       0x00000000       0x71 .\CortexM3\ARM_GCC_493\Debug\key.o
 .comment       0x00000000       0x71 .\CortexM3\ARM_GCC_493\Debug\ADC_V.o
 .comment       0x00000000       0x71 .\CortexM3\ARM_GCC_493\Debug\cymetadata.o
 .comment       0x00000000       0x71 .\CortexM3\ARM_GCC_493\Debug\Cm3Start.o
 .comment       0x00000000       0x71 .\CortexM3\ARM_GCC_493\Debug\car.a(cyfitter_cfg.o)
 .comment       0x00000000       0x71 .\CortexM3\ARM_GCC_493\Debug\car.a(CyDmac.o)
 .comment       0x00000000       0x71 .\CortexM3\ARM_GCC_493\Debug\car.a(CyLib.o)
 .comment       0x00000000       0x71 .\CortexM3\ARM_GCC_493\Debug\car.a(cyPm.o)
 .comment       0x00000000       0x71 .\CortexM3\ARM_GCC_493\Debug\car.a(UART_net.o)
 .comment       0x00000000       0x71 .\CortexM3\ARM_GCC_493\Debug\car.a(UART_net_IntClock.o)
 .comment       0x00000000       0x71 .\CortexM3\ARM_GCC_493\Debug\car.a(isr_rx_net.o)
 .comment       0x00000000       0x71 .\CortexM3\ARM_GCC_493\Debug\car.a(Timer_1.o)
 .comment       0x00000000       0x71 .\CortexM3\ARM_GCC_493\Debug\car.a(isr_timer.o)
 .comment       0x00000000       0x71 .\CortexM3\ARM_GCC_493\Debug\car.a(STR2.o)
 .comment       0x00000000       0x71 .\CortexM3\ARM_GCC_493\Debug\car.a(STR1.o)
 .comment       0x00000000       0x71 .\CortexM3\ARM_GCC_493\Debug\car.a(MSR_LOW.o)
 .comment       0x00000000       0x71 .\CortexM3\ARM_GCC_493\Debug\car.a(MSR_HIGH.o)
 .comment       0x00000000       0x71 .\CortexM3\ARM_GCC_493\Debug\car.a(SWITCH_1_LOW.o)
 .comment       0x00000000       0x71 .\CortexM3\ARM_GCC_493\Debug\car.a(SWITCH_1_HIGH.o)
 .comment       0x00000000       0x71 .\CortexM3\ARM_GCC_493\Debug\car.a(SWITCH_2_LOW.o)
 .comment       0x00000000       0x71 .\CortexM3\ARM_GCC_493\Debug\car.a(SWITCH_2_HIGH.o)
 .comment       0x00000000       0x71 .\CortexM3\ARM_GCC_493\Debug\car.a(ADC.o)
 .comment       0x00000000       0x71 .\CortexM3\ARM_GCC_493\Debug\car.a(ADC_INT.o)
 .comment       0x00000000       0x71 .\CortexM3\ARM_GCC_493\Debug\car.a(ADC_SAR.o)
 .comment       0x00000000       0x71 .\CortexM3\ARM_GCC_493\Debug\car.a(ADC_TempBuf_dma.o)
 .comment       0x00000000       0x71 .\CortexM3\ARM_GCC_493\Debug\car.a(ADC_FinalBuf_dma.o)
 .comment       0x00000000       0x71 .\CortexM3\ARM_GCC_493\Debug\car.a(ADC_IRQ.o)
 .comment       0x00000000       0x71 .\CortexM3\ARM_GCC_493\Debug\car.a(WARNING_GREEN.o)
 .comment       0x00000000       0x71 .\CortexM3\ARM_GCC_493\Debug\car.a(WARNING_BLUE.o)
 .comment       0x00000000       0x71 .\CortexM3\ARM_GCC_493\Debug\car.a(WARNING_RED.o)
 .comment       0x00000000       0x71 .\CortexM3\ARM_GCC_493\Debug\car.a(CyFlash.o)
 .comment       0x00000000       0x71 .\CortexM3\ARM_GCC_493\Debug\car.a(CySpc.o)

.debug_weaknames
 *(.debug_weaknames)

.debug_funcnames
 *(.debug_funcnames)

.debug_typenames
 *(.debug_typenames)

.debug_varnames
 *(.debug_varnames)

.note.gnu.arm.ident
 *(.note.gnu.arm.ident)

.ARM.attributes
                0x00000000       0x29
 *(.ARM.attributes)
 .ARM.attributes
                0x00000000       0x1d c:/program files (x86)/cypress/psoc creator/3.3/psoc creator/import/gnu/arm/4.9.3/bin/../lib/gcc/arm-none-eabi/4.9.3/armv7-m/crti.o
 .ARM.attributes
                0x0000001d       0x2d c:/program files (x86)/cypress/psoc creator/3.3/psoc creator/import/gnu/arm/4.9.3/bin/../lib/gcc/arm-none-eabi/4.9.3/armv7-m/crtbegin.o
 .ARM.attributes
                0x0000004a       0x1b c:/program files (x86)/cypress/psoc creator/3.3/psoc creator/import/gnu/arm/4.9.3/bin/../lib/gcc/arm-none-eabi/4.9.3/../../../../arm-none-eabi/lib/armv7-m/crt0.o
 .ARM.attributes
                0x00000065       0x33 .\CortexM3\ARM_GCC_493\Debug\main.o
 .ARM.attributes
                0x00000098       0x33 .\CortexM3\ARM_GCC_493\Debug\Transfer.o
 .ARM.attributes
                0x000000cb       0x33 .\CortexM3\ARM_GCC_493\Debug\car.o
 .ARM.attributes
                0x000000fe       0x33 .\CortexM3\ARM_GCC_493\Debug\key.o
 .ARM.attributes
                0x00000131       0x33 .\CortexM3\ARM_GCC_493\Debug\ADC_V.o
 .ARM.attributes
                0x00000164       0x33 .\CortexM3\ARM_GCC_493\Debug\cymetadata.o
 .ARM.attributes
                0x00000197       0x33 .\CortexM3\ARM_GCC_493\Debug\Cm3Start.o
 .ARM.attributes
                0x000001ca       0x33 .\CortexM3\ARM_GCC_493\Debug\car.a(cyfitter_cfg.o)
 .ARM.attributes
                0x000001fd       0x21 .\CortexM3\ARM_GCC_493\Debug\car.a(CyBootAsmGnu.o)
 .ARM.attributes
                0x0000021e       0x33 .\CortexM3\ARM_GCC_493\Debug\car.a(CyDmac.o)
 .ARM.attributes
                0x00000251       0x33 .\CortexM3\ARM_GCC_493\Debug\car.a(CyLib.o)
 .ARM.attributes
                0x00000284       0x33 .\CortexM3\ARM_GCC_493\Debug\car.a(cyPm.o)
 .ARM.attributes
                0x000002b7       0x33 .\CortexM3\ARM_GCC_493\Debug\car.a(UART_net.o)
 .ARM.attributes