ARM GAS  C:\Users\pxc\AppData\Local\Temp\ccQgqgLy.s 			page 1


   1              		.syntax unified
   2              		.cpu cortex-m3
   3              		.fpu softvfp
   4              		.eabi_attribute 20, 1
   5              		.eabi_attribute 21, 1
   6              		.eabi_attribute 23, 3
   7              		.eabi_attribute 24, 1
   8              		.eabi_attribute 25, 1
   9              		.eabi_attribute 26, 1
  10              		.eabi_attribute 30, 1
  11              		.eabi_attribute 34, 1
  12              		.eabi_attribute 18, 4
  13              		.thumb
  14              		.file	"isr_rx_net.c"
  15              		.text
  16              	.Ltext0:
  17              		.cfi_sections	.debug_frame
  18              		.section	.text.isr_rx_net_Interrupt,"ax",%progbits
  19              		.align	2
  20              		.global	isr_rx_net_Interrupt
  21              		.thumb
  22              		.thumb_func
  23              		.type	isr_rx_net_Interrupt, %function
  24              	isr_rx_net_Interrupt:
  25              	.LFB66:
  26              		.file 1 ".\\Generated_Source\\PSoC5\\isr_rx_net.c"
   1:.\Generated_Source\PSoC5/isr_rx_net.c **** /*******************************************************************************
   2:.\Generated_Source\PSoC5/isr_rx_net.c **** * File Name: isr_rx_net.c  
   3:.\Generated_Source\PSoC5/isr_rx_net.c **** * Version 1.70
   4:.\Generated_Source\PSoC5/isr_rx_net.c **** *
   5:.\Generated_Source\PSoC5/isr_rx_net.c **** *  Description:
   6:.\Generated_Source\PSoC5/isr_rx_net.c **** *   API for controlling the state of an interrupt.
   7:.\Generated_Source\PSoC5/isr_rx_net.c **** *
   8:.\Generated_Source\PSoC5/isr_rx_net.c **** *
   9:.\Generated_Source\PSoC5/isr_rx_net.c **** *  Note:
  10:.\Generated_Source\PSoC5/isr_rx_net.c **** *
  11:.\Generated_Source\PSoC5/isr_rx_net.c **** ********************************************************************************
  12:.\Generated_Source\PSoC5/isr_rx_net.c **** * Copyright 2008-2015, Cypress Semiconductor Corporation.  All rights reserved.
  13:.\Generated_Source\PSoC5/isr_rx_net.c **** * You may use this file only in accordance with the license, terms, conditions, 
  14:.\Generated_Source\PSoC5/isr_rx_net.c **** * disclaimers, and limitations in the end user license agreement accompanying 
  15:.\Generated_Source\PSoC5/isr_rx_net.c **** * the software package with which this file was provided.
  16:.\Generated_Source\PSoC5/isr_rx_net.c **** *******************************************************************************/
  17:.\Generated_Source\PSoC5/isr_rx_net.c **** 
  18:.\Generated_Source\PSoC5/isr_rx_net.c **** 
  19:.\Generated_Source\PSoC5/isr_rx_net.c **** #include <cydevice_trm.h>
  20:.\Generated_Source\PSoC5/isr_rx_net.c **** #include <CyLib.h>
  21:.\Generated_Source\PSoC5/isr_rx_net.c **** #include <isr_rx_net.h>
  22:.\Generated_Source\PSoC5/isr_rx_net.c **** #include "cyapicallbacks.h"
  23:.\Generated_Source\PSoC5/isr_rx_net.c **** 
  24:.\Generated_Source\PSoC5/isr_rx_net.c **** #if !defined(isr_rx_net__REMOVED) /* Check for removal by optimization */
  25:.\Generated_Source\PSoC5/isr_rx_net.c **** 
  26:.\Generated_Source\PSoC5/isr_rx_net.c **** /*******************************************************************************
  27:.\Generated_Source\PSoC5/isr_rx_net.c **** *  Place your includes, defines and code here 
  28:.\Generated_Source\PSoC5/isr_rx_net.c **** ********************************************************************************/
  29:.\Generated_Source\PSoC5/isr_rx_net.c **** /* `#START isr_rx_net_intc` */
  30:.\Generated_Source\PSoC5/isr_rx_net.c ****     #include "UART_net.h"
  31:.\Generated_Source\PSoC5/isr_rx_net.c ****     #include "Transfer.h"
ARM GAS  C:\Users\pxc\AppData\Local\Temp\ccQgqgLy.s 			page 2


  32:.\Generated_Source\PSoC5/isr_rx_net.c ****    uint8 data;
  33:.\Generated_Source\PSoC5/isr_rx_net.c ****     uint8 data1;
  34:.\Generated_Source\PSoC5/isr_rx_net.c **** /* `#END` */
  35:.\Generated_Source\PSoC5/isr_rx_net.c **** 
  36:.\Generated_Source\PSoC5/isr_rx_net.c **** #ifndef CYINT_IRQ_BASE
  37:.\Generated_Source\PSoC5/isr_rx_net.c **** #define CYINT_IRQ_BASE      16
  38:.\Generated_Source\PSoC5/isr_rx_net.c **** #endif /* CYINT_IRQ_BASE */
  39:.\Generated_Source\PSoC5/isr_rx_net.c **** #ifndef CYINT_VECT_TABLE
  40:.\Generated_Source\PSoC5/isr_rx_net.c **** #define CYINT_VECT_TABLE    ((cyisraddress **) CYREG_NVIC_VECT_OFFSET)
  41:.\Generated_Source\PSoC5/isr_rx_net.c **** #endif /* CYINT_VECT_TABLE */
  42:.\Generated_Source\PSoC5/isr_rx_net.c **** 
  43:.\Generated_Source\PSoC5/isr_rx_net.c **** /* Declared in startup, used to set unused interrupts to. */
  44:.\Generated_Source\PSoC5/isr_rx_net.c **** CY_ISR_PROTO(IntDefaultHandler);
  45:.\Generated_Source\PSoC5/isr_rx_net.c **** 
  46:.\Generated_Source\PSoC5/isr_rx_net.c **** 
  47:.\Generated_Source\PSoC5/isr_rx_net.c **** /*******************************************************************************
  48:.\Generated_Source\PSoC5/isr_rx_net.c **** * Function Name: isr_rx_net_Start
  49:.\Generated_Source\PSoC5/isr_rx_net.c **** ********************************************************************************
  50:.\Generated_Source\PSoC5/isr_rx_net.c **** *
  51:.\Generated_Source\PSoC5/isr_rx_net.c **** * Summary:
  52:.\Generated_Source\PSoC5/isr_rx_net.c **** *  Set up the interrupt and enable it. This function disables the interrupt, 
  53:.\Generated_Source\PSoC5/isr_rx_net.c **** *  sets the default interrupt vector, sets the priority from the value in the
  54:.\Generated_Source\PSoC5/isr_rx_net.c **** *  Design Wide Resources Interrupt Editor, then enables the interrupt to the 
  55:.\Generated_Source\PSoC5/isr_rx_net.c **** *  interrupt controller.
  56:.\Generated_Source\PSoC5/isr_rx_net.c **** *
  57:.\Generated_Source\PSoC5/isr_rx_net.c **** * Parameters:  
  58:.\Generated_Source\PSoC5/isr_rx_net.c **** *   None
  59:.\Generated_Source\PSoC5/isr_rx_net.c **** *
  60:.\Generated_Source\PSoC5/isr_rx_net.c **** * Return:
  61:.\Generated_Source\PSoC5/isr_rx_net.c **** *   None
  62:.\Generated_Source\PSoC5/isr_rx_net.c **** *
  63:.\Generated_Source\PSoC5/isr_rx_net.c **** *******************************************************************************/
  64:.\Generated_Source\PSoC5/isr_rx_net.c **** void isr_rx_net_Start(void)
  65:.\Generated_Source\PSoC5/isr_rx_net.c **** {
  66:.\Generated_Source\PSoC5/isr_rx_net.c ****     /* For all we know the interrupt is active. */
  67:.\Generated_Source\PSoC5/isr_rx_net.c ****     isr_rx_net_Disable();
  68:.\Generated_Source\PSoC5/isr_rx_net.c **** 
  69:.\Generated_Source\PSoC5/isr_rx_net.c ****     /* Set the ISR to point to the isr_rx_net Interrupt. */
  70:.\Generated_Source\PSoC5/isr_rx_net.c ****     isr_rx_net_SetVector(&isr_rx_net_Interrupt);
  71:.\Generated_Source\PSoC5/isr_rx_net.c **** 
  72:.\Generated_Source\PSoC5/isr_rx_net.c ****     /* Set the priority. */
  73:.\Generated_Source\PSoC5/isr_rx_net.c ****     isr_rx_net_SetPriority((uint8)isr_rx_net_INTC_PRIOR_NUMBER);
  74:.\Generated_Source\PSoC5/isr_rx_net.c **** 
  75:.\Generated_Source\PSoC5/isr_rx_net.c ****     /* Enable it. */
  76:.\Generated_Source\PSoC5/isr_rx_net.c ****     isr_rx_net_Enable();
  77:.\Generated_Source\PSoC5/isr_rx_net.c **** }
  78:.\Generated_Source\PSoC5/isr_rx_net.c **** 
  79:.\Generated_Source\PSoC5/isr_rx_net.c **** 
  80:.\Generated_Source\PSoC5/isr_rx_net.c **** /*******************************************************************************
  81:.\Generated_Source\PSoC5/isr_rx_net.c **** * Function Name: isr_rx_net_StartEx
  82:.\Generated_Source\PSoC5/isr_rx_net.c **** ********************************************************************************
  83:.\Generated_Source\PSoC5/isr_rx_net.c **** *
  84:.\Generated_Source\PSoC5/isr_rx_net.c **** * Summary:
  85:.\Generated_Source\PSoC5/isr_rx_net.c **** *  Sets up the interrupt and enables it. This function disables the interrupt,
  86:.\Generated_Source\PSoC5/isr_rx_net.c **** *  sets the interrupt vector based on the address passed in, sets the priority 
  87:.\Generated_Source\PSoC5/isr_rx_net.c **** *  from the value in the Design Wide Resources Interrupt Editor, then enables 
  88:.\Generated_Source\PSoC5/isr_rx_net.c **** *  the interrupt to the interrupt controller.
ARM GAS  C:\Users\pxc\AppData\Local\Temp\ccQgqgLy.s 			page 3


  89:.\Generated_Source\PSoC5/isr_rx_net.c **** *  
  90:.\Generated_Source\PSoC5/isr_rx_net.c **** *  When defining ISR functions, the CY_ISR and CY_ISR_PROTO macros should be 
  91:.\Generated_Source\PSoC5/isr_rx_net.c **** *  used to provide consistent definition across compilers:
  92:.\Generated_Source\PSoC5/isr_rx_net.c **** *  
  93:.\Generated_Source\PSoC5/isr_rx_net.c **** *  Function definition example:
  94:.\Generated_Source\PSoC5/isr_rx_net.c **** *   CY_ISR(MyISR)
  95:.\Generated_Source\PSoC5/isr_rx_net.c **** *   {
  96:.\Generated_Source\PSoC5/isr_rx_net.c **** *   }
  97:.\Generated_Source\PSoC5/isr_rx_net.c **** *   Function prototype example:
  98:.\Generated_Source\PSoC5/isr_rx_net.c **** *   CY_ISR_PROTO(MyISR);
  99:.\Generated_Source\PSoC5/isr_rx_net.c **** *
 100:.\Generated_Source\PSoC5/isr_rx_net.c **** * Parameters:  
 101:.\Generated_Source\PSoC5/isr_rx_net.c **** *   address: Address of the ISR to set in the interrupt vector table.
 102:.\Generated_Source\PSoC5/isr_rx_net.c **** *
 103:.\Generated_Source\PSoC5/isr_rx_net.c **** * Return:
 104:.\Generated_Source\PSoC5/isr_rx_net.c **** *   None
 105:.\Generated_Source\PSoC5/isr_rx_net.c **** *
 106:.\Generated_Source\PSoC5/isr_rx_net.c **** *******************************************************************************/
 107:.\Generated_Source\PSoC5/isr_rx_net.c **** void isr_rx_net_StartEx(cyisraddress address)
 108:.\Generated_Source\PSoC5/isr_rx_net.c **** {
 109:.\Generated_Source\PSoC5/isr_rx_net.c ****     /* For all we know the interrupt is active. */
 110:.\Generated_Source\PSoC5/isr_rx_net.c ****     isr_rx_net_Disable();
 111:.\Generated_Source\PSoC5/isr_rx_net.c **** 
 112:.\Generated_Source\PSoC5/isr_rx_net.c ****     /* Set the ISR to point to the isr_rx_net Interrupt. */
 113:.\Generated_Source\PSoC5/isr_rx_net.c ****     isr_rx_net_SetVector(address);
 114:.\Generated_Source\PSoC5/isr_rx_net.c **** 
 115:.\Generated_Source\PSoC5/isr_rx_net.c ****     /* Set the priority. */
 116:.\Generated_Source\PSoC5/isr_rx_net.c ****     isr_rx_net_SetPriority((uint8)isr_rx_net_INTC_PRIOR_NUMBER);
 117:.\Generated_Source\PSoC5/isr_rx_net.c **** 
 118:.\Generated_Source\PSoC5/isr_rx_net.c ****     /* Enable it. */
 119:.\Generated_Source\PSoC5/isr_rx_net.c ****     isr_rx_net_Enable();
 120:.\Generated_Source\PSoC5/isr_rx_net.c **** }
 121:.\Generated_Source\PSoC5/isr_rx_net.c **** 
 122:.\Generated_Source\PSoC5/isr_rx_net.c **** 
 123:.\Generated_Source\PSoC5/isr_rx_net.c **** /*******************************************************************************
 124:.\Generated_Source\PSoC5/isr_rx_net.c **** * Function Name: isr_rx_net_Stop
 125:.\Generated_Source\PSoC5/isr_rx_net.c **** ********************************************************************************
 126:.\Generated_Source\PSoC5/isr_rx_net.c **** *
 127:.\Generated_Source\PSoC5/isr_rx_net.c **** * Summary:
 128:.\Generated_Source\PSoC5/isr_rx_net.c **** *   Disables and removes the interrupt.
 129:.\Generated_Source\PSoC5/isr_rx_net.c **** *
 130:.\Generated_Source\PSoC5/isr_rx_net.c **** * Parameters:  
 131:.\Generated_Source\PSoC5/isr_rx_net.c **** *   None
 132:.\Generated_Source\PSoC5/isr_rx_net.c **** *
 133:.\Generated_Source\PSoC5/isr_rx_net.c **** * Return:
 134:.\Generated_Source\PSoC5/isr_rx_net.c **** *   None
 135:.\Generated_Source\PSoC5/isr_rx_net.c **** *
 136:.\Generated_Source\PSoC5/isr_rx_net.c **** *******************************************************************************/
 137:.\Generated_Source\PSoC5/isr_rx_net.c **** void isr_rx_net_Stop(void)
 138:.\Generated_Source\PSoC5/isr_rx_net.c **** {
 139:.\Generated_Source\PSoC5/isr_rx_net.c ****     /* Disable this interrupt. */
 140:.\Generated_Source\PSoC5/isr_rx_net.c ****     isr_rx_net_Disable();
 141:.\Generated_Source\PSoC5/isr_rx_net.c **** 
 142:.\Generated_Source\PSoC5/isr_rx_net.c ****     /* Set the ISR to point to the passive one. */
 143:.\Generated_Source\PSoC5/isr_rx_net.c ****     isr_rx_net_SetVector(&IntDefaultHandler);
 144:.\Generated_Source\PSoC5/isr_rx_net.c **** }
 145:.\Generated_Source\PSoC5/isr_rx_net.c **** 
ARM GAS  C:\Users\pxc\AppData\Local\Temp\ccQgqgLy.s 			page 4


 146:.\Generated_Source\PSoC5/isr_rx_net.c **** 
 147:.\Generated_Source\PSoC5/isr_rx_net.c **** /*******************************************************************************
 148:.\Generated_Source\PSoC5/isr_rx_net.c **** * Function Name: isr_rx_net_Interrupt
 149:.\Generated_Source\PSoC5/isr_rx_net.c **** ********************************************************************************
 150:.\Generated_Source\PSoC5/isr_rx_net.c **** *
 151:.\Generated_Source\PSoC5/isr_rx_net.c **** * Summary:
 152:.\Generated_Source\PSoC5/isr_rx_net.c **** *   The default Interrupt Service Routine for isr_rx_net.
 153:.\Generated_Source\PSoC5/isr_rx_net.c **** *
 154:.\Generated_Source\PSoC5/isr_rx_net.c **** *   Add custom code between the coments to keep the next version of this file
 155:.\Generated_Source\PSoC5/isr_rx_net.c **** *   from over writting your code.
 156:.\Generated_Source\PSoC5/isr_rx_net.c **** *
 157:.\Generated_Source\PSoC5/isr_rx_net.c **** * Parameters:  
 158:.\Generated_Source\PSoC5/isr_rx_net.c **** *
 159:.\Generated_Source\PSoC5/isr_rx_net.c **** * Return:
 160:.\Generated_Source\PSoC5/isr_rx_net.c **** *   None
 161:.\Generated_Source\PSoC5/isr_rx_net.c **** *
 162:.\Generated_Source\PSoC5/isr_rx_net.c **** *******************************************************************************/
 163:.\Generated_Source\PSoC5/isr_rx_net.c **** CY_ISR(isr_rx_net_Interrupt)
 164:.\Generated_Source\PSoC5/isr_rx_net.c **** {
  27              		.loc 1 164 0
  28              		.cfi_startproc
  29              		@ args = 0, pretend = 0, frame = 0
  30              		@ frame_needed = 0, uses_anonymous_args = 0
  31 0000 08B5     		push	{r3, lr}
  32              		.cfi_def_cfa_offset 8
  33              		.cfi_offset 3, -8
  34              		.cfi_offset 14, -4
 165:.\Generated_Source\PSoC5/isr_rx_net.c ****     #ifdef isr_rx_net_INTERRUPT_INTERRUPT_CALLBACK
 166:.\Generated_Source\PSoC5/isr_rx_net.c ****         isr_rx_net_Interrupt_InterruptCallback();
 167:.\Generated_Source\PSoC5/isr_rx_net.c ****     #endif /* isr_rx_net_INTERRUPT_INTERRUPT_CALLBACK */ 
 168:.\Generated_Source\PSoC5/isr_rx_net.c **** 
 169:.\Generated_Source\PSoC5/isr_rx_net.c ****     /*  Place your Interrupt code here. */
 170:.\Generated_Source\PSoC5/isr_rx_net.c ****     /* `#START isr_rx_net_Interrupt` */
 171:.\Generated_Source\PSoC5/isr_rx_net.c ****     uint8 data; 
 172:.\Generated_Source\PSoC5/isr_rx_net.c ****     data = UART_net_GetChar();
  35              		.loc 1 172 0
  36 0002 FFF7FEFF 		bl	UART_net_GetChar
  37              	.LVL0:
 173:.\Generated_Source\PSoC5/isr_rx_net.c ****     DT_Data_Receive_Prepare(data);
  38              		.loc 1 173 0
  39 0006 FFF7FEFF 		bl	DT_Data_Receive_Prepare
  40              	.LVL1:
  41 000a 08BD     		pop	{r3, pc}
  42              		.cfi_endproc
  43              	.LFE66:
  44              		.size	isr_rx_net_Interrupt, .-isr_rx_net_Interrupt
  45              		.section	.text.isr_rx_net_SetVector,"ax",%progbits
  46              		.align	2
  47              		.global	isr_rx_net_SetVector
  48              		.thumb
  49              		.thumb_func
  50              		.type	isr_rx_net_SetVector, %function
  51              	isr_rx_net_SetVector:
  52              	.LFB67:
 174:.\Generated_Source\PSoC5/isr_rx_net.c ****     /* `#END` */
 175:.\Generated_Source\PSoC5/isr_rx_net.c **** }
 176:.\Generated_Source\PSoC5/isr_rx_net.c **** 
ARM GAS  C:\Users\pxc\AppData\Local\Temp\ccQgqgLy.s 			page 5


 177:.\Generated_Source\PSoC5/isr_rx_net.c **** 
 178:.\Generated_Source\PSoC5/isr_rx_net.c **** /*******************************************************************************
 179:.\Generated_Source\PSoC5/isr_rx_net.c **** * Function Name: isr_rx_net_SetVector
 180:.\Generated_Source\PSoC5/isr_rx_net.c **** ********************************************************************************
 181:.\Generated_Source\PSoC5/isr_rx_net.c **** *
 182:.\Generated_Source\PSoC5/isr_rx_net.c **** * Summary:
 183:.\Generated_Source\PSoC5/isr_rx_net.c **** *   Change the ISR vector for the Interrupt. Note calling isr_rx_net_Start
 184:.\Generated_Source\PSoC5/isr_rx_net.c **** *   will override any effect this method would have had. To set the vector 
 185:.\Generated_Source\PSoC5/isr_rx_net.c **** *   before the component has been started use isr_rx_net_StartEx instead.
 186:.\Generated_Source\PSoC5/isr_rx_net.c **** * 
 187:.\Generated_Source\PSoC5/isr_rx_net.c **** *   When defining ISR functions, the CY_ISR and CY_ISR_PROTO macros should be 
 188:.\Generated_Source\PSoC5/isr_rx_net.c **** *   used to provide consistent definition across compilers:
 189:.\Generated_Source\PSoC5/isr_rx_net.c **** *
 190:.\Generated_Source\PSoC5/isr_rx_net.c **** *   Function definition example:
 191:.\Generated_Source\PSoC5/isr_rx_net.c **** *   CY_ISR(MyISR)
 192:.\Generated_Source\PSoC5/isr_rx_net.c **** *   {
 193:.\Generated_Source\PSoC5/isr_rx_net.c **** *   }
 194:.\Generated_Source\PSoC5/isr_rx_net.c **** *
 195:.\Generated_Source\PSoC5/isr_rx_net.c **** *   Function prototype example:
 196:.\Generated_Source\PSoC5/isr_rx_net.c **** *     CY_ISR_PROTO(MyISR);
 197:.\Generated_Source\PSoC5/isr_rx_net.c **** *
 198:.\Generated_Source\PSoC5/isr_rx_net.c **** * Parameters:
 199:.\Generated_Source\PSoC5/isr_rx_net.c **** *   address: Address of the ISR to set in the interrupt vector table.
 200:.\Generated_Source\PSoC5/isr_rx_net.c **** *
 201:.\Generated_Source\PSoC5/isr_rx_net.c **** * Return:
 202:.\Generated_Source\PSoC5/isr_rx_net.c **** *   None
 203:.\Generated_Source\PSoC5/isr_rx_net.c **** *
 204:.\Generated_Source\PSoC5/isr_rx_net.c **** *******************************************************************************/
 205:.\Generated_Source\PSoC5/isr_rx_net.c **** void isr_rx_net_SetVector(cyisraddress address)
 206:.\Generated_Source\PSoC5/isr_rx_net.c **** {
  53              		.loc 1 206 0
  54              		.cfi_startproc
  55              		@ args = 0, pretend = 0, frame = 0
  56              		@ frame_needed = 0, uses_anonymous_args = 0
  57              		@ link register save eliminated.
  58              	.LVL2:
 207:.\Generated_Source\PSoC5/isr_rx_net.c ****     cyisraddress * ramVectorTable;
 208:.\Generated_Source\PSoC5/isr_rx_net.c **** 
 209:.\Generated_Source\PSoC5/isr_rx_net.c ****     ramVectorTable = (cyisraddress *) *CYINT_VECT_TABLE;
  59              		.loc 1 209 0
  60 0000 014B     		ldr	r3, .L4
  61 0002 1B68     		ldr	r3, [r3]
  62              	.LVL3:
 210:.\Generated_Source\PSoC5/isr_rx_net.c **** 
 211:.\Generated_Source\PSoC5/isr_rx_net.c ****     ramVectorTable[CYINT_IRQ_BASE + (uint32)isr_rx_net__INTC_NUMBER] = address;
  63              		.loc 1 211 0
  64 0004 5864     		str	r0, [r3, #68]
  65 0006 7047     		bx	lr
  66              	.L5:
  67              		.align	2
  68              	.L4:
  69 0008 08ED00E0 		.word	-536810232
  70              		.cfi_endproc
  71              	.LFE67:
  72              		.size	isr_rx_net_SetVector, .-isr_rx_net_SetVector
  73              		.section	.text.isr_rx_net_GetVector,"ax",%progbits
  74              		.align	2
ARM GAS  C:\Users\pxc\AppData\Local\Temp\ccQgqgLy.s 			page 6


  75              		.global	isr_rx_net_GetVector
  76              		.thumb
  77              		.thumb_func
  78              		.type	isr_rx_net_GetVector, %function
  79              	isr_rx_net_GetVector:
  80              	.LFB68:
 212:.\Generated_Source\PSoC5/isr_rx_net.c **** }
 213:.\Generated_Source\PSoC5/isr_rx_net.c **** 
 214:.\Generated_Source\PSoC5/isr_rx_net.c **** 
 215:.\Generated_Source\PSoC5/isr_rx_net.c **** /*******************************************************************************
 216:.\Generated_Source\PSoC5/isr_rx_net.c **** * Function Name: isr_rx_net_GetVector
 217:.\Generated_Source\PSoC5/isr_rx_net.c **** ********************************************************************************
 218:.\Generated_Source\PSoC5/isr_rx_net.c **** *
 219:.\Generated_Source\PSoC5/isr_rx_net.c **** * Summary:
 220:.\Generated_Source\PSoC5/isr_rx_net.c **** *   Gets the "address" of the current ISR vector for the Interrupt.
 221:.\Generated_Source\PSoC5/isr_rx_net.c **** *
 222:.\Generated_Source\PSoC5/isr_rx_net.c **** * Parameters:
 223:.\Generated_Source\PSoC5/isr_rx_net.c **** *   None
 224:.\Generated_Source\PSoC5/isr_rx_net.c **** *
 225:.\Generated_Source\PSoC5/isr_rx_net.c **** * Return:
 226:.\Generated_Source\PSoC5/isr_rx_net.c **** *   Address of the ISR in the interrupt vector table.
 227:.\Generated_Source\PSoC5/isr_rx_net.c **** *
 228:.\Generated_Source\PSoC5/isr_rx_net.c **** *******************************************************************************/
 229:.\Generated_Source\PSoC5/isr_rx_net.c **** cyisraddress isr_rx_net_GetVector(void)
 230:.\Generated_Source\PSoC5/isr_rx_net.c **** {
  81              		.loc 1 230 0
  82              		.cfi_startproc
  83              		@ args = 0, pretend = 0, frame = 0
  84              		@ frame_needed = 0, uses_anonymous_args = 0
  85              		@ link register save eliminated.
 231:.\Generated_Source\PSoC5/isr_rx_net.c ****     cyisraddress * ramVectorTable;
 232:.\Generated_Source\PSoC5/isr_rx_net.c **** 
 233:.\Generated_Source\PSoC5/isr_rx_net.c ****     ramVectorTable = (cyisraddress *) *CYINT_VECT_TABLE;
  86              		.loc 1 233 0
  87 0000 014B     		ldr	r3, .L7
  88 0002 1B68     		ldr	r3, [r3]
  89              	.LVL4:
 234:.\Generated_Source\PSoC5/isr_rx_net.c **** 
 235:.\Generated_Source\PSoC5/isr_rx_net.c ****     return ramVectorTable[CYINT_IRQ_BASE + (uint32)isr_rx_net__INTC_NUMBER];
 236:.\Generated_Source\PSoC5/isr_rx_net.c **** }
  90              		.loc 1 236 0
  91 0004 586C     		ldr	r0, [r3, #68]
  92 0006 7047     		bx	lr
  93              	.L8:
  94              		.align	2
  95              	.L7:
  96 0008 08ED00E0 		.word	-536810232
  97              		.cfi_endproc
  98              	.LFE68:
  99              		.size	isr_rx_net_GetVector, .-isr_rx_net_GetVector
 100              		.section	.text.isr_rx_net_SetPriority,"ax",%progbits
 101              		.align	2
 102              		.global	isr_rx_net_SetPriority
 103              		.thumb
 104              		.thumb_func
 105              		.type	isr_rx_net_SetPriority, %function
 106              	isr_rx_net_SetPriority:
ARM GAS  C:\Users\pxc\AppData\Local\Temp\ccQgqgLy.s 			page 7


 107              	.LFB69:
 237:.\Generated_Source\PSoC5/isr_rx_net.c **** 
 238:.\Generated_Source\PSoC5/isr_rx_net.c **** 
 239:.\Generated_Source\PSoC5/isr_rx_net.c **** /*******************************************************************************
 240:.\Generated_Source\PSoC5/isr_rx_net.c **** * Function Name: isr_rx_net_SetPriority
 241:.\Generated_Source\PSoC5/isr_rx_net.c **** ********************************************************************************
 242:.\Generated_Source\PSoC5/isr_rx_net.c **** *
 243:.\Generated_Source\PSoC5/isr_rx_net.c **** * Summary:
 244:.\Generated_Source\PSoC5/isr_rx_net.c **** *   Sets the Priority of the Interrupt. 
 245:.\Generated_Source\PSoC5/isr_rx_net.c **** *
 246:.\Generated_Source\PSoC5/isr_rx_net.c **** *   Note calling isr_rx_net_Start or isr_rx_net_StartEx will 
 247:.\Generated_Source\PSoC5/isr_rx_net.c **** *   override any effect this API would have had. This API should only be called
 248:.\Generated_Source\PSoC5/isr_rx_net.c **** *   after isr_rx_net_Start or isr_rx_net_StartEx has been called. 
 249:.\Generated_Source\PSoC5/isr_rx_net.c **** *   To set the initial priority for the component, use the Design-Wide Resources
 250:.\Generated_Source\PSoC5/isr_rx_net.c **** *   Interrupt Editor.
 251:.\Generated_Source\PSoC5/isr_rx_net.c **** *
 252:.\Generated_Source\PSoC5/isr_rx_net.c **** *   Note This API has no effect on Non-maskable interrupt NMI).
 253:.\Generated_Source\PSoC5/isr_rx_net.c **** *
 254:.\Generated_Source\PSoC5/isr_rx_net.c **** * Parameters:
 255:.\Generated_Source\PSoC5/isr_rx_net.c **** *   priority: Priority of the interrupt, 0 being the highest priority
 256:.\Generated_Source\PSoC5/isr_rx_net.c **** *             PSoC 3 and PSoC 5LP: Priority is from 0 to 7.
 257:.\Generated_Source\PSoC5/isr_rx_net.c **** *             PSoC 4: Priority is from 0 to 3.
 258:.\Generated_Source\PSoC5/isr_rx_net.c **** *
 259:.\Generated_Source\PSoC5/isr_rx_net.c **** * Return:
 260:.\Generated_Source\PSoC5/isr_rx_net.c **** *   None
 261:.\Generated_Source\PSoC5/isr_rx_net.c **** *
 262:.\Generated_Source\PSoC5/isr_rx_net.c **** *******************************************************************************/
 263:.\Generated_Source\PSoC5/isr_rx_net.c **** void isr_rx_net_SetPriority(uint8 priority)
 264:.\Generated_Source\PSoC5/isr_rx_net.c **** {
 108              		.loc 1 264 0
 109              		.cfi_startproc
 110              		@ args = 0, pretend = 0, frame = 0
 111              		@ frame_needed = 0, uses_anonymous_args = 0
 112              		@ link register save eliminated.
 113              	.LVL5:
 265:.\Generated_Source\PSoC5/isr_rx_net.c ****     *isr_rx_net_INTC_PRIOR = priority << 5;
 114              		.loc 1 265 0
 115 0000 4001     		lsls	r0, r0, #5
 116              	.LVL6:
 117 0002 C0B2     		uxtb	r0, r0
 118 0004 014B     		ldr	r3, .L10
 119 0006 1870     		strb	r0, [r3]
 120 0008 7047     		bx	lr
 121              	.L11:
 122 000a 00BF     		.align	2
 123              	.L10:
 124 000c 01E400E0 		.word	-536812543
 125              		.cfi_endproc
 126              	.LFE69:
 127              		.size	isr_rx_net_SetPriority, .-isr_rx_net_SetPriority
 128              		.section	.text.isr_rx_net_GetPriority,"ax",%progbits
 129              		.align	2
 130              		.global	isr_rx_net_GetPriority
 131              		.thumb
 132              		.thumb_func
 133              		.type	isr_rx_net_GetPriority, %function
 134              	isr_rx_net_GetPriority:
ARM GAS  C:\Users\pxc\AppData\Local\Temp\ccQgqgLy.s 			page 8


 135              	.LFB70:
 266:.\Generated_Source\PSoC5/isr_rx_net.c **** }
 267:.\Generated_Source\PSoC5/isr_rx_net.c **** 
 268:.\Generated_Source\PSoC5/isr_rx_net.c **** 
 269:.\Generated_Source\PSoC5/isr_rx_net.c **** /*******************************************************************************
 270:.\Generated_Source\PSoC5/isr_rx_net.c **** * Function Name: isr_rx_net_GetPriority
 271:.\Generated_Source\PSoC5/isr_rx_net.c **** ********************************************************************************
 272:.\Generated_Source\PSoC5/isr_rx_net.c **** *
 273:.\Generated_Source\PSoC5/isr_rx_net.c **** * Summary:
 274:.\Generated_Source\PSoC5/isr_rx_net.c **** *   Gets the Priority of the Interrupt.
 275:.\Generated_Source\PSoC5/isr_rx_net.c **** *
 276:.\Generated_Source\PSoC5/isr_rx_net.c **** * Parameters:
 277:.\Generated_Source\PSoC5/isr_rx_net.c **** *   None
 278:.\Generated_Source\PSoC5/isr_rx_net.c **** *
 279:.\Generated_Source\PSoC5/isr_rx_net.c **** * Return:
 280:.\Generated_Source\PSoC5/isr_rx_net.c **** *   Priority of the interrupt, 0 being the highest priority
 281:.\Generated_Source\PSoC5/isr_rx_net.c **** *    PSoC 3 and PSoC 5LP: Priority is from 0 to 7.
 282:.\Generated_Source\PSoC5/isr_rx_net.c **** *    PSoC 4: Priority is from 0 to 3.
 283:.\Generated_Source\PSoC5/isr_rx_net.c **** *
 284:.\Generated_Source\PSoC5/isr_rx_net.c **** *******************************************************************************/
 285:.\Generated_Source\PSoC5/isr_rx_net.c **** uint8 isr_rx_net_GetPriority(void)
 286:.\Generated_Source\PSoC5/isr_rx_net.c **** {
 136              		.loc 1 286 0
 137              		.cfi_startproc
 138              		@ args = 0, pretend = 0, frame = 0
 139              		@ frame_needed = 0, uses_anonymous_args = 0
 140              		@ link register save eliminated.
 287:.\Generated_Source\PSoC5/isr_rx_net.c ****     uint8 priority;
 288:.\Generated_Source\PSoC5/isr_rx_net.c **** 
 289:.\Generated_Source\PSoC5/isr_rx_net.c **** 
 290:.\Generated_Source\PSoC5/isr_rx_net.c ****     priority = *isr_rx_net_INTC_PRIOR >> 5;
 141              		.loc 1 290 0
 142 0000 014B     		ldr	r3, .L13
 143 0002 1878     		ldrb	r0, [r3]	@ zero_extendqisi2
 144              	.LVL7:
 291:.\Generated_Source\PSoC5/isr_rx_net.c **** 
 292:.\Generated_Source\PSoC5/isr_rx_net.c ****     return priority;
 293:.\Generated_Source\PSoC5/isr_rx_net.c **** }
 145              		.loc 1 293 0
 146 0004 4009     		lsrs	r0, r0, #5
 147              	.LVL8:
 148 0006 7047     		bx	lr
 149              	.L14:
 150              		.align	2
 151              	.L13:
 152 0008 01E400E0 		.word	-536812543
 153              		.cfi_endproc
 154              	.LFE70:
 155              		.size	isr_rx_net_GetPriority, .-isr_rx_net_GetPriority
 156              		.section	.text.isr_rx_net_Enable,"ax",%progbits
 157              		.align	2
 158              		.global	isr_rx_net_Enable
 159              		.thumb
 160              		.thumb_func
 161              		.type	isr_rx_net_Enable, %function
 162              	isr_rx_net_Enable:
 163              	.LFB71:
ARM GAS  C:\Users\pxc\AppData\Local\Temp\ccQgqgLy.s 			page 9


 294:.\Generated_Source\PSoC5/isr_rx_net.c **** 
 295:.\Generated_Source\PSoC5/isr_rx_net.c **** 
 296:.\Generated_Source\PSoC5/isr_rx_net.c **** /*******************************************************************************
 297:.\Generated_Source\PSoC5/isr_rx_net.c **** * Function Name: isr_rx_net_Enable
 298:.\Generated_Source\PSoC5/isr_rx_net.c **** ********************************************************************************
 299:.\Generated_Source\PSoC5/isr_rx_net.c **** *
 300:.\Generated_Source\PSoC5/isr_rx_net.c **** * Summary:
 301:.\Generated_Source\PSoC5/isr_rx_net.c **** *   Enables the interrupt to the interrupt controller. Do not call this function
 302:.\Generated_Source\PSoC5/isr_rx_net.c **** *   unless ISR_Start() has been called or the functionality of the ISR_Start() 
 303:.\Generated_Source\PSoC5/isr_rx_net.c **** *   function, which sets the vector and the priority, has been called.
 304:.\Generated_Source\PSoC5/isr_rx_net.c **** *
 305:.\Generated_Source\PSoC5/isr_rx_net.c **** * Parameters:
 306:.\Generated_Source\PSoC5/isr_rx_net.c **** *   None
 307:.\Generated_Source\PSoC5/isr_rx_net.c **** *
 308:.\Generated_Source\PSoC5/isr_rx_net.c **** * Return:
 309:.\Generated_Source\PSoC5/isr_rx_net.c **** *   None
 310:.\Generated_Source\PSoC5/isr_rx_net.c **** *
 311:.\Generated_Source\PSoC5/isr_rx_net.c **** *******************************************************************************/
 312:.\Generated_Source\PSoC5/isr_rx_net.c **** void isr_rx_net_Enable(void)
 313:.\Generated_Source\PSoC5/isr_rx_net.c **** {
 164              		.loc 1 313 0
 165              		.cfi_startproc
 166              		@ args = 0, pretend = 0, frame = 0
 167              		@ frame_needed = 0, uses_anonymous_args = 0
 168              		@ link register save eliminated.
 314:.\Generated_Source\PSoC5/isr_rx_net.c ****     /* Enable the general interrupt. */
 315:.\Generated_Source\PSoC5/isr_rx_net.c ****     *isr_rx_net_INTC_SET_EN = isr_rx_net__INTC_MASK;
 169              		.loc 1 315 0
 170 0000 0222     		movs	r2, #2
 171 0002 014B     		ldr	r3, .L16
 172 0004 1A60     		str	r2, [r3]
 173 0006 7047     		bx	lr
 174              	.L17:
 175              		.align	2
 176              	.L16:
 177 0008 00E100E0 		.word	-536813312
 178              		.cfi_endproc
 179              	.LFE71:
 180              		.size	isr_rx_net_Enable, .-isr_rx_net_Enable
 181              		.section	.text.isr_rx_net_GetState,"ax",%progbits
 182              		.align	2
 183              		.global	isr_rx_net_GetState
 184              		.thumb
 185              		.thumb_func
 186              		.type	isr_rx_net_GetState, %function
 187              	isr_rx_net_GetState:
 188              	.LFB72:
 316:.\Generated_Source\PSoC5/isr_rx_net.c **** }
 317:.\Generated_Source\PSoC5/isr_rx_net.c **** 
 318:.\Generated_Source\PSoC5/isr_rx_net.c **** 
 319:.\Generated_Source\PSoC5/isr_rx_net.c **** /*******************************************************************************
 320:.\Generated_Source\PSoC5/isr_rx_net.c **** * Function Name: isr_rx_net_GetState
 321:.\Generated_Source\PSoC5/isr_rx_net.c **** ********************************************************************************
 322:.\Generated_Source\PSoC5/isr_rx_net.c **** *
 323:.\Generated_Source\PSoC5/isr_rx_net.c **** * Summary:
 324:.\Generated_Source\PSoC5/isr_rx_net.c **** *   Gets the state (enabled, disabled) of the Interrupt.
 325:.\Generated_Source\PSoC5/isr_rx_net.c **** *
ARM GAS  C:\Users\pxc\AppData\Local\Temp\ccQgqgLy.s 			page 10


 326:.\Generated_Source\PSoC5/isr_rx_net.c **** * Parameters:
 327:.\Generated_Source\PSoC5/isr_rx_net.c **** *   None
 328:.\Generated_Source\PSoC5/isr_rx_net.c **** *
 329:.\Generated_Source\PSoC5/isr_rx_net.c **** * Return:
 330:.\Generated_Source\PSoC5/isr_rx_net.c **** *   1 if enabled, 0 if disabled.
 331:.\Generated_Source\PSoC5/isr_rx_net.c **** *
 332:.\Generated_Source\PSoC5/isr_rx_net.c **** *******************************************************************************/
 333:.\Generated_Source\PSoC5/isr_rx_net.c **** uint8 isr_rx_net_GetState(void)
 334:.\Generated_Source\PSoC5/isr_rx_net.c **** {
 189              		.loc 1 334 0
 190              		.cfi_startproc
 191              		@ args = 0, pretend = 0, frame = 0
 192              		@ frame_needed = 0, uses_anonymous_args = 0
 193              		@ link register save eliminated.
 335:.\Generated_Source\PSoC5/isr_rx_net.c ****     /* Get the state of the general interrupt. */
 336:.\Generated_Source\PSoC5/isr_rx_net.c ****     return ((*isr_rx_net_INTC_SET_EN & (uint32)isr_rx_net__INTC_MASK) != 0u) ? 1u:0u;
 194              		.loc 1 336 0
 195 0000 044B     		ldr	r3, .L21
 196 0002 1B68     		ldr	r3, [r3]
 197 0004 13F0020F 		tst	r3, #2
 198 0008 01D0     		beq	.L20
 199 000a 0120     		movs	r0, #1
 200 000c 7047     		bx	lr
 201              	.L20:
 202 000e 0020     		movs	r0, #0
 337:.\Generated_Source\PSoC5/isr_rx_net.c **** }
 203              		.loc 1 337 0
 204 0010 7047     		bx	lr
 205              	.L22:
 206 0012 00BF     		.align	2
 207              	.L21:
 208 0014 00E100E0 		.word	-536813312
 209              		.cfi_endproc
 210              	.LFE72:
 211              		.size	isr_rx_net_GetState, .-isr_rx_net_GetState
 212              		.section	.text.isr_rx_net_Disable,"ax",%progbits
 213              		.align	2
 214              		.global	isr_rx_net_Disable
 215              		.thumb
 216              		.thumb_func
 217              		.type	isr_rx_net_Disable, %function
 218              	isr_rx_net_Disable:
 219              	.LFB73:
 338:.\Generated_Source\PSoC5/isr_rx_net.c **** 
 339:.\Generated_Source\PSoC5/isr_rx_net.c **** 
 340:.\Generated_Source\PSoC5/isr_rx_net.c **** /*******************************************************************************
 341:.\Generated_Source\PSoC5/isr_rx_net.c **** * Function Name: isr_rx_net_Disable
 342:.\Generated_Source\PSoC5/isr_rx_net.c **** ********************************************************************************
 343:.\Generated_Source\PSoC5/isr_rx_net.c **** *
 344:.\Generated_Source\PSoC5/isr_rx_net.c **** * Summary:
 345:.\Generated_Source\PSoC5/isr_rx_net.c **** *   Disables the Interrupt in the interrupt controller.
 346:.\Generated_Source\PSoC5/isr_rx_net.c **** *
 347:.\Generated_Source\PSoC5/isr_rx_net.c **** * Parameters:
 348:.\Generated_Source\PSoC5/isr_rx_net.c **** *   None
 349:.\Generated_Source\PSoC5/isr_rx_net.c **** *
 350:.\Generated_Source\PSoC5/isr_rx_net.c **** * Return:
 351:.\Generated_Source\PSoC5/isr_rx_net.c **** *   None
ARM GAS  C:\Users\pxc\AppData\Local\Temp\ccQgqgLy.s 			page 11


 352:.\Generated_Source\PSoC5/isr_rx_net.c **** *
 353:.\Generated_Source\PSoC5/isr_rx_net.c **** *******************************************************************************/
 354:.\Generated_Source\PSoC5/isr_rx_net.c **** void isr_rx_net_Disable(void)
 355:.\Generated_Source\PSoC5/isr_rx_net.c **** {
 220              		.loc 1 355 0
 221              		.cfi_startproc
 222              		@ args = 0, pretend = 0, frame = 0
 223              		@ frame_needed = 0, uses_anonymous_args = 0
 224              		@ link register save eliminated.
 356:.\Generated_Source\PSoC5/isr_rx_net.c ****     /* Disable the general interrupt. */
 357:.\Generated_Source\PSoC5/isr_rx_net.c ****     *isr_rx_net_INTC_CLR_EN = isr_rx_net__INTC_MASK;
 225              		.loc 1 357 0
 226 0000 0222     		movs	r2, #2
 227 0002 014B     		ldr	r3, .L24
 228 0004 1A60     		str	r2, [r3]
 229 0006 7047     		bx	lr
 230              	.L25:
 231              		.align	2
 232              	.L24:
 233 0008 80E100E0 		.word	-536813184
 234              		.cfi_endproc
 235              	.LFE73:
 236              		.size	isr_rx_net_Disable, .-isr_rx_net_Disable
 237              		.section	.text.isr_rx_net_Start,"ax",%progbits
 238              		.align	2
 239              		.global	isr_rx_net_Start
 240              		.thumb
 241              		.thumb_func
 242              		.type	isr_rx_net_Start, %function
 243              	isr_rx_net_Start:
 244              	.LFB63:
  65:.\Generated_Source\PSoC5/isr_rx_net.c ****     /* For all we know the interrupt is active. */
 245              		.loc 1 65 0
 246              		.cfi_startproc
 247              		@ args = 0, pretend = 0, frame = 0
 248              		@ frame_needed = 0, uses_anonymous_args = 0
 249 0000 08B5     		push	{r3, lr}
 250              		.cfi_def_cfa_offset 8
 251              		.cfi_offset 3, -8
 252              		.cfi_offset 14, -4
  67:.\Generated_Source\PSoC5/isr_rx_net.c **** 
 253              		.loc 1 67 0
 254 0002 FFF7FEFF 		bl	isr_rx_net_Disable
 255              	.LVL9:
  70:.\Generated_Source\PSoC5/isr_rx_net.c **** 
 256              		.loc 1 70 0
 257 0006 0448     		ldr	r0, .L28
 258 0008 FFF7FEFF 		bl	isr_rx_net_SetVector
 259              	.LVL10:
  73:.\Generated_Source\PSoC5/isr_rx_net.c **** 
 260              		.loc 1 73 0
 261 000c 0720     		movs	r0, #7
 262 000e FFF7FEFF 		bl	isr_rx_net_SetPriority
 263              	.LVL11:
  76:.\Generated_Source\PSoC5/isr_rx_net.c **** }
 264              		.loc 1 76 0
 265 0012 FFF7FEFF 		bl	isr_rx_net_Enable
ARM GAS  C:\Users\pxc\AppData\Local\Temp\ccQgqgLy.s 			page 12


 266              	.LVL12:
 267 0016 08BD     		pop	{r3, pc}
 268              	.L29:
 269              		.align	2
 270              	.L28:
 271 0018 00000000 		.word	isr_rx_net_Interrupt
 272              		.cfi_endproc
 273              	.LFE63:
 274              		.size	isr_rx_net_Start, .-isr_rx_net_Start
 275              		.section	.text.isr_rx_net_StartEx,"ax",%progbits
 276              		.align	2
 277              		.global	isr_rx_net_StartEx
 278              		.thumb
 279              		.thumb_func
 280              		.type	isr_rx_net_StartEx, %function
 281              	isr_rx_net_StartEx:
 282              	.LFB64:
 108:.\Generated_Source\PSoC5/isr_rx_net.c ****     /* For all we know the interrupt is active. */
 283              		.loc 1 108 0
 284              		.cfi_startproc
 285              		@ args = 0, pretend = 0, frame = 0
 286              		@ frame_needed = 0, uses_anonymous_args = 0
 287              	.LVL13:
 288 0000 10B5     		push	{r4, lr}
 289              		.cfi_def_cfa_offset 8
 290              		.cfi_offset 4, -8
 291              		.cfi_offset 14, -4
 292 0002 0446     		mov	r4, r0
 110:.\Generated_Source\PSoC5/isr_rx_net.c **** 
 293              		.loc 1 110 0
 294 0004 FFF7FEFF 		bl	isr_rx_net_Disable
 295              	.LVL14:
 113:.\Generated_Source\PSoC5/isr_rx_net.c **** 
 296              		.loc 1 113 0
 297 0008 2046     		mov	r0, r4
 298 000a FFF7FEFF 		bl	isr_rx_net_SetVector
 299              	.LVL15:
 116:.\Generated_Source\PSoC5/isr_rx_net.c **** 
 300              		.loc 1 116 0
 301 000e 0720     		movs	r0, #7
 302 0010 FFF7FEFF 		bl	isr_rx_net_SetPriority
 303              	.LVL16:
 119:.\Generated_Source\PSoC5/isr_rx_net.c **** }
 304              		.loc 1 119 0
 305 0014 FFF7FEFF 		bl	isr_rx_net_Enable
 306              	.LVL17:
 307 0018 10BD     		pop	{r4, pc}
 308              		.cfi_endproc
 309              	.LFE64:
 310              		.size	isr_rx_net_StartEx, .-isr_rx_net_StartEx
 311 001a 00BF     		.section	.text.isr_rx_net_Stop,"ax",%progbits
 312              		.align	2
 313              		.global	isr_rx_net_Stop
 314              		.thumb
 315              		.thumb_func
 316              		.type	isr_rx_net_Stop, %function
 317              	isr_rx_net_Stop:
ARM GAS  C:\Users\pxc\AppData\Local\Temp\ccQgqgLy.s 			page 13


 318              	.LFB65:
 138:.\Generated_Source\PSoC5/isr_rx_net.c ****     /* Disable this interrupt. */
 319              		.loc 1 138 0
 320              		.cfi_startproc
 321              		@ args = 0, pretend = 0, frame = 0
 322              		@ frame_needed = 0, uses_anonymous_args = 0
 323 0000 08B5     		push	{r3, lr}
 324              		.cfi_def_cfa_offset 8
 325              		.cfi_offset 3, -8
 326              		.cfi_offset 14, -4
 140:.\Generated_Source\PSoC5/isr_rx_net.c **** 
 327              		.loc 1 140 0
 328 0002 FFF7FEFF 		bl	isr_rx_net_Disable
 329              	.LVL18:
 143:.\Generated_Source\PSoC5/isr_rx_net.c **** }
 330              		.loc 1 143 0
 331 0006 0248     		ldr	r0, .L34
 332 0008 FFF7FEFF 		bl	isr_rx_net_SetVector
 333              	.LVL19:
 334 000c 08BD     		pop	{r3, pc}
 335              	.L35:
 336 000e 00BF     		.align	2
 337              	.L34:
 338 0010 00000000 		.word	IntDefaultHandler
 339              		.cfi_endproc
 340              	.LFE65:
 341              		.size	isr_rx_net_Stop, .-isr_rx_net_Stop
 342              		.section	.text.isr_rx_net_SetPending,"ax",%progbits
 343              		.align	2
 344              		.global	isr_rx_net_SetPending
 345              		.thumb
 346              		.thumb_func
 347              		.type	isr_rx_net_SetPending, %function
 348              	isr_rx_net_SetPending:
 349              	.LFB74:
 358:.\Generated_Source\PSoC5/isr_rx_net.c **** }
 359:.\Generated_Source\PSoC5/isr_rx_net.c **** 
 360:.\Generated_Source\PSoC5/isr_rx_net.c **** 
 361:.\Generated_Source\PSoC5/isr_rx_net.c **** /*******************************************************************************
 362:.\Generated_Source\PSoC5/isr_rx_net.c **** * Function Name: isr_rx_net_SetPending
 363:.\Generated_Source\PSoC5/isr_rx_net.c **** ********************************************************************************
 364:.\Generated_Source\PSoC5/isr_rx_net.c **** *
 365:.\Generated_Source\PSoC5/isr_rx_net.c **** * Summary:
 366:.\Generated_Source\PSoC5/isr_rx_net.c **** *   Causes the Interrupt to enter the pending state, a software method of
 367:.\Generated_Source\PSoC5/isr_rx_net.c **** *   generating the interrupt.
 368:.\Generated_Source\PSoC5/isr_rx_net.c **** *
 369:.\Generated_Source\PSoC5/isr_rx_net.c **** * Parameters:
 370:.\Generated_Source\PSoC5/isr_rx_net.c **** *   None
 371:.\Generated_Source\PSoC5/isr_rx_net.c **** *
 372:.\Generated_Source\PSoC5/isr_rx_net.c **** * Return:
 373:.\Generated_Source\PSoC5/isr_rx_net.c **** *   None
 374:.\Generated_Source\PSoC5/isr_rx_net.c **** *
 375:.\Generated_Source\PSoC5/isr_rx_net.c **** * Side Effects:
 376:.\Generated_Source\PSoC5/isr_rx_net.c **** *   If interrupts are enabled and the interrupt is set up properly, the ISR is
 377:.\Generated_Source\PSoC5/isr_rx_net.c **** *   entered (depending on the priority of this interrupt and other pending 
 378:.\Generated_Source\PSoC5/isr_rx_net.c **** *   interrupts).
 379:.\Generated_Source\PSoC5/isr_rx_net.c **** *
ARM GAS  C:\Users\pxc\AppData\Local\Temp\ccQgqgLy.s 			page 14


 380:.\Generated_Source\PSoC5/isr_rx_net.c **** *******************************************************************************/
 381:.\Generated_Source\PSoC5/isr_rx_net.c **** void isr_rx_net_SetPending(void)
 382:.\Generated_Source\PSoC5/isr_rx_net.c **** {
 350              		.loc 1 382 0
 351              		.cfi_startproc
 352              		@ args = 0, pretend = 0, frame = 0
 353              		@ frame_needed = 0, uses_anonymous_args = 0
 354              		@ link register save eliminated.
 383:.\Generated_Source\PSoC5/isr_rx_net.c ****     *isr_rx_net_INTC_SET_PD = isr_rx_net__INTC_MASK;
 355              		.loc 1 383 0
 356 0000 0222     		movs	r2, #2
 357 0002 014B     		ldr	r3, .L37
 358 0004 1A60     		str	r2, [r3]
 359 0006 7047     		bx	lr
 360              	.L38:
 361              		.align	2
 362              	.L37:
 363 0008 00E200E0 		.word	-536813056
 364              		.cfi_endproc
 365              	.LFE74:
 366              		.size	isr_rx_net_SetPending, .-isr_rx_net_SetPending
 367              		.section	.text.isr_rx_net_ClearPending,"ax",%progbits
 368              		.align	2
 369              		.global	isr_rx_net_ClearPending
 370              		.thumb
 371              		.thumb_func
 372              		.type	isr_rx_net_ClearPending, %function
 373              	isr_rx_net_ClearPending:
 374              	.LFB75:
 384:.\Generated_Source\PSoC5/isr_rx_net.c **** }
 385:.\Generated_Source\PSoC5/isr_rx_net.c **** 
 386:.\Generated_Source\PSoC5/isr_rx_net.c **** 
 387:.\Generated_Source\PSoC5/isr_rx_net.c **** /*******************************************************************************
 388:.\Generated_Source\PSoC5/isr_rx_net.c **** * Function Name: isr_rx_net_ClearPending
 389:.\Generated_Source\PSoC5/isr_rx_net.c **** ********************************************************************************
 390:.\Generated_Source\PSoC5/isr_rx_net.c **** *
 391:.\Generated_Source\PSoC5/isr_rx_net.c **** * Summary:
 392:.\Generated_Source\PSoC5/isr_rx_net.c **** *   Clears a pending interrupt in the interrupt controller.
 393:.\Generated_Source\PSoC5/isr_rx_net.c **** *
 394:.\Generated_Source\PSoC5/isr_rx_net.c **** *   Note Some interrupt sources are clear-on-read and require the block 
 395:.\Generated_Source\PSoC5/isr_rx_net.c **** *   interrupt/status register to be read/cleared with the appropriate block API 
 396:.\Generated_Source\PSoC5/isr_rx_net.c **** *   (GPIO, UART, and so on). Otherwise the ISR will continue to remain in 
 397:.\Generated_Source\PSoC5/isr_rx_net.c **** *   pending state even though the interrupt itself is cleared using this API.
 398:.\Generated_Source\PSoC5/isr_rx_net.c **** *
 399:.\Generated_Source\PSoC5/isr_rx_net.c **** * Parameters:
 400:.\Generated_Source\PSoC5/isr_rx_net.c **** *   None
 401:.\Generated_Source\PSoC5/isr_rx_net.c **** *
 402:.\Generated_Source\PSoC5/isr_rx_net.c **** * Return:
 403:.\Generated_Source\PSoC5/isr_rx_net.c **** *   None
 404:.\Generated_Source\PSoC5/isr_rx_net.c **** *
 405:.\Generated_Source\PSoC5/isr_rx_net.c **** *******************************************************************************/
 406:.\Generated_Source\PSoC5/isr_rx_net.c **** void isr_rx_net_ClearPending(void)
 407:.\Generated_Source\PSoC5/isr_rx_net.c **** {
 375              		.loc 1 407 0
 376              		.cfi_startproc
 377              		@ args = 0, pretend = 0, frame = 0
 378              		@ frame_needed = 0, uses_anonymous_args = 0
ARM GAS  C:\Users\pxc\AppData\Local\Temp\ccQgqgLy.s 			page 15


 379              		@ link register save eliminated.
 408:.\Generated_Source\PSoC5/isr_rx_net.c ****     *isr_rx_net_INTC_CLR_PD = isr_rx_net__INTC_MASK;
 380              		.loc 1 408 0
 381 0000 0222     		movs	r2, #2
 382 0002 014B     		ldr	r3, .L40
 383 0004 1A60     		str	r2, [r3]
 384 0006 7047     		bx	lr
 385              	.L41:
 386              		.align	2
 387              	.L40:
 388 0008 80E200E0 		.word	-536812928
 389              		.cfi_endproc
 390              	.LFE75:
 391              		.size	isr_rx_net_ClearPending, .-isr_rx_net_ClearPending
 392              		.comm	data1,1,1
 393              		.comm	data,1,1
 394              		.comm	g_Car,20,4
 395              		.text
 396              	.Letext0:
 397              		.file 2 "c:\\program files (x86)\\cypress\\psoc creator\\3.3\\psoc creator\\import\\gnu\\arm\\4.9.
 398              		.file 3 "c:\\program files (x86)\\cypress\\psoc creator\\3.3\\psoc creator\\import\\gnu\\arm\\4.9.
 399              		.file 4 "Generated_Source\\PSoC5/cytypes.h"
 400              		.file 5 "./car.h"
 401              		.file 6 "Generated_Source\\PSoC5/core_cm3.h"
 402              		.file 7 ".\\Generated_Source\\PSoC5\\UART_net.h"
 403              		.file 8 "./Transfer.h"
 404              		.section	.debug_info,"",%progbits
 405              	.Ldebug_info0:
 406 0000 5D040000 		.4byte	0x45d
 407 0004 0400     		.2byte	0x4
 408 0006 00000000 		.4byte	.Ldebug_abbrev0
 409 000a 04       		.byte	0x4
 410 000b 01       		.uleb128 0x1
 411 000c 84020000 		.4byte	.LASF62
 412 0010 01       		.byte	0x1
 413 0011 A2000000 		.4byte	.LASF63
 414 0015 4D020000 		.4byte	.LASF64
 415 0019 00000000 		.4byte	.Ldebug_ranges0+0
 416 001d 00000000 		.4byte	0
 417 0021 00000000 		.4byte	.Ldebug_line0
 418 0025 02       		.uleb128 0x2
 419 0026 04       		.byte	0x4
 420 0027 05       		.byte	0x5
 421 0028 696E7400 		.ascii	"int\000"
 422 002c 03       		.uleb128 0x3
 423 002d 04       		.byte	0x4
 424 002e 07       		.byte	0x7
 425 002f 0F020000 		.4byte	.LASF0
 426 0033 03       		.uleb128 0x3
 427 0034 01       		.byte	0x1
 428 0035 06       		.byte	0x6
 429 0036 D9010000 		.4byte	.LASF1
 430 003a 03       		.uleb128 0x3
 431 003b 01       		.byte	0x1
 432 003c 08       		.byte	0x8
 433 003d B3010000 		.4byte	.LASF2
 434 0041 03       		.uleb128 0x3
ARM GAS  C:\Users\pxc\AppData\Local\Temp\ccQgqgLy.s 			page 16


 435 0042 02       		.byte	0x2
 436 0043 05       		.byte	0x5
 437 0044 35000000 		.4byte	.LASF3
 438 0048 03       		.uleb128 0x3
 439 0049 02       		.byte	0x2
 440 004a 07       		.byte	0x7
 441 004b 3A020000 		.4byte	.LASF4
 442 004f 04       		.uleb128 0x4
 443 0050 8F030000 		.4byte	.LASF11
 444 0054 02       		.byte	0x2
 445 0055 3F       		.byte	0x3f
 446 0056 5A000000 		.4byte	0x5a
 447 005a 03       		.uleb128 0x3
 448 005b 04       		.byte	0x4
 449 005c 05       		.byte	0x5
 450 005d 43010000 		.4byte	.LASF5
 451 0061 03       		.uleb128 0x3
 452 0062 04       		.byte	0x4
 453 0063 07       		.byte	0x7
 454 0064 53030000 		.4byte	.LASF6
 455 0068 03       		.uleb128 0x3
 456 0069 08       		.byte	0x8
 457 006a 05       		.byte	0x5
 458 006b 2C010000 		.4byte	.LASF7
 459 006f 03       		.uleb128 0x3
 460 0070 08       		.byte	0x8
 461 0071 07       		.byte	0x7
 462 0072 E5010000 		.4byte	.LASF8
 463 0076 03       		.uleb128 0x3
 464 0077 04       		.byte	0x4
 465 0078 07       		.byte	0x7
 466 0079 3F000000 		.4byte	.LASF9
 467 007d 05       		.uleb128 0x5
 468 007e 04       		.byte	0x4
 469 007f 83000000 		.4byte	0x83
 470 0083 06       		.uleb128 0x6
 471 0084 03       		.uleb128 0x3
 472 0085 01       		.byte	0x1
 473 0086 08       		.byte	0x8
 474 0087 7F020000 		.4byte	.LASF10
 475 008b 04       		.uleb128 0x4
 476 008c 12030000 		.4byte	.LASF12
 477 0090 03       		.byte	0x3
 478 0091 2C       		.byte	0x2c
 479 0092 4F000000 		.4byte	0x4f
 480 0096 04       		.uleb128 0x4
 481 0097 D7000000 		.4byte	.LASF13
 482 009b 04       		.byte	0x4
 483 009c C2       		.byte	0xc2
 484 009d 3A000000 		.4byte	0x3a
 485 00a1 04       		.uleb128 0x4
 486 00a2 C8000000 		.4byte	.LASF14
 487 00a6 04       		.byte	0x4
 488 00a7 C3       		.byte	0xc3
 489 00a8 48000000 		.4byte	0x48
 490 00ac 04       		.uleb128 0x4
 491 00ad 47030000 		.4byte	.LASF15
ARM GAS  C:\Users\pxc\AppData\Local\Temp\ccQgqgLy.s 			page 17


 492 00b1 04       		.byte	0x4
 493 00b2 C4       		.byte	0xc4
 494 00b3 61000000 		.4byte	0x61
 495 00b7 03       		.uleb128 0x3
 496 00b8 04       		.byte	0x4
 497 00b9 04       		.byte	0x4
 498 00ba 26010000 		.4byte	.LASF16
 499 00be 03       		.uleb128 0x3
 500 00bf 08       		.byte	0x8
 501 00c0 04       		.byte	0x4
 502 00c1 65030000 		.4byte	.LASF17
 503 00c5 07       		.uleb128 0x7
 504 00c6 4E030000 		.4byte	.LASF18
 505 00ca 04       		.byte	0x4
 506 00cb 6C01     		.2byte	0x16c
 507 00cd D1000000 		.4byte	0xd1
 508 00d1 08       		.uleb128 0x8
 509 00d2 96000000 		.4byte	0x96
 510 00d6 07       		.uleb128 0x7
 511 00d7 34020000 		.4byte	.LASF19
 512 00db 04       		.byte	0x4
 513 00dc 6E01     		.2byte	0x16e
 514 00de E2000000 		.4byte	0xe2
 515 00e2 08       		.uleb128 0x8
 516 00e3 AC000000 		.4byte	0xac
 517 00e7 07       		.uleb128 0x7
 518 00e8 CC010000 		.4byte	.LASF20
 519 00ec 04       		.byte	0x4
 520 00ed 7E01     		.2byte	0x17e
 521 00ef 7D000000 		.4byte	0x7d
 522 00f3 09       		.uleb128 0x9
 523 00f4 3F030000 		.4byte	.LASF29
 524 00f8 01       		.byte	0x1
 525 00f9 05       		.byte	0x5
 526 00fa 0F       		.byte	0xf
 527 00fb 35010000 		.4byte	0x135
 528 00ff 0A       		.uleb128 0xa
 529 0100 555000   		.ascii	"UP\000"
 530 0103 00       		.sleb128 0
 531 0104 0B       		.uleb128 0xb
 532 0105 1A030000 		.4byte	.LASF21
 533 0109 01       		.sleb128 1
 534 010a 0B       		.uleb128 0xb
 535 010b A4010000 		.4byte	.LASF22
 536 010f 02       		.sleb128 2
 537 0110 0B       		.uleb128 0xb
 538 0111 17000000 		.4byte	.LASF23
 539 0115 03       		.sleb128 3
 540 0116 0B       		.uleb128 0xb
 541 0117 77020000 		.4byte	.LASF24
 542 011b 04       		.sleb128 4
 543 011c 0B       		.uleb128 0xb
 544 011d 6F000000 		.4byte	.LASF25
 545 0121 05       		.sleb128 5
 546 0122 0B       		.uleb128 0xb
 547 0123 A9010000 		.4byte	.LASF26
 548 0127 06       		.sleb128 6
ARM GAS  C:\Users\pxc\AppData\Local\Temp\ccQgqgLy.s 			page 18


 549 0128 0B       		.uleb128 0xb
 550 0129 C1010000 		.4byte	.LASF27
 551 012d 07       		.sleb128 7
 552 012e 0B       		.uleb128 0xb
 553 012f B7030000 		.4byte	.LASF28
 554 0133 08       		.sleb128 8
 555 0134 00       		.byte	0
 556 0135 09       		.uleb128 0x9
 557 0136 78000000 		.4byte	.LASF30
 558 013a 01       		.byte	0x1
 559 013b 05       		.byte	0x5
 560 013c 14       		.byte	0x14
 561 013d 54010000 		.4byte	0x154
 562 0141 0B       		.uleb128 0xb
 563 0142 9C010000 		.4byte	.LASF31
 564 0146 00       		.sleb128 0
 565 0147 0B       		.uleb128 0xb
 566 0148 82000000 		.4byte	.LASF32
 567 014c 01       		.sleb128 1
 568 014d 0B       		.uleb128 0xb
 569 014e D1030000 		.4byte	.LASF33
 570 0152 02       		.sleb128 2
 571 0153 00       		.byte	0
 572 0154 0C       		.uleb128 0xc
 573 0155 04       		.byte	0x4
 574 0156 05       		.byte	0x5
 575 0157 16       		.byte	0x16
 576 0158 75010000 		.4byte	0x175
 577 015c 0D       		.uleb128 0xd
 578 015d 70776D00 		.ascii	"pwm\000"
 579 0161 05       		.byte	0x5
 580 0162 18       		.byte	0x18
 581 0163 A1000000 		.4byte	0xa1
 582 0167 00       		.byte	0
 583 0168 0D       		.uleb128 0xd
 584 0169 64697200 		.ascii	"dir\000"
 585 016d 05       		.byte	0x5
 586 016e 19       		.byte	0x19
 587 016f 35010000 		.4byte	0x135
 588 0173 02       		.byte	0x2
 589 0174 00       		.byte	0
 590 0175 04       		.uleb128 0x4
 591 0176 1E010000 		.4byte	.LASF34
 592 017a 05       		.byte	0x5
 593 017b 1A       		.byte	0x1a
 594 017c 54010000 		.4byte	0x154
 595 0180 0C       		.uleb128 0xc
 596 0181 14       		.byte	0x14
 597 0182 05       		.byte	0x5
 598 0183 1B       		.byte	0x1b
 599 0184 DD010000 		.4byte	0x1dd
 600 0188 0E       		.uleb128 0xe
 601 0189 3A010000 		.4byte	.LASF35
 602 018d 05       		.byte	0x5
 603 018e 1D       		.byte	0x1d
 604 018f 96000000 		.4byte	0x96
 605 0193 00       		.byte	0
ARM GAS  C:\Users\pxc\AppData\Local\Temp\ccQgqgLy.s 			page 19


 606 0194 0E       		.uleb128 0xe
 607 0195 E2030000 		.4byte	.LASF36
 608 0199 05       		.byte	0x5
 609 019a 1E       		.byte	0x1e
 610 019b F3000000 		.4byte	0xf3
 611 019f 01       		.byte	0x1
 612 01a0 0E       		.uleb128 0xe
 613 01a1 99030000 		.4byte	.LASF37
 614 01a5 05       		.byte	0x5
 615 01a6 1F       		.byte	0x1f
 616 01a7 A1000000 		.4byte	0xa1
 617 01ab 02       		.byte	0x2
 618 01ac 0E       		.uleb128 0xe
 619 01ad 7E030000 		.4byte	.LASF38
 620 01b1 05       		.byte	0x5
 621 01b2 20       		.byte	0x20
 622 01b3 75010000 		.4byte	0x175
 623 01b7 04       		.byte	0x4
 624 01b8 0E       		.uleb128 0xe
 625 01b9 77010000 		.4byte	.LASF39
 626 01bd 05       		.byte	0x5
 627 01be 21       		.byte	0x21
 628 01bf 75010000 		.4byte	0x175
 629 01c3 08       		.byte	0x8
 630 01c4 0E       		.uleb128 0xe
 631 01c5 6C030000 		.4byte	.LASF40
 632 01c9 05       		.byte	0x5
 633 01ca 22       		.byte	0x22
 634 01cb 75010000 		.4byte	0x175
 635 01cf 0C       		.byte	0xc
 636 01d0 0E       		.uleb128 0xe
 637 01d1 89010000 		.4byte	.LASF41
 638 01d5 05       		.byte	0x5
 639 01d6 23       		.byte	0x23
 640 01d7 75010000 		.4byte	0x175
 641 01db 10       		.byte	0x10
 642 01dc 00       		.byte	0
 643 01dd 04       		.uleb128 0x4
 644 01de 1F030000 		.4byte	.LASF42
 645 01e2 05       		.byte	0x5
 646 01e3 24       		.byte	0x24
 647 01e4 80010000 		.4byte	0x180
 648 01e8 0F       		.uleb128 0xf
 649 01e9 BC030000 		.4byte	.LASF43
 650 01ed 01       		.byte	0x1
 651 01ee A3       		.byte	0xa3
 652 01ef 00000000 		.4byte	.LFB66
 653 01f3 0C000000 		.4byte	.LFE66-.LFB66
 654 01f7 01       		.uleb128 0x1
 655 01f8 9C       		.byte	0x9c
 656 01f9 1F020000 		.4byte	0x21f
 657 01fd 10       		.uleb128 0x10
 658 01fe 25030000 		.4byte	.LASF45
 659 0202 01       		.byte	0x1
 660 0203 AB       		.byte	0xab
 661 0204 96000000 		.4byte	0x96
 662 0208 00000000 		.4byte	.LLST0
ARM GAS  C:\Users\pxc\AppData\Local\Temp\ccQgqgLy.s 			page 20


 663 020c 11       		.uleb128 0x11
 664 020d 06000000 		.4byte	.LVL0
 665 0211 48040000 		.4byte	0x448
 666 0215 11       		.uleb128 0x11
 667 0216 0A000000 		.4byte	.LVL1
 668 021a 53040000 		.4byte	0x453
 669 021e 00       		.byte	0
 670 021f 0F       		.uleb128 0xf
 671 0220 5A000000 		.4byte	.LASF44
 672 0224 01       		.byte	0x1
 673 0225 CD       		.byte	0xcd
 674 0226 00000000 		.4byte	.LFB67
 675 022a 0C000000 		.4byte	.LFE67-.LFB67
 676 022e 01       		.uleb128 0x1
 677 022f 9C       		.byte	0x9c
 678 0230 4F020000 		.4byte	0x24f
 679 0234 12       		.uleb128 0x12
 680 0235 CF000000 		.4byte	.LASF48
 681 0239 01       		.byte	0x1
 682 023a CD       		.byte	0xcd
 683 023b E7000000 		.4byte	0xe7
 684 023f 01       		.uleb128 0x1
 685 0240 50       		.byte	0x50
 686 0241 13       		.uleb128 0x13
 687 0242 26000000 		.4byte	.LASF46
 688 0246 01       		.byte	0x1
 689 0247 CF       		.byte	0xcf
 690 0248 4F020000 		.4byte	0x24f
 691 024c 01       		.uleb128 0x1
 692 024d 53       		.byte	0x53
 693 024e 00       		.byte	0
 694 024f 05       		.uleb128 0x5
 695 0250 04       		.byte	0x4
 696 0251 E7000000 		.4byte	0xe7
 697 0255 14       		.uleb128 0x14
 698 0256 2A030000 		.4byte	.LASF50
 699 025a 01       		.byte	0x1
 700 025b E5       		.byte	0xe5
 701 025c E7000000 		.4byte	0xe7
 702 0260 00000000 		.4byte	.LFB68
 703 0264 0C000000 		.4byte	.LFE68-.LFB68
 704 0268 01       		.uleb128 0x1
 705 0269 9C       		.byte	0x9c
 706 026a 7C020000 		.4byte	0x27c
 707 026e 13       		.uleb128 0x13
 708 026f 26000000 		.4byte	.LASF46
 709 0273 01       		.byte	0x1
 710 0274 E7       		.byte	0xe7
 711 0275 4F020000 		.4byte	0x24f
 712 0279 01       		.uleb128 0x1
 713 027a 53       		.byte	0x53
 714 027b 00       		.byte	0
 715 027c 15       		.uleb128 0x15
 716 027d 00000000 		.4byte	.LASF47
 717 0281 01       		.byte	0x1
 718 0282 0701     		.2byte	0x107
 719 0284 00000000 		.4byte	.LFB69
ARM GAS  C:\Users\pxc\AppData\Local\Temp\ccQgqgLy.s 			page 21


 720 0288 10000000 		.4byte	.LFE69-.LFB69
 721 028c 01       		.uleb128 0x1
 722 028d 9C       		.byte	0x9c
 723 028e A3020000 		.4byte	0x2a3
 724 0292 16       		.uleb128 0x16
 725 0293 1D000000 		.4byte	.LASF49
 726 0297 01       		.byte	0x1
 727 0298 0701     		.2byte	0x107
 728 029a 96000000 		.4byte	0x96
 729 029e 13000000 		.4byte	.LLST1
 730 02a2 00       		.byte	0
 731 02a3 17       		.uleb128 0x17
 732 02a4 8B000000 		.4byte	.LASF51
 733 02a8 01       		.byte	0x1
 734 02a9 1D01     		.2byte	0x11d
 735 02ab 96000000 		.4byte	0x96
 736 02af 00000000 		.4byte	.LFB70
 737 02b3 0C000000 		.4byte	.LFE70-.LFB70
 738 02b7 01       		.uleb128 0x1
 739 02b8 9C       		.byte	0x9c
 740 02b9 CE020000 		.4byte	0x2ce
 741 02bd 18       		.uleb128 0x18
 742 02be 1D000000 		.4byte	.LASF49
 743 02c2 01       		.byte	0x1
 744 02c3 1F01     		.2byte	0x11f
 745 02c5 96000000 		.4byte	0x96
 746 02c9 34000000 		.4byte	.LLST2
 747 02cd 00       		.byte	0
 748 02ce 19       		.uleb128 0x19
 749 02cf 48000000 		.4byte	.LASF52
 750 02d3 01       		.byte	0x1
 751 02d4 3801     		.2byte	0x138
 752 02d6 00000000 		.4byte	.LFB71
 753 02da 0C000000 		.4byte	.LFE71-.LFB71
 754 02de 01       		.uleb128 0x1
 755 02df 9C       		.byte	0x9c
 756 02e0 1A       		.uleb128 0x1a
 757 02e1 52010000 		.4byte	.LASF65
 758 02e5 01       		.byte	0x1
 759 02e6 4D01     		.2byte	0x14d
 760 02e8 96000000 		.4byte	0x96
 761 02ec 00000000 		.4byte	.LFB72
 762 02f0 18000000 		.4byte	.LFE72-.LFB72
 763 02f4 01       		.uleb128 0x1
 764 02f5 9C       		.byte	0x9c
 765 02f6 19       		.uleb128 0x19
 766 02f7 FC010000 		.4byte	.LASF53
 767 02fb 01       		.byte	0x1
 768 02fc 6201     		.2byte	0x162
 769 02fe 00000000 		.4byte	.LFB73
 770 0302 0C000000 		.4byte	.LFE73-.LFB73
 771 0306 01       		.uleb128 0x1
 772 0307 9C       		.byte	0x9c
 773 0308 0F       		.uleb128 0xf
 774 0309 66010000 		.4byte	.LASF54
 775 030d 01       		.byte	0x1
 776 030e 40       		.byte	0x40
ARM GAS  C:\Users\pxc\AppData\Local\Temp\ccQgqgLy.s 			page 22


 777 030f 00000000 		.4byte	.LFB63
 778 0313 1C000000 		.4byte	.LFE63-.LFB63
 779 0317 01       		.uleb128 0x1
 780 0318 9C       		.byte	0x9c
 781 0319 5A030000 		.4byte	0x35a
 782 031d 11       		.uleb128 0x11
 783 031e 06000000 		.4byte	.LVL9
 784 0322 F6020000 		.4byte	0x2f6
 785 0326 1B       		.uleb128 0x1b
 786 0327 0C000000 		.4byte	.LVL10
 787 032b 1F020000 		.4byte	0x21f
 788 032f 3D030000 		.4byte	0x33d
 789 0333 1C       		.uleb128 0x1c
 790 0334 01       		.uleb128 0x1
 791 0335 50       		.byte	0x50
 792 0336 05       		.uleb128 0x5
 793 0337 03       		.byte	0x3
 794 0338 00000000 		.4byte	isr_rx_net_Interrupt
 795 033c 00       		.byte	0
 796 033d 1B       		.uleb128 0x1b
 797 033e 12000000 		.4byte	.LVL11
 798 0342 7C020000 		.4byte	0x27c
 799 0346 50030000 		.4byte	0x350
 800 034a 1C       		.uleb128 0x1c
 801 034b 01       		.uleb128 0x1
 802 034c 50       		.byte	0x50
 803 034d 01       		.uleb128 0x1
 804 034e 37       		.byte	0x37
 805 034f 00       		.byte	0
 806 0350 11       		.uleb128 0x11
 807 0351 16000000 		.4byte	.LVL12
 808 0355 CE020000 		.4byte	0x2ce
 809 0359 00       		.byte	0
 810 035a 0F       		.uleb128 0xf
 811 035b F3000000 		.4byte	.LASF55
 812 035f 01       		.byte	0x1
 813 0360 6B       		.byte	0x6b
 814 0361 00000000 		.4byte	.LFB64
 815 0365 1A000000 		.4byte	.LFE64-.LFB64
 816 0369 01       		.uleb128 0x1
 817 036a 9C       		.byte	0x9c
 818 036b B8030000 		.4byte	0x3b8
 819 036f 1D       		.uleb128 0x1d
 820 0370 CF000000 		.4byte	.LASF48
 821 0374 01       		.byte	0x1
 822 0375 6B       		.byte	0x6b
 823 0376 E7000000 		.4byte	0xe7
 824 037a 4B000000 		.4byte	.LLST3
 825 037e 11       		.uleb128 0x11
 826 037f 08000000 		.4byte	.LVL14
 827 0383 F6020000 		.4byte	0x2f6
 828 0387 1B       		.uleb128 0x1b
 829 0388 0E000000 		.4byte	.LVL15
 830 038c 1F020000 		.4byte	0x21f
 831 0390 9B030000 		.4byte	0x39b
 832 0394 1C       		.uleb128 0x1c
 833 0395 01       		.uleb128 0x1
ARM GAS  C:\Users\pxc\AppData\Local\Temp\ccQgqgLy.s 			page 23


 834 0396 50       		.byte	0x50
 835 0397 02       		.uleb128 0x2
 836 0398 74       		.byte	0x74
 837 0399 00       		.sleb128 0
 838 039a 00       		.byte	0
 839 039b 1B       		.uleb128 0x1b
 840 039c 14000000 		.4byte	.LVL16
 841 03a0 7C020000 		.4byte	0x27c
 842 03a4 AE030000 		.4byte	0x3ae
 843 03a8 1C       		.uleb128 0x1c
 844 03a9 01       		.uleb128 0x1
 845 03aa 50       		.byte	0x50
 846 03ab 01       		.uleb128 0x1
 847 03ac 37       		.byte	0x37
 848 03ad 00       		.byte	0
 849 03ae 11       		.uleb128 0x11
 850 03af 18000000 		.4byte	.LVL17
 851 03b3 CE020000 		.4byte	0x2ce
 852 03b7 00       		.byte	0
 853 03b8 0F       		.uleb128 0xf
 854 03b9 A7030000 		.4byte	.LASF56
 855 03bd 01       		.byte	0x1
 856 03be 89       		.byte	0x89
 857 03bf 00000000 		.4byte	.LFB65
 858 03c3 14000000 		.4byte	.LFE65-.LFB65
 859 03c7 01       		.uleb128 0x1
 860 03c8 9C       		.byte	0x9c
 861 03c9 E0030000 		.4byte	0x3e0
 862 03cd 11       		.uleb128 0x11
 863 03ce 06000000 		.4byte	.LVL18
 864 03d2 F6020000 		.4byte	0x2f6
 865 03d6 11       		.uleb128 0x11
 866 03d7 0C000000 		.4byte	.LVL19
 867 03db 1F020000 		.4byte	0x21f
 868 03df 00       		.byte	0
 869 03e0 19       		.uleb128 0x19
 870 03e1 DD000000 		.4byte	.LASF57
 871 03e5 01       		.byte	0x1
 872 03e6 7D01     		.2byte	0x17d
 873 03e8 00000000 		.4byte	.LFB74
 874 03ec 0C000000 		.4byte	.LFE74-.LFB74
 875 03f0 01       		.uleb128 0x1
 876 03f1 9C       		.byte	0x9c
 877 03f2 19       		.uleb128 0x19
 878 03f3 06010000 		.4byte	.LASF58
 879 03f7 01       		.byte	0x1
 880 03f8 9601     		.2byte	0x196
 881 03fa 00000000 		.4byte	.LFB75
 882 03fe 0C000000 		.4byte	.LFE75-.LFB75
 883 0402 01       		.uleb128 0x1
 884 0403 9C       		.byte	0x9c
 885 0404 1E       		.uleb128 0x1e
 886 0405 EA030000 		.4byte	.LASF59
 887 0409 06       		.byte	0x6
 888 040a 2A06     		.2byte	0x62a
 889 040c 10040000 		.4byte	0x410
 890 0410 08       		.uleb128 0x8
ARM GAS  C:\Users\pxc\AppData\Local\Temp\ccQgqgLy.s 			page 24


 891 0411 8B000000 		.4byte	0x8b
 892 0415 1F       		.uleb128 0x1f
 893 0416 4C010000 		.4byte	.LASF60
 894 041a 05       		.byte	0x5
 895 041b 25       		.byte	0x25
 896 041c DD010000 		.4byte	0x1dd
 897 0420 05       		.uleb128 0x5
 898 0421 03       		.byte	0x3
 899 0422 00000000 		.4byte	g_Car
 900 0426 1F       		.uleb128 0x1f
 901 0427 25030000 		.4byte	.LASF45
 902 042b 01       		.byte	0x1
 903 042c 20       		.byte	0x20
 904 042d 96000000 		.4byte	0x96
 905 0431 05       		.uleb128 0x5
 906 0432 03       		.byte	0x3
 907 0433 00000000 		.4byte	data
 908 0437 1F       		.uleb128 0x1f
 909 0438 DC030000 		.4byte	.LASF61
 910 043c 01       		.byte	0x1
 911 043d 21       		.byte	0x21
 912 043e 96000000 		.4byte	0x96
 913 0442 05       		.uleb128 0x5
 914 0443 03       		.byte	0x3
 915 0444 00000000 		.4byte	data1
 916 0448 20       		.uleb128 0x20
 917 0449 F7030000 		.4byte	.LASF66
 918 044d 07       		.byte	0x7
 919 044e 71       		.byte	0x71
 920 044f 96000000 		.4byte	0x96
 921 0453 21       		.uleb128 0x21
 922 0454 1C020000 		.4byte	.LASF67
 923 0458 08       		.byte	0x8
 924 0459 1C       		.byte	0x1c
 925 045a 22       		.uleb128 0x22
 926 045b 96000000 		.4byte	0x96
 927 045f 00       		.byte	0
 928 0460 00       		.byte	0
 929              		.section	.debug_abbrev,"",%progbits
 930              	.Ldebug_abbrev0:
 931 0000 01       		.uleb128 0x1
 932 0001 11       		.uleb128 0x11
 933 0002 01       		.byte	0x1
 934 0003 25       		.uleb128 0x25
 935 0004 0E       		.uleb128 0xe
 936 0005 13       		.uleb128 0x13
 937 0006 0B       		.uleb128 0xb
 938 0007 03       		.uleb128 0x3
 939 0008 0E       		.uleb128 0xe
 940 0009 1B       		.uleb128 0x1b
 941 000a 0E       		.uleb128 0xe
 942 000b 55       		.uleb128 0x55
 943 000c 17       		.uleb128 0x17
 944 000d 11       		.uleb128 0x11
 945 000e 01       		.uleb128 0x1
 946 000f 10       		.uleb128 0x10
 947 0010 17       		.uleb128 0x17
ARM GAS  C:\Users\pxc\AppData\Local\Temp\ccQgqgLy.s 			page 25


 948 0011 00       		.byte	0
 949 0012 00       		.byte	0
 950 0013 02       		.uleb128 0x2
 951 0014 24       		.uleb128 0x24
 952 0015 00       		.byte	0
 953 0016 0B       		.uleb128 0xb
 954 0017 0B       		.uleb128 0xb
 955 0018 3E       		.uleb128 0x3e
 956 0019 0B       		.uleb128 0xb
 957 001a 03       		.uleb128 0x3
 958 001b 08       		.uleb128 0x8
 959 001c 00       		.byte	0
 960 001d 00       		.byte	0
 961 001e 03       		.uleb128 0x3
 962 001f 24       		.uleb128 0x24
 963 0020 00       		.byte	0
 964 0021 0B       		.uleb128 0xb
 965 0022 0B       		.uleb128 0xb
 966 0023 3E       		.uleb128 0x3e
 967 0024 0B       		.uleb128 0xb
 968 0025 03       		.uleb128 0x3
 969 0026 0E       		.uleb128 0xe
 970 0027 00       		.byte	0
 971 0028 00       		.byte	0
 972 0029 04       		.uleb128 0x4
 973 002a 16       		.uleb128 0x16
 974 002b 00       		.byte	0
 975 002c 03       		.uleb128 0x3
 976 002d 0E       		.uleb128 0xe
 977 002e 3A       		.uleb128 0x3a
 978 002f 0B       		.uleb128 0xb
 979 0030 3B       		.uleb128 0x3b
 980 0031 0B       		.uleb128 0xb
 981 0032 49       		.uleb128 0x49
 982 0033 13       		.uleb128 0x13
 983 0034 00       		.byte	0
 984 0035 00       		.byte	0
 985 0036 05       		.uleb128 0x5
 986 0037 0F       		.uleb128 0xf
 987 0038 00       		.byte	0
 988 0039 0B       		.uleb128 0xb
 989 003a 0B       		.uleb128 0xb
 990 003b 49       		.uleb128 0x49
 991 003c 13       		.uleb128 0x13
 992 003d 00       		.byte	0
 993 003e 00       		.byte	0
 994 003f 06       		.uleb128 0x6
 995 0040 15       		.uleb128 0x15
 996 0041 00       		.byte	0
 997 0042 27       		.uleb128 0x27
 998 0043 19       		.uleb128 0x19
 999 0044 00       		.byte	0
 1000 0045 00       		.byte	0
 1001 0046 07       		.uleb128 0x7
 1002 0047 16       		.uleb128 0x16
 1003 0048 00       		.byte	0
 1004 0049 03       		.uleb128 0x3
ARM GAS  C:\Users\pxc\AppData\Local\Temp\ccQgqgLy.s 			page 26


 1005 004a 0E       		.uleb128 0xe
 1006 004b 3A       		.uleb128 0x3a
 1007 004c 0B       		.uleb128 0xb
 1008 004d 3B       		.uleb128 0x3b
 1009 004e 05       		.uleb128 0x5
 1010 004f 49       		.uleb128 0x49
 1011 0050 13       		.uleb128 0x13
 1012 0051 00       		.byte	0
 1013 0052 00       		.byte	0
 1014 0053 08       		.uleb128 0x8
 1015 0054 35       		.uleb128 0x35
 1016 0055 00       		.byte	0
 1017 0056 49       		.uleb128 0x49
 1018 0057 13       		.uleb128 0x13
 1019 0058 00       		.byte	0
 1020 0059 00       		.byte	0
 1021 005a 09       		.uleb128 0x9
 1022 005b 04       		.uleb128 0x4
 1023 005c 01       		.byte	0x1
 1024 005d 03       		.uleb128 0x3
 1025 005e 0E       		.uleb128 0xe
 1026 005f 0B       		.uleb128 0xb
 1027 0060 0B       		.uleb128 0xb
 1028 0061 3A       		.uleb128 0x3a
 1029 0062 0B       		.uleb128 0xb
 1030 0063 3B       		.uleb128 0x3b
 1031 0064 0B       		.uleb128 0xb
 1032 0065 01       		.uleb128 0x1
 1033 0066 13       		.uleb128 0x13
 1034 0067 00       		.byte	0
 1035 0068 00       		.byte	0
 1036 0069 0A       		.uleb128 0xa
 1037 006a 28       		.uleb128 0x28
 1038 006b 00       		.byte	0
 1039 006c 03       		.uleb128 0x3
 1040 006d 08       		.uleb128 0x8
 1041 006e 1C       		.uleb128 0x1c
 1042 006f 0D       		.uleb128 0xd
 1043 0070 00       		.byte	0
 1044 0071 00       		.byte	0
 1045 0072 0B       		.uleb128 0xb
 1046 0073 28       		.uleb128 0x28
 1047 0074 00       		.byte	0
 1048 0075 03       		.uleb128 0x3
 1049 0076 0E       		.uleb128 0xe
 1050 0077 1C       		.uleb128 0x1c
 1051 0078 0D       		.uleb128 0xd
 1052 0079 00       		.byte	0
 1053 007a 00       		.byte	0
 1054 007b 0C       		.uleb128 0xc
 1055 007c 13       		.uleb128 0x13
 1056 007d 01       		.byte	0x1
 1057 007e 0B       		.uleb128 0xb
 1058 007f 0B       		.uleb128 0xb
 1059 0080 3A       		.uleb128 0x3a
 1060 0081 0B       		.uleb128 0xb
 1061 0082 3B       		.uleb128 0x3b
ARM GAS  C:\Users\pxc\AppData\Local\Temp\ccQgqgLy.s 			page 27


 1062 0083 0B       		.uleb128 0xb
 1063 0084 01       		.uleb128 0x1
 1064 0085 13       		.uleb128 0x13
 1065 0086 00       		.byte	0
 1066 0087 00       		.byte	0
 1067 0088 0D       		.uleb128 0xd
 1068 0089 0D       		.uleb128 0xd
 1069 008a 00       		.byte	0
 1070 008b 03       		.uleb128 0x3
 1071 008c 08       		.uleb128 0x8
 1072 008d 3A       		.uleb128 0x3a
 1073 008e 0B       		.uleb128 0xb
 1074 008f 3B       		.uleb128 0x3b
 1075 0090 0B       		.uleb128 0xb
 1076 0091 49       		.uleb128 0x49
 1077 0092 13       		.uleb128 0x13
 1078 0093 38       		.uleb128 0x38
 1079 0094 0B       		.uleb128 0xb
 1080 0095 00       		.byte	0
 1081 0096 00       		.byte	0
 1082 0097 0E       		.uleb128 0xe
 1083 0098 0D       		.uleb128 0xd
 1084 0099 00       		.byte	0
 1085 009a 03       		.uleb128 0x3
 1086 009b 0E       		.uleb128 0xe
 1087 009c 3A       		.uleb128 0x3a
 1088 009d 0B       		.uleb128 0xb
 1089 009e 3B       		.uleb128 0x3b
 1090 009f 0B       		.uleb128 0xb
 1091 00a0 49       		.uleb128 0x49
 1092 00a1 13       		.uleb128 0x13
 1093 00a2 38       		.uleb128 0x38
 1094 00a3 0B       		.uleb128 0xb
 1095 00a4 00       		.byte	0
 1096 00a5 00       		.byte	0
 1097 00a6 0F       		.uleb128 0xf
 1098 00a7 2E       		.uleb128 0x2e
 1099 00a8 01       		.byte	0x1
 1100 00a9 3F       		.uleb128 0x3f
 1101 00aa 19       		.uleb128 0x19
 1102 00ab 03       		.uleb128 0x3
 1103 00ac 0E       		.uleb128 0xe
 1104 00ad 3A       		.uleb128 0x3a
 1105 00ae 0B       		.uleb128 0xb
 1106 00af 3B       		.uleb128 0x3b
 1107 00b0 0B       		.uleb128 0xb
 1108 00b1 27       		.uleb128 0x27
 1109 00b2 19       		.uleb128 0x19
 1110 00b3 11       		.uleb128 0x11
 1111 00b4 01       		.uleb128 0x1
 1112 00b5 12       		.uleb128 0x12
 1113 00b6 06       		.uleb128 0x6
 1114 00b7 40       		.uleb128 0x40
 1115 00b8 18       		.uleb128 0x18
 1116 00b9 9742     		.uleb128 0x2117
 1117 00bb 19       		.uleb128 0x19
 1118 00bc 01       		.uleb128 0x1
ARM GAS  C:\Users\pxc\AppData\Local\Temp\ccQgqgLy.s 			page 28


 1119 00bd 13       		.uleb128 0x13
 1120 00be 00       		.byte	0
 1121 00bf 00       		.byte	0
 1122 00c0 10       		.uleb128 0x10
 1123 00c1 34       		.uleb128 0x34
 1124 00c2 00       		.byte	0
 1125 00c3 03       		.uleb128 0x3
 1126 00c4 0E       		.uleb128 0xe
 1127 00c5 3A       		.uleb128 0x3a
 1128 00c6 0B       		.uleb128 0xb
 1129 00c7 3B       		.uleb128 0x3b
 1130 00c8 0B       		.uleb128 0xb
 1131 00c9 49       		.uleb128 0x49
 1132 00ca 13       		.uleb128 0x13
 1133 00cb 02       		.uleb128 0x2
 1134 00cc 17       		.uleb128 0x17
 1135 00cd 00       		.byte	0
 1136 00ce 00       		.byte	0
 1137 00cf 11       		.uleb128 0x11
 1138 00d0 898201   		.uleb128 0x4109
 1139 00d3 00       		.byte	0
 1140 00d4 11       		.uleb128 0x11
 1141 00d5 01       		.uleb128 0x1
 1142 00d6 31       		.uleb128 0x31
 1143 00d7 13       		.uleb128 0x13
 1144 00d8 00       		.byte	0
 1145 00d9 00       		.byte	0
 1146 00da 12       		.uleb128 0x12
 1147 00db 05       		.uleb128 0x5
 1148 00dc 00       		.byte	0
 1149 00dd 03       		.uleb128 0x3
 1150 00de 0E       		.uleb128 0xe
 1151 00df 3A       		.uleb128 0x3a
 1152 00e0 0B       		.uleb128 0xb
 1153 00e1 3B       		.uleb128 0x3b
 1154 00e2 0B       		.uleb128 0xb
 1155 00e3 49       		.uleb128 0x49
 1156 00e4 13       		.uleb128 0x13
 1157 00e5 02       		.uleb128 0x2
 1158 00e6 18       		.uleb128 0x18
 1159 00e7 00       		.byte	0
 1160 00e8 00       		.byte	0
 1161 00e9 13       		.uleb128 0x13
 1162 00ea 34       		.uleb128 0x34
 1163 00eb 00       		.byte	0
 1164 00ec 03       		.uleb128 0x3
 1165 00ed 0E       		.uleb128 0xe
 1166 00ee 3A       		.uleb128 0x3a
 1167 00ef 0B       		.uleb128 0xb
 1168 00f0 3B       		.uleb128 0x3b
 1169 00f1 0B       		.uleb128 0xb
 1170 00f2 49       		.uleb128 0x49
 1171 00f3 13       		.uleb128 0x13
 1172 00f4 02       		.uleb128 0x2
 1173 00f5 18       		.uleb128 0x18
 1174 00f6 00       		.byte	0
 1175 00f7 00       		.byte	0
ARM GAS  C:\Users\pxc\AppData\Local\Temp\ccQgqgLy.s 			page 29


 1176 00f8 14       		.uleb128 0x14
 1177 00f9 2E       		.uleb128 0x2e
 1178 00fa 01       		.byte	0x1
 1179 00fb 3F       		.uleb128 0x3f
 1180 00fc 19       		.uleb128 0x19
 1181 00fd 03       		.uleb128 0x3
 1182 00fe 0E       		.uleb128 0xe
 1183 00ff 3A       		.uleb128 0x3a
 1184 0100 0B       		.uleb128 0xb
 1185 0101 3B       		.uleb128 0x3b
 1186 0102 0B       		.uleb128 0xb
 1187 0103 27       		.uleb128 0x27
 1188 0104 19       		.uleb128 0x19
 1189 0105 49       		.uleb128 0x49
 1190 0106 13       		.uleb128 0x13
 1191 0107 11       		.uleb128 0x11
 1192 0108 01       		.uleb128 0x1
 1193 0109 12       		.uleb128 0x12
 1194 010a 06       		.uleb128 0x6
 1195 010b 40       		.uleb128 0x40
 1196 010c 18       		.uleb128 0x18
 1197 010d 9742     		.uleb128 0x2117
 1198 010f 19       		.uleb128 0x19
 1199 0110 01       		.uleb128 0x1
 1200 0111 13       		.uleb128 0x13
 1201 0112 00       		.byte	0
 1202 0113 00       		.byte	0
 1203 0114 15       		.uleb128 0x15
 1204 0115 2E       		.uleb128 0x2e
 1205 0116 01       		.byte	0x1
 1206 0117 3F       		.uleb128 0x3f
 1207 0118 19       		.uleb128 0x19
 1208 0119 03       		.uleb128 0x3
 1209 011a 0E       		.uleb128 0xe
 1210 011b 3A       		.uleb128 0x3a
 1211 011c 0B       		.uleb128 0xb
 1212 011d 3B       		.uleb128 0x3b
 1213 011e 05       		.uleb128 0x5
 1214 011f 27       		.uleb128 0x27
 1215 0120 19       		.uleb128 0x19
 1216 0121 11       		.uleb128 0x11
 1217 0122 01       		.uleb128 0x1
 1218 0123 12       		.uleb128 0x12
 1219 0124 06       		.uleb128 0x6
 1220 0125 40       		.uleb128 0x40
 1221 0126 18       		.uleb128 0x18
 1222 0127 9742     		.uleb128 0x2117
 1223 0129 19       		.uleb128 0x19
 1224 012a 01       		.uleb128 0x1
 1225 012b 13       		.uleb128 0x13
 1226 012c 00       		.byte	0
 1227 012d 00       		.byte	0
 1228 012e 16       		.uleb128 0x16
 1229 012f 05       		.uleb128 0x5
 1230 0130 00       		.byte	0
 1231 0131 03       		.uleb128 0x3
 1232 0132 0E       		.uleb128 0xe
ARM GAS  C:\Users\pxc\AppData\Local\Temp\ccQgqgLy.s 			page 30


 1233 0133 3A       		.uleb128 0x3a
 1234 0134 0B       		.uleb128 0xb
 1235 0135 3B       		.uleb128 0x3b
 1236 0136 05       		.uleb128 0x5
 1237 0137 49       		.uleb128 0x49
 1238 0138 13       		.uleb128 0x13
 1239 0139 02       		.uleb128 0x2
 1240 013a 17       		.uleb128 0x17
 1241 013b 00       		.byte	0
 1242 013c 00       		.byte	0
 1243 013d 17       		.uleb128 0x17
 1244 013e 2E       		.uleb128 0x2e
 1245 013f 01       		.byte	0x1
 1246 0140 3F       		.uleb128 0x3f
 1247 0141 19       		.uleb128 0x19
 1248 0142 03       		.uleb128 0x3
 1249 0143 0E       		.uleb128 0xe
 1250 0144 3A       		.uleb128 0x3a
 1251 0145 0B       		.uleb128 0xb
 1252 0146 3B       		.uleb128 0x3b
 1253 0147 05       		.uleb128 0x5
 1254 0148 27       		.uleb128 0x27
 1255 0149 19       		.uleb128 0x19
 1256 014a 49       		.uleb128 0x49
 1257 014b 13       		.uleb128 0x13
 1258 014c 11       		.uleb128 0x11
 1259 014d 01       		.uleb128 0x1
 1260 014e 12       		.uleb128 0x12
 1261 014f 06       		.uleb128 0x6
 1262 0150 40       		.uleb128 0x40
 1263 0151 18       		.uleb128 0x18
 1264 0152 9742     		.uleb128 0x2117
 1265 0154 19       		.uleb128 0x19
 1266 0155 01       		.uleb128 0x1
 1267 0156 13       		.uleb128 0x13
 1268 0157 00       		.byte	0
 1269 0158 00       		.byte	0
 1270 0159 18       		.uleb128 0x18
 1271 015a 34       		.uleb128 0x34
 1272 015b 00       		.byte	0
 1273 015c 03       		.uleb128 0x3
 1274 015d 0E       		.uleb128 0xe
 1275 015e 3A       		.uleb128 0x3a
 1276 015f 0B       		.uleb128 0xb
 1277 0160 3B       		.uleb128 0x3b
 1278 0161 05       		.uleb128 0x5
 1279 0162 49       		.uleb128 0x49
 1280 0163 13       		.uleb128 0x13
 1281 0164 02       		.uleb128 0x2
 1282 0165 17       		.uleb128 0x17
 1283 0166 00       		.byte	0
 1284 0167 00       		.byte	0
 1285 0168 19       		.uleb128 0x19
 1286 0169 2E       		.uleb128 0x2e
 1287 016a 00       		.byte	0
 1288 016b 3F       		.uleb128 0x3f
 1289 016c 19       		.uleb128 0x19
ARM GAS  C:\Users\pxc\AppData\Local\Temp\ccQgqgLy.s 			page 31


 1290 016d 03       		.uleb128 0x3
 1291 016e 0E       		.uleb128 0xe
 1292 016f 3A       		.uleb128 0x3a
 1293 0170 0B       		.uleb128 0xb
 1294 0171 3B       		.uleb128 0x3b
 1295 0172 05       		.uleb128 0x5
 1296 0173 27       		.uleb128 0x27
 1297 0174 19       		.uleb128 0x19
 1298 0175 11       		.uleb128 0x11
 1299 0176 01       		.uleb128 0x1
 1300 0177 12       		.uleb128 0x12
 1301 0178 06       		.uleb128 0x6
 1302 0179 40       		.uleb128 0x40
 1303 017a 18       		.uleb128 0x18
 1304 017b 9742     		.uleb128 0x2117
 1305 017d 19       		.uleb128 0x19
 1306 017e 00       		.byte	0
 1307 017f 00       		.byte	0
 1308 0180 1A       		.uleb128 0x1a
 1309 0181 2E       		.uleb128 0x2e
 1310 0182 00       		.byte	0
 1311 0183 3F       		.uleb128 0x3f
 1312 0184 19       		.uleb128 0x19
 1313 0185 03       		.uleb128 0x3
 1314 0186 0E       		.uleb128 0xe
 1315 0187 3A       		.uleb128 0x3a
 1316 0188 0B       		.uleb128 0xb
 1317 0189 3B       		.uleb128 0x3b
 1318 018a 05       		.uleb128 0x5
 1319 018b 27       		.uleb128 0x27
 1320 018c 19       		.uleb128 0x19
 1321 018d 49       		.uleb128 0x49
 1322 018e 13       		.uleb128 0x13
 1323 018f 11       		.uleb128 0x11
 1324 0190 01       		.uleb128 0x1
 1325 0191 12       		.uleb128 0x12
 1326 0192 06       		.uleb128 0x6
 1327 0193 40       		.uleb128 0x40
 1328 0194 18       		.uleb128 0x18
 1329 0195 9742     		.uleb128 0x2117
 1330 0197 19       		.uleb128 0x19
 1331 0198 00       		.byte	0
 1332 0199 00       		.byte	0
 1333 019a 1B       		.uleb128 0x1b
 1334 019b 898201   		.uleb128 0x4109
 1335 019e 01       		.byte	0x1
 1336 019f 11       		.uleb128 0x11
 1337 01a0 01       		.uleb128 0x1
 1338 01a1 31       		.uleb128 0x31
 1339 01a2 13       		.uleb128 0x13
 1340 01a3 01       		.uleb128 0x1
 1341 01a4 13       		.uleb128 0x13
 1342 01a5 00       		.byte	0
 1343 01a6 00       		.byte	0
 1344 01a7 1C       		.uleb128 0x1c
 1345 01a8 8A8201   		.uleb128 0x410a
 1346 01ab 00       		.byte	0
ARM GAS  C:\Users\pxc\AppData\Local\Temp\ccQgqgLy.s 			page 32


 1347 01ac 02       		.uleb128 0x2
 1348 01ad 18       		.uleb128 0x18
 1349 01ae 9142     		.uleb128 0x2111
 1350 01b0 18       		.uleb128 0x18
 1351 01b1 00       		.byte	0
 1352 01b2 00       		.byte	0
 1353 01b3 1D       		.uleb128 0x1d
 1354 01b4 05       		.uleb128 0x5
 1355 01b5 00       		.byte	0
 1356 01b6 03       		.uleb128 0x3
 1357 01b7 0E       		.uleb128 0xe
 1358 01b8 3A       		.uleb128 0x3a
 1359 01b9 0B       		.uleb128 0xb
 1360 01ba 3B       		.uleb128 0x3b
 1361 01bb 0B       		.uleb128 0xb
 1362 01bc 49       		.uleb128 0x49
 1363 01bd 13       		.uleb128 0x13
 1364 01be 02       		.uleb128 0x2
 1365 01bf 17       		.uleb128 0x17
 1366 01c0 00       		.byte	0
 1367 01c1 00       		.byte	0
 1368 01c2 1E       		.uleb128 0x1e
 1369 01c3 34       		.uleb128 0x34
 1370 01c4 00       		.byte	0
 1371 01c5 03       		.uleb128 0x3
 1372 01c6 0E       		.uleb128 0xe
 1373 01c7 3A       		.uleb128 0x3a
 1374 01c8 0B       		.uleb128 0xb
 1375 01c9 3B       		.uleb128 0x3b
 1376 01ca 05       		.uleb128 0x5
 1377 01cb 49       		.uleb128 0x49
 1378 01cc 13       		.uleb128 0x13
 1379 01cd 3F       		.uleb128 0x3f
 1380 01ce 19       		.uleb128 0x19
 1381 01cf 3C       		.uleb128 0x3c
 1382 01d0 19       		.uleb128 0x19
 1383 01d1 00       		.byte	0
 1384 01d2 00       		.byte	0
 1385 01d3 1F       		.uleb128 0x1f
 1386 01d4 34       		.uleb128 0x34
 1387 01d5 00       		.byte	0
 1388 01d6 03       		.uleb128 0x3
 1389 01d7 0E       		.uleb128 0xe
 1390 01d8 3A       		.uleb128 0x3a
 1391 01d9 0B       		.uleb128 0xb
 1392 01da 3B       		.uleb128 0x3b
 1393 01db 0B       		.uleb128 0xb
 1394 01dc 49       		.uleb128 0x49
 1395 01dd 13       		.uleb128 0x13
 1396 01de 3F       		.uleb128 0x3f
 1397 01df 19       		.uleb128 0x19
 1398 01e0 02       		.uleb128 0x2
 1399 01e1 18       		.uleb128 0x18
 1400 01e2 00       		.byte	0
 1401 01e3 00       		.byte	0
 1402 01e4 20       		.uleb128 0x20
 1403 01e5 2E       		.uleb128 0x2e
ARM GAS  C:\Users\pxc\AppData\Local\Temp\ccQgqgLy.s 			page 33


 1404 01e6 00       		.byte	0
 1405 01e7 3F       		.uleb128 0x3f
 1406 01e8 19       		.uleb128 0x19
 1407 01e9 03       		.uleb128 0x3
 1408 01ea 0E       		.uleb128 0xe
 1409 01eb 3A       		.uleb128 0x3a
 1410 01ec 0B       		.uleb128 0xb
 1411 01ed 3B       		.uleb128 0x3b
 1412 01ee 0B       		.uleb128 0xb
 1413 01ef 27       		.uleb128 0x27
 1414 01f0 19       		.uleb128 0x19
 1415 01f1 49       		.uleb128 0x49
 1416 01f2 13       		.uleb128 0x13
 1417 01f3 3C       		.uleb128 0x3c
 1418 01f4 19       		.uleb128 0x19
 1419 01f5 00       		.byte	0
 1420 01f6 00       		.byte	0
 1421 01f7 21       		.uleb128 0x21
 1422 01f8 2E       		.uleb128 0x2e
 1423 01f9 01       		.byte	0x1
 1424 01fa 3F       		.uleb128 0x3f
 1425 01fb 19       		.uleb128 0x19
 1426 01fc 03       		.uleb128 0x3
 1427 01fd 0E       		.uleb128 0xe
 1428 01fe 3A       		.uleb128 0x3a
 1429 01ff 0B       		.uleb128 0xb
 1430 0200 3B       		.uleb128 0x3b
 1431 0201 0B       		.uleb128 0xb
 1432 0202 27       		.uleb128 0x27
 1433 0203 19       		.uleb128 0x19
 1434 0204 3C       		.uleb128 0x3c
 1435 0205 19       		.uleb128 0x19
 1436 0206 00       		.byte	0
 1437 0207 00       		.byte	0
 1438 0208 22       		.uleb128 0x22
 1439 0209 05       		.uleb128 0x5
 1440 020a 00       		.byte	0
 1441 020b 49       		.uleb128 0x49
 1442 020c 13       		.uleb128 0x13
 1443 020d 00       		.byte	0
 1444 020e 00       		.byte	0
 1445 020f 00       		.byte	0
 1446              		.section	.debug_loc,"",%progbits
 1447              	.Ldebug_loc0:
 1448              	.LLST0:
 1449 0000 06000000 		.4byte	.LVL0
 1450 0004 09000000 		.4byte	.LVL1-1
 1451 0008 0100     		.2byte	0x1
 1452 000a 50       		.byte	0x50
 1453 000b 00000000 		.4byte	0
 1454 000f 00000000 		.4byte	0
 1455              	.LLST1:
 1456 0013 00000000 		.4byte	.LVL5
 1457 0017 02000000 		.4byte	.LVL6
 1458 001b 0100     		.2byte	0x1
 1459 001d 50       		.byte	0x50
 1460 001e 02000000 		.4byte	.LVL6
ARM GAS  C:\Users\pxc\AppData\Local\Temp\ccQgqgLy.s 			page 34


 1461 0022 10000000 		.4byte	.LFE69
 1462 0026 0400     		.2byte	0x4
 1463 0028 F3       		.byte	0xf3
 1464 0029 01       		.uleb128 0x1
 1465 002a 50       		.byte	0x50
 1466 002b 9F       		.byte	0x9f
 1467 002c 00000000 		.4byte	0
 1468 0030 00000000 		.4byte	0
 1469              	.LLST2:
 1470 0034 04000000 		.4byte	.LVL7
 1471 0038 06000000 		.4byte	.LVL8
 1472 003c 0500     		.2byte	0x5
 1473 003e 70       		.byte	0x70
 1474 003f 00       		.sleb128 0
 1475 0040 35       		.byte	0x35
 1476 0041 25       		.byte	0x25
 1477 0042 9F       		.byte	0x9f
 1478 0043 00000000 		.4byte	0
 1479 0047 00000000 		.4byte	0
 1480              	.LLST3:
 1481 004b 00000000 		.4byte	.LVL13
 1482 004f 07000000 		.4byte	.LVL14-1
 1483 0053 0100     		.2byte	0x1
 1484 0055 50       		.byte	0x50
 1485 0056 07000000 		.4byte	.LVL14-1
 1486 005a 1A000000 		.4byte	.LFE64
 1487 005e 0100     		.2byte	0x1
 1488 0060 54       		.byte	0x54
 1489 0061 00000000 		.4byte	0
 1490 0065 00000000 		.4byte	0
 1491              		.section	.debug_aranges,"",%progbits
 1492 0000 7C000000 		.4byte	0x7c
 1493 0004 0200     		.2byte	0x2
 1494 0006 00000000 		.4byte	.Ldebug_info0
 1495 000a 04       		.byte	0x4
 1496 000b 00       		.byte	0
 1497 000c 0000     		.2byte	0
 1498 000e 0000     		.2byte	0
 1499 0010 00000000 		.4byte	.LFB66
 1500 0014 0C000000 		.4byte	.LFE66-.LFB66
 1501 0018 00000000 		.4byte	.LFB67
 1502 001c 0C000000 		.4byte	.LFE67-.LFB67
 1503 0020 00000000 		.4byte	.LFB68
 1504 0024 0C000000 		.4byte	.LFE68-.LFB68
 1505 0028 00000000 		.4byte	.LFB69
 1506 002c 10000000 		.4byte	.LFE69-.LFB69
 1507 0030 00000000 		.4byte	.LFB70
 1508 0034 0C000000 		.4byte	.LFE70-.LFB70
 1509 0038 00000000 		.4byte	.LFB71
 1510 003c 0C000000 		.4byte	.LFE71-.LFB71
 1511 0040 00000000 		.4byte	.LFB72
 1512 0044 18000000 		.4byte	.LFE72-.LFB72
 1513 0048 00000000 		.4byte	.LFB73
 1514 004c 0C000000 		.4byte	.LFE73-.LFB73
 1515 0050 00000000 		.4byte	.LFB63
 1516 0054 1C000000 		.4byte	.LFE63-.LFB63
 1517 0058 00000000 		.4byte	.LFB64
ARM GAS  C:\Users\pxc\AppData\Local\Temp\ccQgqgLy.s 			page 35


 1518 005c 1A000000 		.4byte	.LFE64-.LFB64
 1519 0060 00000000 		.4byte	.LFB65
 1520 0064 14000000 		.4byte	.LFE65-.LFB65
 1521 0068 00000000 		.4byte	.LFB74
 1522 006c 0C000000 		.4byte	.LFE74-.LFB74
 1523 0070 00000000 		.4byte	.LFB75
 1524 0074 0C000000 		.4byte	.LFE75-.LFB75
 1525 0078 00000000 		.4byte	0
 1526 007c 00000000 		.4byte	0
 1527              		.section	.debug_ranges,"",%progbits
 1528              	.Ldebug_ranges0:
 1529 0000 00000000 		.4byte	.LFB66
 1530 0004 0C000000 		.4byte	.LFE66
 1531 0008 00000000 		.4byte	.LFB67
 1532 000c 0C000000 		.4byte	.LFE67
 1533 0010 00000000 		.4byte	.LFB68
 1534 0014 0C000000 		.4byte	.LFE68
 1535 0018 00000000 		.4byte	.LFB69
 1536 001c 10000000 		.4byte	.LFE69
 1537 0020 00000000 		.4byte	.LFB70
 1538 0024 0C000000 		.4byte	.LFE70
 1539 0028 00000000 		.4byte	.LFB71
 1540 002c 0C000000 		.4byte	.LFE71
 1541 0030 00000000 		.4byte	.LFB72
 1542 0034 18000000 		.4byte	.LFE72
 1543 0038 00000000 		.4byte	.LFB73
 1544 003c 0C000000 		.4byte	.LFE73
 1545 0040 00000000 		.4byte	.LFB63
 1546 0044 1C000000 		.4byte	.LFE63
 1547 0048 00000000 		.4byte	.LFB64
 1548 004c 1A000000 		.4byte	.LFE64
 1549 0050 00000000 		.4byte	.LFB65
 1550 0054 14000000 		.4byte	.LFE65
 1551 0058 00000000 		.4byte	.LFB74
 1552 005c 0C000000 		.4byte	.LFE74
 1553 0060 00000000 		.4byte	.LFB75
 1554 0064 0C000000 		.4byte	.LFE75
 1555 0068 00000000 		.4byte	0
 1556 006c 00000000 		.4byte	0
 1557              		.section	.debug_line,"",%progbits
 1558              	.Ldebug_line0:
 1559 0000 7E020000 		.section	.debug_str,"MS",%progbits,1
 1559      02008F01 
 1559      00000201 
 1559      FB0E0D00 
 1559      01010101 
 1560              	.LASF47:
 1561 0000 6973725F 		.ascii	"isr_rx_net_SetPriority\000"
 1561      72785F6E 
 1561      65745F53 
 1561      65745072 
 1561      696F7269 
 1562              	.LASF23:
 1563 0017 52494748 		.ascii	"RIGHT\000"
 1563      5400
 1564              	.LASF49:
 1565 001d 7072696F 		.ascii	"priority\000"
ARM GAS  C:\Users\pxc\AppData\Local\Temp\ccQgqgLy.s 			page 36


 1565      72697479 
 1565      00
 1566              	.LASF46:
 1567 0026 72616D56 		.ascii	"ramVectorTable\000"
 1567      6563746F 
 1567      72546162 
 1567      6C6500
 1568              	.LASF3:
 1569 0035 73686F72 		.ascii	"short int\000"
 1569      7420696E 
 1569      7400
 1570              	.LASF9:
 1571 003f 73697A65 		.ascii	"sizetype\000"
 1571      74797065 
 1571      00
 1572              	.LASF52:
 1573 0048 6973725F 		.ascii	"isr_rx_net_Enable\000"
 1573      72785F6E 
 1573      65745F45 
 1573      6E61626C 
 1573      6500
 1574              	.LASF44:
 1575 005a 6973725F 		.ascii	"isr_rx_net_SetVector\000"
 1575      72785F6E 
 1575      65745F53 
 1575      65745665 
 1575      63746F72 
 1576              	.LASF25:
 1577 006f 55505F52 		.ascii	"UP_RIGHT\000"
 1577      49474854 
 1577      00
 1578              	.LASF30:
 1579 0078 57484545 		.ascii	"WHEEL_DIR\000"
 1579      4C5F4449 
 1579      5200
 1580              	.LASF32:
 1581 0082 52455645 		.ascii	"REVERSAL\000"
 1581      5253414C 
 1581      00
 1582              	.LASF51:
 1583 008b 6973725F 		.ascii	"isr_rx_net_GetPriority\000"
 1583      72785F6E 
 1583      65745F47 
 1583      65745072 
 1583      696F7269 
 1584              	.LASF63:
 1585 00a2 2E5C4765 		.ascii	".\\Generated_Source\\PSoC5\\isr_rx_net.c\000"
 1585      6E657261 
 1585      7465645F 
 1585      536F7572 
 1585      63655C50 
 1586              	.LASF14:
 1587 00c8 75696E74 		.ascii	"uint16\000"
 1587      313600
 1588              	.LASF48:
 1589 00cf 61646472 		.ascii	"address\000"
 1589      65737300 
ARM GAS  C:\Users\pxc\AppData\Local\Temp\ccQgqgLy.s 			page 37


 1590              	.LASF13:
 1591 00d7 75696E74 		.ascii	"uint8\000"
 1591      3800
 1592              	.LASF57:
 1593 00dd 6973725F 		.ascii	"isr_rx_net_SetPending\000"
 1593      72785F6E 
 1593      65745F53 
 1593      65745065 
 1593      6E64696E 
 1594              	.LASF55:
 1595 00f3 6973725F 		.ascii	"isr_rx_net_StartEx\000"
 1595      72785F6E 
 1595      65745F53 
 1595      74617274 
 1595      457800
 1596              	.LASF58:
 1597 0106 6973725F 		.ascii	"isr_rx_net_ClearPending\000"
 1597      72785F6E 
 1597      65745F43 
 1597      6C656172 
 1597      50656E64 
 1598              	.LASF34:
 1599 011e 535F5748 		.ascii	"S_WHEEL\000"
 1599      45454C00 
 1600              	.LASF16:
 1601 0126 666C6F61 		.ascii	"float\000"
 1601      7400
 1602              	.LASF7:
 1603 012c 6C6F6E67 		.ascii	"long long int\000"
 1603      206C6F6E 
 1603      6720696E 
 1603      7400
 1604              	.LASF35:
 1605 013a 4361725F 		.ascii	"Car_lock\000"
 1605      6C6F636B 
 1605      00
 1606              	.LASF5:
 1607 0143 6C6F6E67 		.ascii	"long int\000"
 1607      20696E74 
 1607      00
 1608              	.LASF60:
 1609 014c 675F4361 		.ascii	"g_Car\000"
 1609      7200
 1610              	.LASF65:
 1611 0152 6973725F 		.ascii	"isr_rx_net_GetState\000"
 1611      72785F6E 
 1611      65745F47 
 1611      65745374 
 1611      61746500 
 1612              	.LASF54:
 1613 0166 6973725F 		.ascii	"isr_rx_net_Start\000"
 1613      72785F6E 
 1613      65745F53 
 1613      74617274 
 1613      00
 1614              	.LASF39:
 1615 0177 6C656674 		.ascii	"left_behind_wheel\000"
ARM GAS  C:\Users\pxc\AppData\Local\Temp\ccQgqgLy.s 			page 38


 1615      5F626568 
 1615      696E645F 
 1615      77686565 
 1615      6C00
 1616              	.LASF41:
 1617 0189 72696768 		.ascii	"right_behind_wheel\000"
 1617      745F6265 
 1617      68696E64 
 1617      5F776865 
 1617      656C00
 1618              	.LASF31:
 1619 019c 464F5257 		.ascii	"FORWARD\000"
 1619      41524400 
 1620              	.LASF22:
 1621 01a4 4C454654 		.ascii	"LEFT\000"
 1621      00
 1622              	.LASF26:
 1623 01a9 444F574E 		.ascii	"DOWN_LEFT\000"
 1623      5F4C4546 
 1623      5400
 1624              	.LASF2:
 1625 01b3 756E7369 		.ascii	"unsigned char\000"
 1625      676E6564 
 1625      20636861 
 1625      7200
 1626              	.LASF27:
 1627 01c1 444F574E 		.ascii	"DOWN_RIGHT\000"
 1627      5F524947 
 1627      485400
 1628              	.LASF20:
 1629 01cc 63796973 		.ascii	"cyisraddress\000"
 1629      72616464 
 1629      72657373 
 1629      00
 1630              	.LASF1:
 1631 01d9 7369676E 		.ascii	"signed char\000"
 1631      65642063 
 1631      68617200 
 1632              	.LASF8:
 1633 01e5 6C6F6E67 		.ascii	"long long unsigned int\000"
 1633      206C6F6E 
 1633      6720756E 
 1633      7369676E 
 1633      65642069 
 1634              	.LASF53:
 1635 01fc 6973725F 		.ascii	"isr_rx_net_Disable\000"
 1635      72785F6E 
 1635      65745F44 
 1635      69736162 
 1635      6C6500
 1636              	.LASF0:
 1637 020f 756E7369 		.ascii	"unsigned int\000"
 1637      676E6564 
 1637      20696E74 
 1637      00
 1638              	.LASF67:
 1639 021c 44545F44 		.ascii	"DT_Data_Receive_Prepare\000"
ARM GAS  C:\Users\pxc\AppData\Local\Temp\ccQgqgLy.s 			page 39


 1639      6174615F 
 1639      52656365 
 1639      6976655F 
 1639      50726570 
 1640              	.LASF19:
 1641 0234 72656733 		.ascii	"reg32\000"
 1641      3200
 1642              	.LASF4:
 1643 023a 73686F72 		.ascii	"short unsigned int\000"
 1643      7420756E 
 1643      7369676E 
 1643      65642069 
 1643      6E7400
 1644              	.LASF64:
 1645 024d 443A5C72 		.ascii	"D:\\robot\\git_code\\robot_control\\car.cydsn\000"
 1645      6F626F74 
 1645      5C676974 
 1645      5F636F64 
 1645      655C726F 
 1646              	.LASF24:
 1647 0277 55505F4C 		.ascii	"UP_LEFT\000"
 1647      45465400 
 1648              	.LASF10:
 1649 027f 63686172 		.ascii	"char\000"
 1649      00
 1650              	.LASF62:
 1651 0284 474E5520 		.ascii	"GNU C 4.9.3 20150303 (release) [ARM/embedded-4_9-br"
 1651      4320342E 
 1651      392E3320 
 1651      32303135 
 1651      30333033 
 1652 02b7 616E6368 		.ascii	"anch revision 221220] -mcpu=cortex-m3 -mthumb -g -O"
 1652      20726576 
 1652      6973696F 
 1652      6E203232 
 1652      31323230 
 1653 02ea 67202D66 		.ascii	"g -ffunction-sections -ffat-lto-objects\000"
 1653      66756E63 
 1653      74696F6E 
 1653      2D736563 
 1653      74696F6E 
 1654              	.LASF12:
 1655 0312 696E7433 		.ascii	"int32_t\000"
 1655      325F7400 
 1656              	.LASF21:
 1657 031a 444F574E 		.ascii	"DOWN\000"
 1657      00
 1658              	.LASF42:
 1659 031f 535F4341 		.ascii	"S_CAR\000"
 1659      5200
 1660              	.LASF45:
 1661 0325 64617461 		.ascii	"data\000"
 1661      00
 1662              	.LASF50:
 1663 032a 6973725F 		.ascii	"isr_rx_net_GetVector\000"
 1663      72785F6E 
 1663      65745F47 
ARM GAS  C:\Users\pxc\AppData\Local\Temp\ccQgqgLy.s 			page 40


 1663      65745665 
 1663      63746F72 
 1664              	.LASF29:
 1665 033f 4341525F 		.ascii	"CAR_DIR\000"
 1665      44495200 
 1666              	.LASF15:
 1667 0347 75696E74 		.ascii	"uint32\000"
 1667      333200
 1668              	.LASF18:
 1669 034e 72656738 		.ascii	"reg8\000"
 1669      00
 1670              	.LASF6:
 1671 0353 6C6F6E67 		.ascii	"long unsigned int\000"
 1671      20756E73 
 1671      69676E65 
 1671      6420696E 
 1671      7400
 1672              	.LASF17:
 1673 0365 646F7562 		.ascii	"double\000"
 1673      6C6500
 1674              	.LASF40:
 1675 036c 72696768 		.ascii	"right_front_wheel\000"
 1675      745F6672 
 1675      6F6E745F 
 1675      77686565 
 1675      6C00
 1676              	.LASF38:
 1677 037e 6C656674 		.ascii	"left_front_wheel\000"
 1677      5F66726F 
 1677      6E745F77 
 1677      6865656C 
 1677      00
 1678              	.LASF11:
 1679 038f 5F5F696E 		.ascii	"__int32_t\000"
 1679      7433325F 
 1679      7400
 1680              	.LASF37:
 1681 0399 7365745F 		.ascii	"set_car_speed\000"
 1681      6361725F 
 1681      73706565 
 1681      6400
 1682              	.LASF56:
 1683 03a7 6973725F 		.ascii	"isr_rx_net_Stop\000"
 1683      72785F6E 
 1683      65745F53 
 1683      746F7000 
 1684              	.LASF28:
 1685 03b7 53544F50 		.ascii	"STOP\000"
 1685      00
 1686              	.LASF43:
 1687 03bc 6973725F 		.ascii	"isr_rx_net_Interrupt\000"
 1687      72785F6E 
 1687      65745F49 
 1687      6E746572 
 1687      72757074 
 1688              	.LASF33:
 1689 03d1 57484545 		.ascii	"WHEEL_STOP\000"
ARM GAS  C:\Users\pxc\AppData\Local\Temp\ccQgqgLy.s 			page 41


 1689      4C5F5354 
 1689      4F5000
 1690              	.LASF61:
 1691 03dc 64617461 		.ascii	"data1\000"
 1691      3100
 1692              	.LASF36:
 1693 03e2 7365745F 		.ascii	"set_dir\000"
 1693      64697200 
 1694              	.LASF59:
 1695 03ea 49544D5F 		.ascii	"ITM_RxBuffer\000"
 1695      52784275 
 1695      66666572 
 1695      00
 1696              	.LASF66:
 1697 03f7 55415254 		.ascii	"UART_net_GetChar\000"
 1697      5F6E6574 
 1697      5F476574 
 1697      43686172 
 1697      00
 1698              		.ident	"GCC: (GNU Tools for ARM Embedded Processors) 4.9.3 20150303 (release) [ARM/embedded-4_9-br
