Archive member included because of file (symbol)

.\CortexM3\ARM_GCC_493\Debug\robot_control.a(cyfitter_cfg.o)
                              .\CortexM3\ARM_GCC_493\Debug\Cm3Start.o (cyfitter_cfg)
.\CortexM3\ARM_GCC_493\Debug\robot_control.a(CyBootAsmGnu.o)
                              .\CortexM3\ARM_GCC_493\Debug\robot_control.a(cyfitter_cfg.o) (CyDelayCycles)
.\CortexM3\ARM_GCC_493\Debug\robot_control.a(CyDmac.o)
                              .\CortexM3\ARM_GCC_493\Debug\Cm3Start.o (CyDmacConfigure)
.\CortexM3\ARM_GCC_493\Debug\robot_control.a(CyLib.o)
                              .\CortexM3\ARM_GCC_493\Debug\Cm3Start.o (CyHalt)
.\CortexM3\ARM_GCC_493\Debug\robot_control.a(cyPm.o)
                              .\CortexM3\ARM_GCC_493\Debug\robot_control.a(CyLib.o) (CyPmReadStatus)
.\CortexM3\ARM_GCC_493\Debug\robot_control.a(UART_net.o)
                              .\CortexM3\ARM_GCC_493\Debug\main.o (UART_net_Init)
.\CortexM3\ARM_GCC_493\Debug\robot_control.a(UART_net_IntClock.o)
                              .\CortexM3\ARM_GCC_493\Debug\robot_control.a(UART_net.o) (UART_net_IntClock_Start)
.\CortexM3\ARM_GCC_493\Debug\robot_control.a(isr_rx_net.o)
                              .\CortexM3\ARM_GCC_493\Debug\main.o (isr_rx_net_Start)
.\CortexM3\ARM_GCC_493\Debug\robot_control.a(Timer_1.o)
                              .\CortexM3\ARM_GCC_493\Debug\main.o (Timer_1_Start)
.\CortexM3\ARM_GCC_493\Debug\robot_control.a(isr_timer.o)
                              .\CortexM3\ARM_GCC_493\Debug\main.o (time_1s_state)
.\CortexM3\ARM_GCC_493\Debug\robot_control.a(STR2.o)
                              .\CortexM3\ARM_GCC_493\Debug\key.o (STR2_Read)
.\CortexM3\ARM_GCC_493\Debug\robot_control.a(STR1.o)
                              .\CortexM3\ARM_GCC_493\Debug\key.o (STR1_Read)
.\CortexM3\ARM_GCC_493\Debug\robot_control.a(MSR_LOW.o)
                              .\CortexM3\ARM_GCC_493\Debug\key.o (MSR_LOW_Read)
.\CortexM3\ARM_GCC_493\Debug\robot_control.a(MSR_HIGH.o)
                              .\CortexM3\ARM_GCC_493\Debug\key.o (MSR_HIGH_Read)
.\CortexM3\ARM_GCC_493\Debug\robot_control.a(SWITCH_1_LOW.o)
                              .\CortexM3\ARM_GCC_493\Debug\key.o (SWITCH_1_LOW_Read)
.\CortexM3\ARM_GCC_493\Debug\robot_control.a(SWITCH_1_HIGH.o)
                              .\CortexM3\ARM_GCC_493\Debug\key.o (SWITCH_1_HIGH_Read)
.\CortexM3\ARM_GCC_493\Debug\robot_control.a(SWITCH_2_LOW.o)
                              .\CortexM3\ARM_GCC_493\Debug\key.o (SWITCH_2_LOW_Read)
.\CortexM3\ARM_GCC_493\Debug\robot_control.a(SWITCH_2_HIGH.o)
                              .\CortexM3\ARM_GCC_493\Debug\key.o (SWITCH_2_HIGH_Read)
.\CortexM3\ARM_GCC_493\Debug\robot_control.a(ADC.o)
                              .\CortexM3\ARM_GCC_493\Debug\ADC_V.o (ADC_Start)
.\CortexM3\ARM_GCC_493\Debug\robot_control.a(ADC_INT.o)
                              .\CortexM3\ARM_GCC_493\Debug\robot_control.a(ADC.o) (ADC_ISR)
.\CortexM3\ARM_GCC_493\Debug\robot_control.a(ADC_SAR.o)
                              .\CortexM3\ARM_GCC_493\Debug\robot_control.a(ADC.o) (ADC_SAR_shift)
.\CortexM3\ARM_GCC_493\Debug\robot_control.a(ADC_TempBuf_dma.o)
                              .\CortexM3\ARM_GCC_493\Debug\robot_control.a(ADC.o) (ADC_TempBuf_DmaInitialize)
.\CortexM3\ARM_GCC_493\Debug\robot_control.a(ADC_FinalBuf_dma.o)
                              .\CortexM3\ARM_GCC_493\Debug\robot_control.a(ADC.o) (ADC_FinalBuf_DmaInitialize)
.\CortexM3\ARM_GCC_493\Debug\robot_control.a(ADC_IRQ.o)
                              .\CortexM3\ARM_GCC_493\Debug\robot_control.a(ADC.o) (ADC_IRQ_SetVector)
.\CortexM3\ARM_GCC_493\Debug\robot_control.a(WARNING_GREEN.o)
                              .\CortexM3\ARM_GCC_493\Debug\main.o (WARNING_GREEN_Write)
.\CortexM3\ARM_GCC_493\Debug\robot_control.a(WARNING_BLUE.o)
                              .\CortexM3\ARM_GCC_493\Debug\main.o (WARNING_BLUE_Write)
.\CortexM3\ARM_GCC_493\Debug\robot_control.a(WARNING_RED.o)
                              .\CortexM3\ARM_GCC_493\Debug\main.o (WARNING_RED_Write)
.\CortexM3\ARM_GCC_493\Debug\robot_control.a(EEPROM.o)
                              .\CortexM3\ARM_GCC_493\Debug\main.o (EEPROM_Start)
.\CortexM3\ARM_GCC_493\Debug\robot_control.a(CyFlash.o)
                              .\CortexM3\ARM_GCC_493\Debug\robot_control.a(EEPROM.o) (dieTemperature)
.\CortexM3\ARM_GCC_493\Debug\robot_control.a(CySpc.o)
                              .\CortexM3\ARM_GCC_493\Debug\robot_control.a(EEPROM.o) (CySpcStart)
d:/program files (x86)/cypress/psoc creator/3.3/psoc creator/import/gnu/arm/4.9.3/bin/../lib/gcc/arm-none-eabi/4.9.3/armv7-m\libgcc.a(_arm_addsubsf3.o)
                              .\CortexM3\ARM_GCC_493\Debug\robot_control.a(ADC_SAR.o) (__aeabi_i2f)
d:/program files (x86)/cypress/psoc creator/3.3/psoc creator/import/gnu/arm/4.9.3/bin/../lib/gcc/arm-none-eabi/4.9.3/armv7-m\libgcc.a(_arm_muldivsf3.o)
                              .\CortexM3\ARM_GCC_493\Debug\robot_control.a(ADC_SAR.o) (__aeabi_fmul)
[...]
Memory Configuration

Name             Origin             Length             Attributes
rom              0x00000000         0x00020000         xr
ram              0x1fffc000         0x00008000         xrw
*default*        0x00000000         0xffffffff

Linker script and memory map

LOAD d:/program files (x86)/cypress/psoc creator/3.3/psoc creator/import/gnu/arm/4.9.3/bin/../lib/gcc/arm-none-eabi/4.9.3/armv7-m/crti.o
LOAD d:/program files (x86)/cypress/psoc creator/3.3/psoc creator/import/gnu/arm/4.9.3/bin/../lib/gcc/arm-none-eabi/4.9.3/armv7-m/crtbegin.o
LOAD d:/program files (x86)/cypress/psoc creator/3.3/psoc creator/import/gnu/arm/4.9.3/bin/../lib/gcc/arm-none-eabi/4.9.3/../../../../arm-none-eabi/lib/armv7-m/crt0.o
START GROUP
LOAD .\CortexM3\ARM_GCC_493\Debug\main.o
LOAD .\CortexM3\ARM_GCC_493\Debug\Transfer.o
LOAD .\CortexM3\ARM_GCC_493\Debug\control.o
LOAD .\CortexM3\ARM_GCC_493\Debug\key.o
LOAD .\CortexM3\ARM_GCC_493\Debug\ADC_V.o
LOAD .\CortexM3\ARM_GCC_493\Debug\systemPara.o
LOAD .\CortexM3\ARM_GCC_493\Debug\cymetadata.o
LOAD .\CortexM3\ARM_GCC_493\Debug\Cm3Start.o
LOAD .\CortexM3\ARM_GCC_493\Debug\robot_control.a
LOAD D:\Program Files (x86)\Cypress\PSoC Creator\3.3\PSoC Creator\psoc\content\cycomponentlibrary\CyComponentLibrary.cylib\CortexM3\ARM_GCC_493\Debug\CyComponentLibrary.a
END GROUP
START GROUP
LOAD d:/program files (x86)/cypress/psoc creator/3.3/psoc creator/import/gnu/arm/4.9.3/bin/../lib/gcc/arm-none-eabi/4.9.3/armv7-m\libgcc.a
LOAD d:/program files (x86)/cypress/psoc creator/3.3/psoc creator/import/gnu/arm/4.9.3/bin/../lib/gcc/arm-none-eabi/4.9.3/../../../../arm-none-eabi/lib/armv7-m\libg_nano.a
LOAD d:/program files (x86)/cypress/psoc creator/3.3/psoc creator/import/gnu/arm/4.9.3/bin/../lib/gcc/arm-none-eabi/4.9.3/../../../../arm-none-eabi/lib/armv7-m\libc_nano.a
END GROUP
START GROUP
LOAD d:/program files (x86)/cypress/psoc creator/3.3/psoc creator/import/gnu/arm/4.9.3/bin/../lib/gcc/arm-none-eabi/4.9.3/armv7-m\libgcc.a
LOAD d:/program files (x86)/cypress/psoc creator/3.3/psoc creator/import/gnu/arm/4.9.3/bin/../lib/gcc/arm-none-eabi/4.9.3/../../../../arm-none-eabi/lib/armv7-m\libc_nano.a
END GROUP
LOAD d:/program files (x86)/cypress/psoc creator/3.3/psoc creator/import/gnu/arm/4.9.3/bin/../lib/gcc/arm-none-eabi/4.9.3/armv7-m/crtend.o
LOAD d:/program files (x86)/cypress/psoc creator/3.3/psoc creator/import/gnu/arm/4.9.3/bin/../lib/gcc/arm-none-eabi/4.9.3/armv7-m/crtn.o
START GROUP
LOAD d:/program files (x86)/cypress/psoc creator/3.3/psoc creator/import/gnu/arm/4.9.3/bin/../lib/gcc/arm-none-eabi/4.9.3/armv7-m\libgcc.a
LOAD d:/program files (x86)/cypress/psoc creator/3.3/psoc creator/import/gnu/arm/4.9.3/bin/../lib/gcc/arm-none-eabi/4.9.3/../../../../arm-none-eabi/lib/armv7-m\libc.a
LOAD d:/program files (x86)/cypress/psoc creator/3.3/psoc creator/import/gnu/arm/4.9.3/bin/../lib/gcc/arm-none-eabi/4.9.3/../../../../arm-none-eabi/lib/armv7-m\libnosys.a
END GROUP
                0x00000000                CY_APPL_ORIGIN = 0x0
                0x00000100                CY_FLASH_ROW_SIZE = 0x100
                0x00000020                CY_ECC_ROW_SIZE = 0x20
                0x00000000                CY_EE_IN_BTLDR = 0x0
                0x00000000                CY_APPL_LOADABLE = 0x0
                0x00000800                CY_EE_SIZE = 0x800
                0x00000001                CY_APPL_NUM = 0x1
                0x00000001                CY_APPL_MAX = 0x1
                0x00000040                CY_METADATA_SIZE = 0x40
                0x00000000                CY_APPL_LOADABLE = 0x0
                0x00000000                CY_CHECKSUM_EXCLUDE_SIZE = ALIGN (0x0, CY_FLASH_ROW_SIZE)
                0x1fffc608                PROVIDE (__cy_heap_start, _end)
                0x00000001                PROVIDE (__cy_region_num, ((__cy_regions_end - __cy_regions) / 0x10))
                0x20004000                PROVIDE (__cy_stack, (ORIGIN (ram) + 0x8000))
                0x20003800                PROVIDE (__cy_heap_end, (__cy_stack - 0x800))

.cybootloader   0x00000000        0x0
 *(.cybootloader)
                0x00000000                appl1_start = CY_APPL_ORIGIN?CY_APPL_ORIGIN:ALIGN (CY_FLASH_ROW_SIZE)
                0x0000ff00                appl2_start = (appl1_start + ALIGN ((((0x20000 - appl1_start) - (0x2 * CY_FLASH_ROW_SIZE)) / 0x2), CY_FLASH_ROW_SIZE))
                0x00000000                appl_start = (CY_APPL_NUM == 0x1)?appl1_start:appl2_start
                0x00000000                ecc_offset = ((appl_start / CY_FLASH_ROW_SIZE) * CY_ECC_ROW_SIZE)
                0x00000000                ee_offset = (CY_APPL_LOADABLE && ! (CY_EE_IN_BTLDR))?((CY_EE_SIZE / CY_APPL_MAX) * (CY_APPL_NUM - 0x1)):0x0
                0x00000800                ee_size = (CY_APPL_LOADABLE && ! (CY_EE_IN_BTLDR))?(CY_EE_SIZE / CY_APPL_MAX):CY_EE_SIZE
                0x00000000                PROVIDE (CY_ECC_OFFSET, ecc_offset)

.text           0x00000000     0x2f8c
 CREATE_OBJECT_SYMBOLS
                0x00000000                PROVIDE (__cy_interrupt_vector, RomVectors)
 *(.romvectors)
 .romvectors    0x00000000       0x10 .\CortexM3\ARM_GCC_493\Debug\Cm3Start.o
                0x00000000                RomVectors
                0x00000001                ASSERT ((. != __cy_interrupt_vector), No interrupt vector)
                0x00000001                ASSERT (CY_APPL_ORIGIN?(SIZEOF (.cybootloader) <= CY_APPL_ORIGIN):0x1, Wrong image location)
                0x00000010                PROVIDE (__cy_reset, Reset)
 *(.text.Reset)
 .text.Reset    0x00000010       0x18 .\CortexM3\ARM_GCC_493\Debug\Cm3Start.o
                0x00000010                Reset
                0x00000001                ASSERT ((. != __cy_reset), No reset code)
 *(.dma_init)
                0x00000001                ASSERT ((((appl_start + .) <= 0x10000) || 0x1), DMA Init must be within the first 64k of flash)
 *(.text .text.* .gnu.linkonce.t.*)
 .text          0x00000028       0x5c d:/program files (x86)/cypress/psoc creator/3.3/psoc creator/import/gnu/arm/4.9.3/bin/../lib/gcc/arm-none-eabi/4.9.3/armv7-m/crtbegin.o
 .text.main     0x00000084       0xe4 .\CortexM3\ARM_GCC_493\Debug\main.o
                0x00000084                main
 .text._write   0x00000168       0x1c .\CortexM3\ARM_GCC_493\Debug\main.o
                0x00000168                _write
 .text.DT_Send_Data
                0x00000184        0x8 .\CortexM3\ARM_GCC_493\Debug\Transfer.o
                0x00000184                DT_Send_Data
 .text.DT_Send_Check
                0x0000018c       0x3c .\CortexM3\ARM_GCC_493\Debug\Transfer.o
 .text.DT_Data_Receive_Anl
                0x000001c8       0x9c .\CortexM3\ARM_GCC_493\Debug\Transfer.o
                0x000001c8                DT_Data_Receive_Anl
 .text.DT_Data_Receive_Prepare
                0x00000264       0xac .\CortexM3\ARM_GCC_493\Debug\Transfer.o
                0x00000264                DT_Data_Receive_Prepare
 .text.DT_Send_Status
                0x00000310       0x4c .\CortexM3\ARM_GCC_493\Debug\Transfer.o
                0x00000310                DT_Send_Status
 .text.DT_Data_Exchange
                0x0000035c       0xc8 .\CortexM3\ARM_GCC_493\Debug\Transfer.o
                0x0000035c                DT_Data_Exchange
 .text.DT_Send_Command_Car
                0x00000424       0x3c .\CortexM3\ARM_GCC_493\Debug\Transfer.o
                0x00000424                DT_Send_Command_Car
 .text.DT_Send_Command_Ptz
                0x00000460       0x3c .\CortexM3\ARM_GCC_493\Debug\Transfer.o
                0x00000460                DT_Send_Command_Ptz
 .text.DT_Send_Command_Speed
                0x0000049c       0x4c .\CortexM3\ARM_GCC_493\Debug\Transfer.o
                0x0000049c                DT_Send_Command_Speed
 .text.DT_Send_Command_MSR
                0x000004e8       0x3c .\CortexM3\ARM_GCC_493\Debug\Transfer.o
                0x000004e8                DT_Send_Command_MSR
 .text.DT_Send_Command_mode
                0x00000524       0x3c .\CortexM3\ARM_GCC_493\Debug\Transfer.o
                0x00000524                DT_Send_Command_mode
 .text.DT_Send_Command_WireWheel
                0x00000560       0x3c .\CortexM3\ARM_GCC_493\Debug\Transfer.o
                0x00000560                DT_Send_Command_WireWheel
 .text.DT_Send_Command_Led
                0x0000059c       0x4c .\CortexM3\ARM_GCC_493\Debug\Transfer.o
                0x0000059c                DT_Send_Command_Led
 .text.Cal_car_dir
                0x000005e8       0xe8 .\CortexM3\ARM_GCC_493\Debug\control.o
                0x000005e8                Cal_car_dir
 .text.Cal_ptz_dir
                0x000006d0       0xe8 .\CortexM3\ARM_GCC_493\Debug\control.o
                0x000006d0                Cal_ptz_dir
 .text.Get_LED_Value
                0x000007b8       0x9c .\CortexM3\ARM_GCC_493\Debug\control.o
                0x000007b8                Get_LED_Value
 .text.Cal_LED_value
                0x00000854       0x5c .\CortexM3\ARM_GCC_493\Debug\control.o
                0x00000854                Cal_LED_value
 .text.Get_Speed_Value
                0x000008b0       0xb4 .\CortexM3\ARM_GCC_493\Debug\control.o
                0x000008b0                Get_Speed_Value
 .text.Cal_Speed_value
                0x00000964       0x34 .\CortexM3\ARM_GCC_493\Debug\control.o
                0x00000964                Cal_Speed_value
 .text.Callback_SWITCH_1_low_press_up
                0x00000998        0xc .\CortexM3\ARM_GCC_493\Debug\key.o
                0x00000998                Callback_SWITCH_1_low_press_up
 .text.Callback_SWITCH_1_low_press_down
                0x000009a4        0xc .\CortexM3\ARM_GCC_493\Debug\key.o
                0x000009a4                Callback_SWITCH_1_low_press_down
 .text.Callback_SWITCH_1_high_press_up
                0x000009b0        0xc .\CortexM3\ARM_GCC_493\Debug\key.o
                0x000009b0                Callback_SWITCH_1_high_press_up
 .text.Callback_SWITCH_1_high_press_down
                0x000009bc        0xc .\CortexM3\ARM_GCC_493\Debug\key.o
                0x000009bc                Callback_SWITCH_1_high_press_down
 .text.Callback_SWITCH_2_low_press_up
                0x000009c8        0xc .\CortexM3\ARM_GCC_493\Debug\key.o
                0x000009c8                Callback_SWITCH_2_low_press_up
 .text.Callback_SWITCH_2_low_press_down
                0x000009d4        0xc .\CortexM3\ARM_GCC_493\Debug\key.o
                0x000009d4                Callback_SWITCH_2_low_press_down
 .text.Callback_SWITCH_2_high_press_up
                0x000009e0        0xc .\CortexM3\ARM_GCC_493\Debug\key.o
                0x000009e0                Callback_SWITCH_2_high_press_up
 .text.Callback_SWITCH_2_high_press_down
                0x000009ec        0xc .\CortexM3\ARM_GCC_493\Debug\key.o
                0x000009ec                Callback_SWITCH_2_high_press_down
 .text.Callback_STR1_press_up
                0x000009f8        0xc .\CortexM3\ARM_GCC_493\Debug\key.o
                0x000009f8                Callback_STR1_press_up
 .text.Callback_STR1_down
                0x00000a04        0xc .\CortexM3\ARM_GCC_493\Debug\key.o
                0x00000a04                Callback_STR1_down
 .text.Callback_STR2_press_up
                0x00000a10        0xc .\CortexM3\ARM_GCC_493\Debug\key.o
                0x00000a10                Callback_STR2_press_up
 .text.Callback_STR2_press_down
                0x00000a1c        0xc .\CortexM3\ARM_GCC_493\Debug\key.o
                0x00000a1c                Callback_STR2_press_down
 .text.Callback_MSR_low_press_up
                0x00000a28        0xc .\CortexM3\ARM_GCC_493\Debug\key.o
                0x00000a28                Callback_MSR_low_press_up
 .text.Callback_MSR_low_press_down
                0x00000a34        0xc .\CortexM3\ARM_GCC_493\Debug\key.o
                0x00000a34                Callback_MSR_low_press_down
 .text.Callback_MSR_high_press_up
                0x00000a40        0xc .\CortexM3\ARM_GCC_493\Debug\key.o
                0x00000a40                Callback_MSR_high_press_up
 .text.Callback_MSR_high_press_down
                0x00000a4c        0xc .\CortexM3\ARM_GCC_493\Debug\key.o
                0x00000a4c                Callback_MSR_high_press_down
 .text.button_init
                0x00000a58       0x24 .\CortexM3\ARM_GCC_493\Debug\key.o
                0x00000a58                button_init
 .text.button_attach
                0x00000a7c        0x8 .\CortexM3\ARM_GCC_493\Debug\key.o
                0x00000a7c                button_attach
 .text.button_handler
                0x00000a84      0x1f8 .\CortexM3\ARM_GCC_493\Debug\key.o
                0x00000a84                button_handler
 .text.button_start
                0x00000c7c       0x28 .\CortexM3\ARM_GCC_493\Debug\key.o
                0x00000c7c                button_start
 .text.init_button
                0x00000ca4      0x244 .\CortexM3\ARM_GCC_493\Debug\key.o
                0x00000ca4                init_button
 .text.button_ticks
                0x00000ee8       0x1c .\CortexM3\ARM_GCC_493\Debug\key.o
                0x00000ee8                button_ticks
 .text.Monitor_Battery_Init
                0x00000f04        0xc .\CortexM3\ARM_GCC_493\Debug\ADC_V.o
                0x00000f04                Monitor_Battery_Init
 .text.Get_Battery_ADvalue
                0x00000f10       0x4c .\CortexM3\ARM_GCC_493\Debug\ADC_V.o
                0x00000f10                Get_Battery_ADvalue
 .text.Cal_Battery_loop
                0x00000f5c       0x84 .\CortexM3\ARM_GCC_493\Debug\ADC_V.o
                0x00000f5c                Cal_Battery_loop
 .text.IntDefaultHandler
                0x00000fe0        0x4 .\CortexM3\ARM_GCC_493\Debug\Cm3Start.o
                0x00000fe0                IntDefaultHandler
 .text._sbrk    0x00000fe4       0x30 .\CortexM3\ARM_GCC_493\Debug\Cm3Start.o
                0x00000fe4                _sbrk
 .text.Start_c  0x00001014       0x4c .\CortexM3\ARM_GCC_493\Debug\Cm3Start.o
                0x00001014                Start_c
 .text.initialize_psoc
                0x00001060       0x78 .\CortexM3\ARM_GCC_493\Debug\Cm3Start.o
                0x00001060                initialize_psoc
 .text.CyClockStartupError
                0x000010d8        0x4 .\CortexM3\ARM_GCC_493\Debug\robot_control.a(cyfitter_cfg.o)
 .text.cfg_write_bytes32
                0x000010dc       0x34 .\CortexM3\ARM_GCC_493\Debug\robot_control.a(cyfitter_cfg.o)
 .text.AnalogSetDefault
                0x00001110       0x90 .\CortexM3\ARM_GCC_493\Debug\robot_control.a(cyfitter_cfg.o)
 .text.CYMEMZERO
                0x000011a0        0xc .\CortexM3\ARM_GCC_493\Debug\robot_control.a(cyfitter_cfg.o)
 .text.ClockSetup
                0x000011ac       0xc0 .\CortexM3\ARM_GCC_493\Debug\robot_control.a(cyfitter_cfg.o)
 .text.CYCONFIGCPY
                0x0000126c        0x8 .\CortexM3\ARM_GCC_493\Debug\robot_control.a(cyfitter_cfg.o)
 .text.cyfitter_cfg
                0x00001274      0x140 .\CortexM3\ARM_GCC_493\Debug\robot_control.a(cyfitter_cfg.o)
                0x00001274                cyfitter_cfg
 *fill*         0x000013b4        0x4 
 .text          0x000013b8       0x20 .\CortexM3\ARM_GCC_493\Debug\robot_control.a(CyBootAsmGnu.o)
                0x000013b8                CyDelayCycles
                0x000013c8                CyEnterCriticalSection
                0x000013d0                CyExitCriticalSection
 .text.CyDmacConfigure
                0x000013d8       0x34 .\CortexM3\ARM_GCC_493\Debug\robot_control.a(CyDmac.o)
                0x000013d8                CyDmacConfigure
 .text.CyDmaChEnable
                0x0000140c       0x38 .\CortexM3\ARM_GCC_493\Debug\robot_control.a(CyDmac.o)
                0x0000140c                CyDmaChEnable
 .text.CyDmaClearPendingDrq
                0x00001444       0x28 .\CortexM3\ARM_GCC_493\Debug\robot_control.a(CyDmac.o)
                0x00001444                CyDmaClearPendingDrq
 .text.CyDmaChPriority
                0x0000146c       0x24 .\CortexM3\ARM_GCC_493\Debug\robot_control.a(CyDmac.o)
                0x0000146c                CyDmaChPriority
 .text.CyDmaChSetExtendedAddress
                0x00001490       0x34 .\CortexM3\ARM_GCC_493\Debug\robot_control.a(CyDmac.o)
                0x00001490                CyDmaChSetExtendedAddress
 .text.CyDmaChSetInitialTd
                0x000014c4       0x18 .\CortexM3\ARM_GCC_493\Debug\robot_control.a(CyDmac.o)
                0x000014c4                CyDmaChSetInitialTd
 .text.CyDmaChSetConfiguration
                0x000014dc       0x48 .\CortexM3\ARM_GCC_493\Debug\robot_control.a(CyDmac.o)
                0x000014dc                CyDmaChSetConfiguration
 .text.CyDmaTdAllocate
                0x00001524       0x34 .\CortexM3\ARM_GCC_493\Debug\robot_control.a(CyDmac.o)
                0x00001524                CyDmaTdAllocate
 .text.CyDmaTdSetConfiguration
                0x00001558       0x28 .\CortexM3\ARM_GCC_493\Debug\robot_control.a(CyDmac.o)
                0x00001558                CyDmaTdSetConfiguration
 .text.CyDmaTdSetAddress
                0x00001580       0x1c .\CortexM3\ARM_GCC_493\Debug\robot_control.a(CyDmac.o)
                0x00001580                CyDmaTdSetAddress
 .text.CyHalt   0x0000159c        0x4 .\CortexM3\ARM_GCC_493\Debug\robot_control.a(CyLib.o)
                0x0000159c                CyHalt
 .text.CyDelay  0x000015a0       0x2c .\CortexM3\ARM_GCC_493\Debug\robot_control.a(CyLib.o)
                0x000015a0                CyDelay
 .text.CyDelayUs
                0x000015cc       0x14 .\CortexM3\ARM_GCC_493\Debug\robot_control.a(CyLib.o)
                0x000015cc                CyDelayUs
 .text.UART_net_Init
                0x000015e0       0x28 .\CortexM3\ARM_GCC_493\Debug\robot_control.a(UART_net.o)
                0x000015e0                UART_net_Init
 .text.UART_net_Enable
                0x00001608       0x38 .\CortexM3\ARM_GCC_493\Debug\robot_control.a(UART_net.o)
                0x00001608                UART_net_Enable
 .text.UART_net_Start
                0x00001640       0x1c .\CortexM3\ARM_GCC_493\Debug\robot_control.a(UART_net.o)
                0x00001640                UART_net_Start
 .text.UART_net_GetChar
                0x0000165c       0x2c .\CortexM3\ARM_GCC_493\Debug\robot_control.a(UART_net.o)
                0x0000165c                UART_net_GetChar
 .text.UART_net_PutChar
                0x00001688       0x18 .\CortexM3\ARM_GCC_493\Debug\robot_control.a(UART_net.o)
                0x00001688                UART_net_PutChar
 .text.UART_net_PutArray
                0x000016a0       0x28 .\CortexM3\ARM_GCC_493\Debug\robot_control.a(UART_net.o)
                0x000016a0                UART_net_PutArray
 .text.UART_net_IntClock_Start
                0x000016c8       0x1c .\CortexM3\ARM_GCC_493\Debug\robot_control.a(UART_net_IntClock.o)
                0x000016c8                UART_net_IntClock_Start
 .text.isr_rx_net_Interrupt
                0x000016e4        0xc .\CortexM3\ARM_GCC_493\Debug\robot_control.a(isr_rx_net.o)
                0x000016e4                isr_rx_net_Interrupt
 .text.isr_rx_net_SetVector
                0x000016f0        0xc .\CortexM3\ARM_GCC_493\Debug\robot_control.a(isr_rx_net.o)
                0x000016f0                isr_rx_net_SetVector
 .text.isr_rx_net_SetPriority
                0x000016fc       0x10 .\CortexM3\ARM_GCC_493\Debug\robot_control.a(isr_rx_net.o)
                0x000016fc                isr_rx_net_SetPriority
 .text.isr_rx_net_Enable
                0x0000170c        0xc .\CortexM3\ARM_GCC_493\Debug\robot_control.a(isr_rx_net.o)
                0x0000170c                isr_rx_net_Enable
 .text.isr_rx_net_Disable
                0x00001718        0xc .\CortexM3\ARM_GCC_493\Debug\robot_control.a(isr_rx_net.o)
                0x00001718                isr_rx_net_Disable
 .text.isr_rx_net_Start
                0x00001724       0x1c .\CortexM3\ARM_GCC_493\Debug\robot_control.a(isr_rx_net.o)
                0x00001724                isr_rx_net_Start
 .text.Timer_1_Enable
                0x00001740       0x28 .\CortexM3\ARM_GCC_493\Debug\robot_control.a(Timer_1.o)
                0x00001740                Timer_1_Enable
 .text.Timer_1_SetInterruptMode
                0x00001768        0xc .\CortexM3\ARM_GCC_493\Debug\robot_control.a(Timer_1.o)
                0x00001768                Timer_1_SetInterruptMode
 .text.Timer_1_WritePeriod
                0x00001774        0xc .\CortexM3\ARM_GCC_493\Debug\robot_control.a(Timer_1.o)
                0x00001774                Timer_1_WritePeriod
 .text.Timer_1_WriteCounter
                0x00001780        0xc .\CortexM3\ARM_GCC_493\Debug\robot_control.a(Timer_1.o)
                0x00001780                Timer_1_WriteCounter
 .text.Timer_1_Init
                0x0000178c       0x68 .\CortexM3\ARM_GCC_493\Debug\robot_control.a(Timer_1.o)
                0x0000178c                Timer_1_Init
 .text.Timer_1_Start
                0x000017f4       0x1c .\CortexM3\ARM_GCC_493\Debug\robot_control.a(Timer_1.o)
                0x000017f4                Timer_1_Start
 .text.isr_timer_Interrupt
                0x00001810       0x6c .\CortexM3\ARM_GCC_493\Debug\robot_control.a(isr_timer.o)
                0x00001810                isr_timer_Interrupt
 .text.isr_timer_SetVector
                0x0000187c        0xc .\CortexM3\ARM_GCC_493\Debug\robot_control.a(isr_timer.o)
                0x0000187c                isr_timer_SetVector
 .text.isr_timer_SetPriority
                0x00001888       0x10 .\CortexM3\ARM_GCC_493\Debug\robot_control.a(isr_timer.o)
                0x00001888                isr_timer_SetPriority
 .text.isr_timer_Enable
                0x00001898        0xc .\CortexM3\ARM_GCC_493\Debug\robot_control.a(isr_timer.o)
                0x00001898                isr_timer_Enable
 .text.isr_timer_Disable
                0x000018a4        0xc .\CortexM3\ARM_GCC_493\Debug\robot_control.a(isr_timer.o)
                0x000018a4                isr_timer_Disable
 .text.isr_timer_Start
                0x000018b0       0x1c .\CortexM3\ARM_GCC_493\Debug\robot_control.a(isr_timer.o)
                0x000018b0                isr_timer_Start
 .text.STR2_Read
                0x000018cc        0xc .\CortexM3\ARM_GCC_493\Debug\robot_control.a(STR2.o)
                0x000018cc                STR2_Read
 .text.STR1_Read
                0x000018d8       0x10 .\CortexM3\ARM_GCC_493\Debug\robot_control.a(STR1.o)
                0x000018d8                STR1_Read
 .text.MSR_LOW_Read
                0x000018e8       0x10 .\CortexM3\ARM_GCC_493\Debug\robot_control.a(MSR_LOW.o)
                0x000018e8                MSR_LOW_Read
 .text.MSR_HIGH_Read
                0x000018f8       0x10 .\CortexM3\ARM_GCC_493\Debug\robot_control.a(MSR_HIGH.o)
                0x000018f8                MSR_HIGH_Read
 .text.SWITCH_1_LOW_Read
                0x00001908       0x10 .\CortexM3\ARM_GCC_493\Debug\robot_control.a(SWITCH_1_LOW.o)
                0x00001908                SWITCH_1_LOW_Read
 .text.SWITCH_1_HIGH_Read
                0x00001918       0x10 .\CortexM3\ARM_GCC_493\Debug\robot_control.a(SWITCH_1_HIGH.o)
                0x00001918                SWITCH_1_HIGH_Read
 .text.SWITCH_2_LOW_Read
                0x00001928        0xc .\CortexM3\ARM_GCC_493\Debug\robot_control.a(SWITCH_2_LOW.o)
                0x00001928                SWITCH_2_LOW_Read
 .text.SWITCH_2_HIGH_Read
                0x00001934       0x10 .\CortexM3\ARM_GCC_493\Debug\robot_control.a(SWITCH_2_HIGH.o)
                0x00001934                SWITCH_2_HIGH_Read
 .text.ADC_Init
                0x00001944       0x3c .\CortexM3\ARM_GCC_493\Debug\robot_control.a(ADC.o)
                0x00001944                ADC_Init
 .text.ADC_Enable
                0x00001980       0xcc .\CortexM3\ARM_GCC_493\Debug\robot_control.a(ADC.o)
                0x00001980                ADC_Enable
 .text.ADC_Start
                0x00001a4c       0x28 .\CortexM3\ARM_GCC_493\Debug\robot_control.a(ADC.o)
                0x00001a4c                ADC_Start
 .text.ADC_StartConvert
                0x00001a74        0x8 .\CortexM3\ARM_GCC_493\Debug\robot_control.a(ADC.o)
                0x00001a74                ADC_StartConvert
 .text.ADC_GetResult16
                0x00001a7c       0x1c .\CortexM3\ARM_GCC_493\Debug\robot_control.a(ADC.o)
                0x00001a7c                ADC_GetResult16
 .text.ADC_ISR  0x00001a98        0x4 .\CortexM3\ARM_GCC_493\Debug\robot_control.a(ADC_INT.o)
                0x00001a98                ADC_ISR
 .text.ADC_SAR_CalcGain
                0x00001a9c       0x64 .\CortexM3\ARM_GCC_493\Debug\robot_control.a(ADC_SAR.o)
 .text.ADC_SAR_Enable
                0x00001b00       0x78 .\CortexM3\ARM_GCC_493\Debug\robot_control.a(ADC_SAR.o)
                0x00001b00                ADC_SAR_Enable
 .text.ADC_SAR_SetResolution
                0x00001b78       0x38 .\CortexM3\ARM_GCC_493\Debug\robot_control.a(ADC_SAR.o)
                0x00001b78                ADC_SAR_SetResolution
 .text.ADC_SAR_Init
                0x00001bb0       0x24 .\CortexM3\ARM_GCC_493\Debug\robot_control.a(ADC_SAR.o)
                0x00001bb0                ADC_SAR_Init
 .text.ADC_SAR_Start
                0x00001bd4       0x1c .\CortexM3\ARM_GCC_493\Debug\robot_control.a(ADC_SAR.o)
                0x00001bd4                ADC_SAR_Start
 .text.ADC_SAR_StartConvert
                0x00001bf0       0x10 .\CortexM3\ARM_GCC_493\Debug\robot_control.a(ADC_SAR.o)
                0x00001bf0                ADC_SAR_StartConvert
 .text.ADC_TempBuf_DmaInitialize
                0x00001c00       0x40 .\CortexM3\ARM_GCC_493\Debug\robot_control.a(ADC_TempBuf_dma.o)
                0x00001c00                ADC_TempBuf_DmaInitialize
 .text.ADC_FinalBuf_DmaInitialize
                0x00001c40       0x3c .\CortexM3\ARM_GCC_493\Debug\robot_control.a(ADC_FinalBuf_dma.o)
                0x00001c40                ADC_FinalBuf_DmaInitialize
 .text.ADC_IRQ_SetVector
                0x00001c7c        0xc .\CortexM3\ARM_GCC_493\Debug\robot_control.a(ADC_IRQ.o)
                0x00001c7c                ADC_IRQ_SetVector
 .text.ADC_IRQ_SetPriority
                0x00001c88       0x10 .\CortexM3\ARM_GCC_493\Debug\robot_control.a(ADC_IRQ.o)
                0x00001c88                ADC_IRQ_SetPriority
 .text.WARNING_GREEN_Write
                0x00001c98       0x18 .\CortexM3\ARM_GCC_493\Debug\robot_control.a(WARNING_GREEN.o)
                0x00001c98                WARNING_GREEN_Write
 .text.WARNING_BLUE_Write
                0x00001cb0       0x18 .\CortexM3\ARM_GCC_493\Debug\robot_control.a(WARNING_BLUE.o)
                0x00001cb0                WARNING_BLUE_Write
 .text.WARNING_RED_Write
                0x00001cc8       0x18 .\CortexM3\ARM_GCC_493\Debug\robot_control.a(WARNING_RED.o)
                0x00001cc8                WARNING_RED_Write
 .text.EEPROM_Enable
                0x00001ce0        0xc .\CortexM3\ARM_GCC_493\Debug\robot_control.a(EEPROM.o)
                0x00001ce0                EEPROM_Enable
 .text.EEPROM_Start
                0x00001cec        0x8 .\CortexM3\ARM_GCC_493\Debug\robot_control.a(EEPROM.o)
                0x00001cec                EEPROM_Start
 .text.EEPROM_WriteByte
                0x00001cf4       0xd4 .\CortexM3\ARM_GCC_493\Debug\robot_control.a(EEPROM.o)
                0x00001cf4                EEPROM_WriteByte
 .text.EEPROM_ReadByte
                0x00001dc8       0x28 .\CortexM3\ARM_GCC_493\Debug\robot_control.a(EEPROM.o)
                0x00001dc8                EEPROM_ReadByte
 .text.CyFlashGetSpcAlgorithm
                0x00001df0       0x4c .\CortexM3\ARM_GCC_493\Debug\robot_control.a(CyFlash.o)
 .text.CySetTempInt
                0x00001e3c       0x60 .\CortexM3\ARM_GCC_493\Debug\robot_control.a(CyFlash.o)
 .text.CySetTemp
                0x00001e9c       0x14 .\CortexM3\ARM_GCC_493\Debug\robot_control.a(CyFlash.o)
                0x00001e9c                CySetTemp
 .text.CyEEPROM_Start
                0x00001eb0       0x54 .\CortexM3\ARM_GCC_493\Debug\robot_control.a(CyFlash.o)
                0x00001eb0                CyEEPROM_Start
 .text.CyEEPROM_ReadReserve
                0x00001f04       0x1c .\CortexM3\ARM_GCC_493\Debug\robot_control.a(CyFlash.o)
                0x00001f04                CyEEPROM_ReadReserve
 .text.CyEEPROM_ReadRelease
                0x00001f20       0x10 .\CortexM3\ARM_GCC_493\Debug\robot_control.a(CyFlash.o)
                0x00001f20                CyEEPROM_ReadRelease
 .text.CySpcStart
                0x00001f30       0x24 .\CortexM3\ARM_GCC_493\Debug\robot_control.a(CySpc.o)
                0x00001f30                CySpcStart
 .text.CySpcReadData
                0x00001f54       0x34 .\CortexM3\ARM_GCC_493\Debug\robot_control.a(CySpc.o)
                0x00001f54                CySpcReadData
 .text.CySpcLoadMultiByte
                0x00001f88       0x78 .\CortexM3\ARM_GCC_493\Debug\robot_control.a(CySpc.o)
                0x00001f88                CySpcLoadMultiByte
 .text.CySpcWriteRow
                0x00002000       0x4c .\CortexM3\ARM_GCC_493\Debug\robot_control.a(CySpc.o)
                0x00002000                CySpcWriteRow
 .text.CySpcGetTemp
                0x0000204c       0x3c .\CortexM3\ARM_GCC_493\Debug\robot_control.a(CySpc.o)
                0x0000204c                CySpcGetTemp
 .text.CySpcLock
                0x00002088       0x4c .\CortexM3\ARM_GCC_493\Debug\robot_control.a(CySpc.o)
                0x00002088                CySpcLock
 .text.CySpcUnlock
                0x000020d4       0x38 .\CortexM3\ARM_GCC_493\Debug\robot_control.a(CySpc.o)
                0x000020d4                CySpcUnlock
 .text.CySpcGetAlgorithm
                0x0000210c       0x28 .\CortexM3\ARM_GCC_493\Debug\robot_control.a(CySpc.o)
                0x0000210c                CySpcGetAlgorithm
 .text.__errno  0x00002134        0xc d:/program files (x86)/cypress/psoc creator/3.3/psoc creator/import/gnu/arm/4.9.3/bin/../lib/gcc/arm-none-eabi/4.9.3/../../../../arm-none-eabi/lib/armv7-m\libg_nano.a(lib_a-errno.o)
                0x00002134                __errno
 .text.__libc_init_array
                0x00002140       0x4c d:/program files (x86)/cypress/psoc creator/3.3/psoc creator/import/gnu/arm/4.9.3/bin/../lib/gcc/arm-none-eabi/4.9.3/../../../../arm-none-eabi/lib/armv7-m\libg_nano.a(lib_a-init.o)
                0x00002140                __libc_init_array
 .text.memcpy   0x0000218c       0x16 d:/program files (x86)/cypress/psoc creator/3.3/psoc creator/import/gnu/arm/4.9.3/bin/../lib/gcc/arm-none-eabi/4.9.3/../../../../arm-none-eabi/lib/armv7-m\libg_nano.a(lib_a-memcpy.o)
                0x0000218c                memcpy
 .text.memset   0x000021a2       0x10 d:/program files (x86)/cypress/psoc creator/3.3/psoc creator/import/gnu/arm/4.9.3/bin/../lib/gcc/arm-none-eabi/4.9.3/../../../../arm-none-eabi/lib/armv7-m\libg_nano.a(lib_a-memset.o)
                0x000021a2                memset
 *fill*         0x000021b2        0x2 
 .text.printf   0x000021b4       0x30 d:/program files (x86)/cypress/psoc creator/3.3/psoc creator/import/gnu/arm/4.9.3/bin/../lib/gcc/arm-none-eabi/4.9.3/../../../../arm-none-eabi/lib/armv7-m\libg_nano.a(lib_a-printf.o)
                0x000021b4                iprintf
                0x000021b4                printf
 .text._cleanup_r
                0x000021e4        0xc d:/program files (x86)/cypress/psoc creator/3.3/psoc creator/import/gnu/arm/4.9.3/bin/../lib/gcc/arm-none-eabi/4.9.3/../../../../arm-none-eabi/lib/armv7-m\libg_nano.a(lib_a-findfp.o)
                0x000021e4                _cleanup_r
 .text.std.isra.0
                0x000021f0       0x48 d:/program files (x86)/cypress/psoc creator/3.3/psoc creator/import/gnu/arm/4.9.3/bin/../lib/gcc/arm-none-eabi/4.9.3/../../../../arm-none-eabi/lib/armv7-m\libg_nano.a(lib_a-findfp.o)
 .text.__sfmoreglue
                0x00002238       0x2c d:/program files (x86)/cypress/psoc creator/3.3/psoc creator/import/gnu/arm/4.9.3/bin/../lib/gcc/arm-none-eabi/4.9.3/../../../../arm-none-eabi/lib/armv7-m\libg_nano.a(lib_a-findfp.o)
                0x00002238                __sfmoreglue
 .text.__sinit  0x00002264       0x60 d:/program files (x86)/cypress/psoc creator/3.3/psoc creator/import/gnu/arm/4.9.3/bin/../lib/gcc/arm-none-eabi/4.9.3/../../../../arm-none-eabi/lib/armv7-m\libg_nano.a(lib_a-findfp.o)
                0x00002264                __sinit
 .text.__sfp    0x000022c4       0x74 d:/program files (x86)/cypress/psoc creator/3.3/psoc creator/import/gnu/arm/4.9.3/bin/../lib/gcc/arm-none-eabi/4.9.3/../../../../arm-none-eabi/lib/armv7-m\libg_nano.a(lib_a-findfp.o)
                0x000022c4                __sfp
 .text._fwalk_reent
                0x00002338       0x3c d:/program files (x86)/cypress/psoc creator/3.3/psoc creator/import/gnu/arm/4.9.3/bin/../lib/gcc/arm-none-eabi/4.9.3/../../../../arm-none-eabi/lib/armv7-m\libg_nano.a(lib_a-fwalk.o)
                0x00002338                _fwalk_reent
 .text._malloc_r
                0x00002374       0xac d:/program files (x86)/cypress/psoc creator/3.3/psoc creator/import/gnu/arm/4.9.3/bin/../lib/gcc/arm-none-eabi/4.9.3/../../../../arm-none-eabi/lib/armv7-m\libg_nano.a(lib_a-nano-mallocr.o)
                0x00002374                _malloc_r
 .text.__sfputc_r
                0x00002420       0x2c d:/program files (x86)/cypress/psoc creator/3.3/psoc creator/import/gnu/arm/4.9.3/bin/../lib/gcc/arm-none-eabi/4.9.3/../../../../arm-none-eabi/lib/armv7-m\libg_nano.a(lib_a-nano-vfprintf.o)
 .text.__sfputs_r
                0x0000244c       0x24 d:/program files (x86)/cypress/psoc creator/3.3/psoc creator/import/gnu/arm/4.9.3/bin/../lib/gcc/arm-none-eabi/4.9.3/../../../../arm-none-eabi/lib/armv7-m\libg_nano.a(lib_a-nano-vfprintf.o)
                0x0000244c                __sfputs_r
 .text._vfprintf_r
                0x00002470      0x210 d:/program files (x86)/cypress/psoc creator/3.3/psoc creator/import/gnu/arm/4.9.3/bin/../lib/gcc/arm-none-eabi/4.9.3/../../../../arm-none-eabi/lib/armv7-m\libg_nano.a(lib_a-nano-vfprintf.o)
                0x00002470                _vfprintf_r
                0x00002470                _vfiprintf_r
 .text._printf_common
                0x00002680       0xea d:/program files (x86)/cypress/psoc creator/3.3/psoc creator/import/gnu/arm/4.9.3/bin/../lib/gcc/arm-none-eabi/4.9.3/../../../../arm-none-eabi/lib/armv7-m\libg_nano.a(lib_a-nano-vfprintf_i.o)
                0x00002680                _printf_common
 *fill*         0x0000276a        0x2 
 .text._printf_i
                0x0000276c      0x240 d:/program files (x86)/cypress/psoc creator/3.3/psoc creator/import/gnu/arm/4.9.3/bin/../lib/gcc/arm-none-eabi/4.9.3/../../../../arm-none-eabi/lib/armv7-m\libg_nano.a(lib_a-nano-vfprintf_i.o)
                0x0000276c                _printf_i
 .text._sbrk_r  0x000029ac       0x20 d:/program files (x86)/cypress/psoc creator/3.3/psoc creator/import/gnu/arm/4.9.3/bin/../lib/gcc/arm-none-eabi/4.9.3/../../../../arm-none-eabi/lib/armv7-m\libg_nano.a(lib_a-sbrkr.o)
                0x000029ac                _sbrk_r
 .text.__sread  0x000029cc       0x22 d:/program files (x86)/cypress/psoc creator/3.3/psoc creator/import/gnu/arm/4.9.3/bin/../lib/gcc/arm-none-eabi/4.9.3/../../../../arm-none-eabi/lib/armv7-m\libg_nano.a(lib_a-stdio.o)
                0x000029cc                __sread
 .text.__swrite
                0x000029ee       0x38 d:/program files (x86)/cypress/psoc creator/3.3/psoc creator/import/gnu/arm/4.9.3/bin/../lib/gcc/arm-none-eabi/4.9.3/../../../../arm-none-eabi/lib/armv7-m\libg_nano.a(lib_a-stdio.o)
                0x000029ee                __swrite
 .text.__sseek  0x00002a26       0x24 d:/program files (x86)/cypress/psoc creator/3.3/psoc creator/import/gnu/arm/4.9.3/bin/../lib/gcc/arm-none-eabi/4.9.3/../../../../arm-none-eabi/lib/armv7-m\libg_nano.a(lib_a-stdio.o)
                0x00002a26                __sseek
 .text.__sclose
                0x00002a4a        0x8 d:/program files (x86)/cypress/psoc creator/3.3/psoc creator/import/gnu/arm/4.9.3/bin/../lib/gcc/arm-none-eabi/4.9.3/../../../../arm-none-eabi/lib/armv7-m\libg_nano.a(lib_a-stdio.o)
                0x00002a4a                __sclose
 *fill*         0x00002a52        0x2 
 .text.__swbuf_r
                0x00002a54       0xa8 d:/program files (x86)/cypress/psoc creator/3.3/psoc creator/import/gnu/arm/4.9.3/bin/../lib/gcc/arm-none-eabi/4.9.3/../../../../arm-none-eabi/lib/armv7-m\libg_nano.a(lib_a-wbuf.o)
                0x00002a54                __swbuf_r
 .text._write_r
                0x00002afc       0x24 d:/program files (x86)/cypress/psoc creator/3.3/psoc creator/import/gnu/arm/4.9.3/bin/../lib/gcc/arm-none-eabi/4.9.3/../../../../arm-none-eabi/lib/armv7-m\libg_nano.a(lib_a-writer.o)
                0x00002afc                _write_r
 .text.__swsetup_r
                0x00002b20       0xd8 d:/program files (x86)/cypress/psoc creator/3.3/psoc creator/import/gnu/arm/4.9.3/bin/../lib/gcc/arm-none-eabi/4.9.3/../../../../arm-none-eabi/lib/armv7-m\libg_nano.a(lib_a-wsetup.o)
                0x00002b20                __swsetup_r
 .text._close_r
                0x00002bf8       0x20 d:/program files (x86)/cypress/psoc creator/3.3/psoc creator/import/gnu/arm/4.9.3/bin/../lib/gcc/arm-none-eabi/4.9.3/../../../../arm-none-eabi/lib/armv7-m\libg_nano.a(lib_a-closer.o)
                0x00002bf8                _close_r
 .text.__sflush_r
                0x00002c18      0x106 d:/program files (x86)/cypress/psoc creator/3.3/psoc creator/import/gnu/arm/4.9.3/bin/../lib/gcc/arm-none-eabi/4.9.3/../../../../arm-none-eabi/lib/armv7-m\libg_nano.a(lib_a-fflush.o)
                0x00002c18                __sflush_r
 *fill*         0x00002d1e        0x2 
 .text._fflush_r
                0x00002d20       0x54 d:/program files (x86)/cypress/psoc creator/3.3/psoc creator/import/gnu/arm/4.9.3/bin/../lib/gcc/arm-none-eabi/4.9.3/../../../../arm-none-eabi/lib/armv7-m\libg_nano.a(lib_a-fflush.o)
                0x00002d20                _fflush_r
 .text._lseek_r
                0x00002d74       0x24 d:/program files (x86)/cypress/psoc creator/3.3/psoc creator/import/gnu/arm/4.9.3/bin/../lib/gcc/arm-none-eabi/4.9.3/../../../../arm-none-eabi/lib/armv7-m\libg_nano.a(lib_a-lseekr.o)
                0x00002d74                _lseek_r
 .text.__smakebuf_r
                0x00002d98       0x98 d:/program files (x86)/cypress/psoc creator/3.3/psoc creator/import/gnu/arm/4.9.3/bin/../lib/gcc/arm-none-eabi/4.9.3/../../../../arm-none-eabi/lib/armv7-m\libg_nano.a(lib_a-makebuf.o)
                0x00002d98                __smakebuf_r
 .text.memchr   0x00002e30       0x1c d:/program files (x86)/cypress/psoc creator/3.3/psoc creator/import/gnu/arm/4.9.3/bin/../lib/gcc/arm-none-eabi/4.9.3/../../../../arm-none-eabi/lib/armv7-m\libg_nano.a(lib_a-memchr.o)
                0x00002e30                memchr
 .text._free_r  0x00002e4c       0x88 d:/program files (x86)/cypress/psoc creator/3.3/psoc creator/import/gnu/arm/4.9.3/bin/../lib/gcc/arm-none-eabi/4.9.3/../../../../arm-none-eabi/lib/armv7-m\libg_nano.a(lib_a-nano-freer.o)
                0x00002e4c                _free_r
 .text._read_r  0x00002ed4       0x24 d:/program files (x86)/cypress/psoc creator/3.3/psoc creator/import/gnu/arm/4.9.3/bin/../lib/gcc/arm-none-eabi/4.9.3/../../../../arm-none-eabi/lib/armv7-m\libg_nano.a(lib_a-readr.o)
                0x00002ed4                _read_r
 .text._fstat_r
                0x00002ef8       0x24 d:/program files (x86)/cypress/psoc creator/3.3/psoc creator/import/gnu/arm/4.9.3/bin/../lib/gcc/arm-none-eabi/4.9.3/../../../../arm-none-eabi/lib/armv7-m\libg_nano.a(lib_a-fstatr.o)
                0x00002ef8                _fstat_r
 .text._isatty_r
                0x00002f1c       0x20 d:/program files (x86)/cypress/psoc creator/3.3/psoc creator/import/gnu/arm/4.9.3/bin/../lib/gcc/arm-none-eabi/4.9.3/../../../../arm-none-eabi/lib/armv7-m\libg_nano.a(lib_a-isattyr.o)
                0x00002f1c                _isatty_r
 .text._close   0x00002f3c       0x10 d:/program files (x86)/cypress/psoc creator/3.3/psoc creator/import/gnu/arm/4.9.3/bin/../lib/gcc/arm-none-eabi/4.9.3/../../../../arm-none-eabi/lib/armv7-m\libnosys.a(close.o)
                0x00002f3c                _close
 .text._fstat   0x00002f4c       0x10 d:/program files (x86)/cypress/psoc creator/3.3/psoc creator/import/gnu/arm/4.9.3/bin/../lib/gcc/arm-none-eabi/4.9.3/../../../../arm-none-eabi/lib/armv7-m\libnosys.a(fstat.o)
                0x00002f4c                _fstat
 .text._isatty  0x00002f5c       0x10 d:/program files (x86)/cypress/psoc creator/3.3/psoc creator/import/gnu/arm/4.9.3/bin/../lib/gcc/arm-none-eabi/4.9.3/../../../../arm-none-eabi/lib/armv7-m\libnosys.a(isatty.o)
                0x00002f5c                _isatty
 .text._lseek   0x00002f6c       0x10 d:/program files (x86)/cypress/psoc creator/3.3/psoc creator/import/gnu/arm/4.9.3/bin/../lib/gcc/arm-none-eabi/4.9.3/../../../../arm-none-eabi/lib/armv7-m\libnosys.a(lseek.o)
                0x00002f6c                _lseek
 .text._read    0x00002f7c       0x10 d:/program files (x86)/cypress/psoc creator/3.3/psoc creator/import/gnu/arm/4.9.3/bin/../lib/gcc/arm-none-eabi/4.9.3/../../../../arm-none-eabi/lib/armv7-m\libnosys.a(read.o)
                0x00002f7c                _read
 *(.plt)
 *(.gnu.warning)
 *(.glue_7t)
 .glue_7t       0x00000000        0x0 linker stubs
 *(.glue_7)
 .glue_7        0x00000000        0x0 linker stubs
 *(.vfp11_veneer)
 .vfp11_veneer  0x00000000        0x0 linker stubs
 *(.bootloader)
 *(.ARM.extab* .gnu.linkonce.armextab.*)
 *(.gcc_except_table)

.v4_bx          0x00002f8c        0x0
 .v4_bx         0x00000000        0x0 linker stubs

.iplt           0x00002f8c        0x0
 .iplt          0x00000000        0x0 d:/program files (x86)/cypress/psoc creator/3.3/psoc creator/import/gnu/arm/4.9.3/bin/../lib/gcc/arm-none-eabi/4.9.3/armv7-m/crtbegin.o

.eh_frame_hdr
 *(.eh_frame_hdr)

.eh_frame       0x00002f8c        0x4
 *(.eh_frame)
 .eh_frame      0x00002f8c        0x0 d:/program files (x86)/cypress/psoc creator/3.3/psoc creator/import/gnu/arm/4.9.3/bin/../lib/gcc/arm-none-eabi/4.9.3/armv7-m/crtbegin.o
 .eh_frame      0x00002f8c        0x4 d:/program files (x86)/cypress/psoc creator/3.3/psoc creator/import/gnu/arm/4.9.3/bin/../lib/gcc/arm-none-eabi/4.9.3/armv7-m/crtend.o
                0x00002f90                PROVIDE (__exidx_start, .)

.ARM.exidx
 *(.ARM.exidx* .gnu.linkonce.armexidx.*)
                0x00002f90                __exidx_end = .

.rodata         0x00002f90      0x110
 *(.rodata .rodata.* .gnu.linkonce.r.*)
 .rodata.str1.4
                0x00002f90        0xc .\CortexM3\ARM_GCC_493\Debug\control.o
 .rodata        0x00002f9c       0x30 .\CortexM3\ARM_GCC_493\Debug\robot_control.a(cyfitter_cfg.o)
 .rodata.str1.1
                0x00002fcc        0x2 d:/program files (x86)/cypress/psoc creator/3.3/psoc creator/import/gnu/arm/4.9.3/bin/../lib/gcc/arm-none-eabi/4.9.3/../../../../arm-none-eabi/lib/armv7-m\libg_nano.a(lib_a-impure.o)
 *fill*         0x00002fce        0x2 
 .rodata._global_impure_ptr
                0x00002fd0        0x4 d:/program files (x86)/cypress/psoc creator/3.3/psoc creator/import/gnu/arm/4.9.3/bin/../lib/gcc/arm-none-eabi/4.9.3/../../../../arm-none-eabi/lib/armv7-m\libg_nano.a(lib_a-impure.o)
                0x00002fd0                _global_impure_ptr
 .rodata.__sf_fake_stdin
                0x00002fd4       0x20 d:/program files (x86)/cypress/psoc creator/3.3/psoc creator/import/gnu/arm/4.9.3/bin/../lib/gcc/arm-none-eabi/4.9.3/../../../../arm-none-eabi/lib/armv7-m\libg_nano.a(lib_a-findfp.o)
                0x00002fd4                __sf_fake_stdin
 .rodata.__sf_fake_stdout
                0x00002ff4       0x20 d:/program files (x86)/cypress/psoc creator/3.3/psoc creator/import/gnu/arm/4.9.3/bin/../lib/gcc/arm-none-eabi/4.9.3/../../../../arm-none-eabi/lib/armv7-m\libg_nano.a(lib_a-findfp.o)
                0x00002ff4                __sf_fake_stdout
 .rodata.__sf_fake_stderr
                0x00003014       0x20 d:/program files (x86)/cypress/psoc creator/3.3/psoc creator/import/gnu/arm/4.9.3/bin/../lib/gcc/arm-none-eabi/4.9.3/../../../../arm-none-eabi/lib/armv7-m\libg_nano.a(lib_a-findfp.o)
                0x00003014                __sf_fake_stderr
 .rodata.str1.1
                0x00003034       0x11 d:/program files (x86)/cypress/psoc creator/3.3/psoc creator/import/gnu/arm/4.9.3/bin/../lib/gcc/arm-none-eabi/4.9.3/../../../../arm-none-eabi/lib/armv7-m\libg_nano.a(lib_a-nano-vfprintf.o)
 .rodata.str1.1
                0x00003045       0x22 d:/program files (x86)/cypress/psoc creator/3.3/psoc creator/import/gnu/arm/4.9.3/bin/../lib/gcc/arm-none-eabi/4.9.3/../../../../arm-none-eabi/lib/armv7-m\libg_nano.a(lib_a-nano-vfprintf_i.o)
                0x00003068                . = ALIGN (0x4)
 *fill*         0x00003067        0x1 
 *(.init)
 .init          0x00003068        0x4 d:/program files (x86)/cypress/psoc creator/3.3/psoc creator/import/gnu/arm/4.9.3/bin/../lib/gcc/arm-none-eabi/4.9.3/armv7-m/crti.o
                0x00003068                _init
 .init          0x0000306c        0x8 d:/program files (x86)/cypress/psoc creator/3.3/psoc creator/import/gnu/arm/4.9.3/bin/../lib/gcc/arm-none-eabi/4.9.3/armv7-m/crtn.o
                0x00003074                . = ALIGN (0x4)
                0x00003074                __preinit_array_start = .
 *(.preinit_array)
                0x00003074                __preinit_array_end = .
                0x00003074                . = ALIGN (0x4)
                0x00003074                __init_array_start = .
 *(SORT(.init_array.*))
 *(.init_array)
 .init_array    0x00003074        0x4 d:/program files (x86)/cypress/psoc creator/3.3/psoc creator/import/gnu/arm/4.9.3/bin/../lib/gcc/arm-none-eabi/4.9.3/armv7-m/crtbegin.o
 .init_array    0x00003078        0x4 .\CortexM3\ARM_GCC_493\Debug\Cm3Start.o
                0x0000307c                __init_array_end = .
                0x0000307c                . = ALIGN (0x4)
 *(.fini)
 .fini          0x0000307c        0x4 d:/program files (x86)/cypress/psoc creator/3.3/psoc creator/import/gnu/arm/4.9.3/bin/../lib/gcc/arm-none-eabi/4.9.3/armv7-m/crti.o
                0x0000307c                _fini
 .fini          0x00003080        0x8 d:/program files (x86)/cypress/psoc creator/3.3/psoc creator/import/gnu/arm/4.9.3/bin/../lib/gcc/arm-none-eabi/4.9.3/armv7-m/crtn.o
                0x00003088                . = ALIGN (0x4)
                0x00003088                __fini_array_start = .
 *(.fini_array)
 .fini_array    0x00003088        0x4 d:/program files (x86)/cypress/psoc creator/3.3/psoc creator/import/gnu/arm/4.9.3/bin/../lib/gcc/arm-none-eabi/4.9.3/armv7-m/crtbegin.o
 *(SORT(.fini_array.*))
                0x0000308c                __fini_array_end = .
                0x0000308c                . = ALIGN (0x4)
 *crtbegin.o(.ctors)
 *(EXCLUDE_FILE(*crtend.o) .ctors)
 *(SORT(.ctors.*))
 *crtend.o(.ctors)
                0x0000308c                . = ALIGN (0x4)
 *crtbegin.o(.dtors)
 *(EXCLUDE_FILE(*crtend.o) .dtors)
 *(SORT(.dtors.*))
 *crtend.o(.dtors)
                0x0000308c                . = ALIGN (0x4)
                0x0000308c                __cy_regions = .
                0x0000308c        0x4 LONG 0x30a0 __cy_region_init_ram
                0x00003090        0x4 LONG 0x1fffc108 __cy_region_start_data
                0x00003094        0x4 LONG 0x90 __cy_region_init_size_ram
                0x00003098        0x4 LONG 0x470 __cy_region_zero_size_ram
                0x0000309c                __cy_regions_end = .
                0x000030a0                . = ALIGN (0x8)
 *fill*         0x0000309c        0x4 
                0x000030a0                _etext = .

.cy_checksum_exclude
                0x000030a0        0x0
 *(.cy_checksum_exclude)

.ramvectors     0x1fffc000      0x100
                0x1fffc000                __cy_region_start_ram = .
 *(.ramvectors)
 .ramvectors    0x1fffc000      0x100 .\CortexM3\ARM_GCC_493\Debug\Cm3Start.o
                0x1fffc000                CyRamVectors

.noinit         0x1fffc100        0x5
 *(.noinit)
 .noinit        0x1fffc100        0x4 .\CortexM3\ARM_GCC_493\Debug\Cm3Start.o
 .noinit        0x1fffc104        0x1 .\CortexM3\ARM_GCC_493\Debug\robot_control.a(CyLib.o)
                0x1fffc104                CyResetStatus

.data           0x1fffc108       0x90 load address 0x000030a0
                0x1fffc108                __cy_region_start_data = .
 *(.jcr)
 .jcr           0x1fffc108        0x0 d:/program files (x86)/cypress/psoc creator/3.3/psoc creator/import/gnu/arm/4.9.3/bin/../lib/gcc/arm-none-eabi/4.9.3/armv7-m/crtbegin.o
 .jcr           0x1fffc108        0x4 d:/program files (x86)/cypress/psoc creator/3.3/psoc creator/import/gnu/arm/4.9.3/bin/../lib/gcc/arm-none-eabi/4.9.3/armv7-m/crtend.o
 *(.got.plt)
 *(.got)
 *(.shdata)
 *(.data .data.* .gnu.linkonce.d.*)
 .data          0x1fffc10c        0x2 .\CortexM3\ARM_GCC_493\Debug\control.o
 *fill*         0x1fffc10e        0x2 
 .data          0x1fffc110        0x4 .\CortexM3\ARM_GCC_493\Debug\Cm3Start.o
 .data          0x1fffc114        0x8 .\CortexM3\ARM_GCC_493\Debug\robot_control.a(CyDmac.o)
 .data          0x1fffc11c       0x10 .\CortexM3\ARM_GCC_493\Debug\robot_control.a(CyLib.o)
                0x1fffc11c                cydelay_32k_ms
                0x1fffc120                cydelay_freq_khz
                0x1fffc124                cydelay_freq_mhz
                0x1fffc128                cydelay_freq_hz
 .data          0x1fffc12c        0x2 .\CortexM3\ARM_GCC_493\Debug\robot_control.a(ADC.o)
 .data          0x1fffc12e        0x1 .\CortexM3\ARM_GCC_493\Debug\robot_control.a(ADC_TempBuf_dma.o)
                0x1fffc12e                ADC_TempBuf_DmaHandle
 .data          0x1fffc12f        0x1 .\CortexM3\ARM_GCC_493\Debug\robot_control.a(ADC_FinalBuf_dma.o)
                0x1fffc12f                ADC_FinalBuf_DmaHandle
 .data.impure_data
                0x1fffc130       0x60 d:/program files (x86)/cypress/psoc creator/3.3/psoc creator/import/gnu/arm/4.9.3/bin/../lib/gcc/arm-none-eabi/4.9.3/../../../../arm-none-eabi/lib/armv7-m\libg_nano.a(lib_a-impure.o)
 .data._impure_ptr
                0x1fffc190        0x4 d:/program files (x86)/cypress/psoc creator/3.3/psoc creator/import/gnu/arm/4.9.3/bin/../lib/gcc/arm-none-eabi/4.9.3/../../../../arm-none-eabi/lib/armv7-m\libg_nano.a(lib_a-impure.o)
                0x1fffc190                _impure_ptr
                0x1fffc198                . = ALIGN (0x8)
 *fill*         0x1fffc194        0x4 
 *(.ram)
                0x1fffc198                _edata = .

.igot.plt       0x1fffc198        0x0 load address 0x00003130
 .igot.plt      0x00000000        0x0 d:/program files (x86)/cypress/psoc creator/3.3/psoc creator/import/gnu/arm/4.9.3/bin/../lib/gcc/arm-none-eabi/4.9.3/armv7-m/crtbegin.o

.bss            0x1fffc198      0x470 load address 0x00003130
                0x1fffc198                PROVIDE (__bss_start__, .)
 *(.shbss)
 *(.bss .bss.* .gnu.linkonce.b.*)
 .bss           0x1fffc198       0x1c d:/program files (x86)/cypress/psoc creator/3.3/psoc creator/import/gnu/arm/4.9.3/bin/../lib/gcc/arm-none-eabi/4.9.3/armv7-m/crtbegin.o
 .bss           0x1fffc1b4       0x3c .\CortexM3\ARM_GCC_493\Debug\Transfer.o
 .bss           0x1fffc1f0       0x10 .\CortexM3\ARM_GCC_493\Debug\control.o
 .bss           0x1fffc200        0x8 .\CortexM3\ARM_GCC_493\Debug\key.o
                0x1fffc204                led_send
 .bss           0x1fffc208       0x14 .\CortexM3\ARM_GCC_493\Debug\ADC_V.o
                0x1fffc208                retADCValue
 .bss           0x1fffc21c        0x2 .\CortexM3\ARM_GCC_493\Debug\robot_control.a(UART_net.o)
                0x1fffc21c                UART_net_initVar
 .bss           0x1fffc21e        0x1 .\CortexM3\ARM_GCC_493\Debug\robot_control.a(Timer_1.o)
                0x1fffc21e                Timer_1_initVar
 *fill*         0x1fffc21f        0x1 
 .bss           0x1fffc220       0x1c .\CortexM3\ARM_GCC_493\Debug\robot_control.a(ADC.o)
                0x1fffc238                ADC_initVar
 .bss           0x1fffc23c        0x1 .\CortexM3\ARM_GCC_493\Debug\robot_control.a(ADC_SAR.o)
                0x1fffc23c                ADC_SAR_initVar
 *fill*         0x1fffc23d        0x3 
 .bss           0x1fffc240        0x8 .\CortexM3\ARM_GCC_493\Debug\robot_control.a(CySpc.o)
                0x1fffc240                SpcLockState
 .bss.__malloc_sbrk_start
                0x1fffc248        0x4 d:/program files (x86)/cypress/psoc creator/3.3/psoc creator/import/gnu/arm/4.9.3/bin/../lib/gcc/arm-none-eabi/4.9.3/../../../../arm-none-eabi/lib/armv7-m\libg_nano.a(lib_a-nano-mallocr.o)
                0x1fffc248                __malloc_sbrk_start
 .bss.__malloc_free_list
                0x1fffc24c        0x4 d:/program files (x86)/cypress/psoc creator/3.3/psoc creator/import/gnu/arm/4.9.3/bin/../lib/gcc/arm-none-eabi/4.9.3/../../../../arm-none-eabi/lib/armv7-m\libg_nano.a(lib_a-nano-mallocr.o)
                0x1fffc24c                __malloc_free_list
 *(COMMON)
 COMMON         0x1fffc250       0x38 .\CortexM3\ARM_GCC_493\Debug\main.o
                0x1fffc250                CAR_Y_V
                0x1fffc254                g_Car
                0x1fffc272                LED_1_V
                0x1fffc274                LED_2_V
                0x1fffc276                adc_b
                0x1fffc278                PTZ_Y_V
                0x1fffc27a                B_V
                0x1fffc27c                LED_3_V
                0x1fffc27e                PTZ_X_V
                0x1fffc280                g_Control
                0x1fffc284                CAR_SPEED_V
                0x1fffc286                CAR_X_V
 COMMON         0x1fffc288       0x41 .\CortexM3\ARM_GCC_493\Debug\Transfer.o
                0x1fffc288                data_to_send
                0x1fffc2bc                f
 *fill*         0x1fffc2c9        0x3 
 COMMON         0x1fffc2cc      0x300 .\CortexM3\ARM_GCC_493\Debug\key.o
                0x1fffc2cc                MSR_low
                0x1fffc2f4                MSR_high
                0x1fffc31c                SWITCH_2_low
                0x1fffc344                temp
                0x1fffc348                key_speed_high
                0x1fffc370                SWITCH_1_low
                0x1fffc398                PTZ_down
                0x1fffc3c0                temp1
                0x1fffc3c4                key_speed_low
                0x1fffc3ec                SWITCH_2_high
                0x1fffc414                PTZ_up
                0x1fffc43c                key_right
                0x1fffc464                SWITCH_1_high
                0x1fffc48c                key_left
                0x1fffc4b4                led_start
                0x1fffc4dc                key_down
                0x1fffc504                key_up
                0x1fffc52c                STR2
                0x1fffc554                PTZ_right
                0x1fffc57c                PTZ_left
                0x1fffc5a4                STR1
 COMMON         0x1fffc5cc        0xd .\CortexM3\ARM_GCC_493\Debug\robot_control.a(isr_timer.o)
                0x1fffc5cc                time_1s_state
                0x1fffc5ce                time_100ms_state
                0x1fffc5d0                time_1s
                0x1fffc5d2                time_5ms
                0x1fffc5d4                time_100ms
                0x1fffc5d6                time_1ms
                0x1fffc5d8                time_5ms_state
 *fill*         0x1fffc5d9        0x3 
 COMMON         0x1fffc5dc       0x12 .\CortexM3\ARM_GCC_493\Debug\robot_control.a(ADC.o)
                0x1fffc5dc                ADC_finalArray
 *fill*         0x1fffc5ee        0x2 
 COMMON         0x1fffc5f0        0xa .\CortexM3\ARM_GCC_493\Debug\robot_control.a(ADC_SAR.o)
                0x1fffc5f0                ADC_SAR_countsPerVolt
                0x1fffc5f2                ADC_SAR_shift
                0x1fffc5f4                ADC_SAR_countsPer10Volt
                0x1fffc5f8                ADC_SAR_offset
 *fill*         0x1fffc5fa        0x2 
 COMMON         0x1fffc5fc        0x2 .\CortexM3\ARM_GCC_493\Debug\robot_control.a(CyFlash.o)
                0x1fffc5fc                dieTemperature
 *fill*         0x1fffc5fe        0x2 
 COMMON         0x1fffc600        0x4 d:/program files (x86)/cypress/psoc creator/3.3/psoc creator/import/gnu/arm/4.9.3/bin/../lib/gcc/arm-none-eabi/4.9.3/../../../../arm-none-eabi/lib/armv7-m\libg_nano.a(lib_a-reent.o)
                0x1fffc600                errno
                0x1fffc608                . = ALIGN (0x8)
 *fill*         0x1fffc604        0x4 
 *(.ram.b)
                0x1fffc608                _end = .
                0x1fffc608                __end = .
                0x1fffc608                PROVIDE (end, .)
                0x1fffc608                PROVIDE (__bss_end__, .)
                0x000030a0                __cy_region_init_ram = LOADADDR (.data)
                0x00000090                __cy_region_init_size_ram = (_edata - ADDR (.data))
                0x00000470                __cy_region_zero_size_ram = (_end - _edata)

.heap           0x1fffc608      0x400 load address 0x00003130
                0x1fffc608                . = _end
                0x1fffca08                . = (. + 0x400)
 *fill*         0x1fffc608      0x400 
                0x1fffca08                __cy_heap_limit = .

.stack          0x20003800      0x800
                0x20003800                __cy_stack_limit = .
                0x20004000                . = (. + 0x800)
 *fill*         0x20003800      0x800 
                0x00000001                ASSERT ((__cy_stack_limit >= __cy_heap_limit), region RAM overflowed with stack)
                0x00000000                cy_checksum_exclude_size = (CY_APPL_LOADABLE == 0x1)?SIZEOF (.cy_checksum_exclude):0x0
                0x00000001                ASSERT ((cy_checksum_exclude_size <= CY_CHECKSUM_EXCLUDE_SIZE), CY_BOOT: Section .cy_checksum_exclude size exceedes specified limit.)

.cyloadermeta
 *(.cyloadermeta)

.cyloadablemeta
 *(.cyloadablemeta)

.cyconfigecc    0x80000000      0x848
 *(.cyconfigecc)
 .cyconfigecc   0x80000000      0x848 .\CortexM3\ARM_GCC_493\Debug\cymetadata.o
                0x80000000                cy_meta_configecc

.cycustnvl      0x90000000        0x4
 *(.cycustnvl)
 .cycustnvl     0x90000000        0x4 .\CortexM3\ARM_GCC_493\Debug\cymetadata.o
                0x90000000                cy_meta_custnvl

.cywolatch      0x90100000        0x4
 *(.cywolatch)
 .cywolatch     0x90100000        0x4 .\CortexM3\ARM_GCC_493\Debug\cymetadata.o
                0x90100000                cy_meta_wonvl

.cyeeprom       0x90200000        0x0
 *(.cyeeprom)
                0x00000001                ASSERT ((. <= ((0x90200000 + ee_offset) + ee_size)), .cyeeprom data will not fit in EEPROM)

.cyflashprotect
                0x90400000       0x80
 *(.cyflashprotect)
 .cyflashprotect
                0x90400000       0x80 .\CortexM3\ARM_GCC_493\Debug\cymetadata.o
                0x90400000                cy_meta_flashprotect

.cymeta         0x90500000        0xc
 *(.cymeta)
 .cymeta        0x90500000        0xc .\CortexM3\ARM_GCC_493\Debug\cymetadata.o
                0x90500000                cy_metadata

.rel.dyn        0x00003130        0x0 load address 0x9050000c
 .rel.iplt      0x00000000        0x0 d:/program files (x86)/cypress/psoc creator/3.3/psoc creator/import/gnu/arm/4.9.3/bin/../lib/gcc/arm-none-eabi/4.9.3/armv7-m/crtbegin.o

.stab           0x00000000       0x84
 *(.stab)
 .stab          0x00000000       0x24 d:/program files (x86)/cypress/psoc creator/3.3/psoc creator/import/gnu/arm/4.9.3/bin/../lib/gcc/arm-none-eabi/4.9.3/../../../../arm-none-eabi/lib/armv7-m\libnosys.a(close.o)
 .stab          0x00000024       0x18 d:/program files (x86)/cypress/psoc creator/3.3/psoc creator/import/gnu/arm/4.9.3/bin/../lib/gcc/arm-none-eabi/4.9.3/../../../../arm-none-eabi/lib/armv7-m\libnosys.a(fstat.o)
                                 0x24 (size before relaxing)
 .stab          0x0000003c       0x18 d:/program files (x86)/cypress/psoc creator/3.3/psoc creator/import/gnu/arm/4.9.3/bin/../lib/gcc/arm-none-eabi/4.9.3/../../../../arm-none-eabi/lib/armv7-m\libnosys.a(isatty.o)
                                 0x24 (size before relaxing)
 .stab          0x00000054       0x18 d:/program files (x86)/cypress/psoc creator/3.3/psoc creator/import/gnu/arm/4.9.3/bin/../lib/gcc/arm-none-eabi/4.9.3/../../../../arm-none-eabi/lib/armv7-m\libnosys.a(lseek.o)
                                 0x24 (size before relaxing)
 .stab          0x0000006c       0x18 d:/program files (x86)/cypress/psoc creator/3.3/psoc creator/import/gnu/arm/4.9.3/bin/../lib/gcc/arm-none-eabi/4.9.3/../../../../arm-none-eabi/lib/armv7-m\libnosys.a(read.o)
                                 0x24 (size before relaxing)

.stabstr        0x00000000      0x117
 *(.stabstr)
 .stabstr       0x00000000      0x117 d:/program files (x86)/cypress/psoc creator/3.3/psoc creator/import/gnu/arm/4.9.3/bin/../lib/gcc/arm-none-eabi/4.9.3/../../../../arm-none-eabi/lib/armv7-m\libnosys.a(close.o)

.debug
 *(.debug)

.line
 *(.line)

.debug_srcinfo
 *(.debug_srcinfo)

.debug_sfnames
 *(.debug_sfnames)

.debug_aranges  0x00000000     0x1070
 *(.debug_aranges)
 .debug_aranges
                0x00000000       0x28 .\CortexM3\ARM_GCC_493\Debug\main.o
 .debug_aranges
                0x00000028       0xb8 .\CortexM3\ARM_GCC_493\Debug\Transfer.o
 .debug_aranges
                0x000000e0       0x50 .\CortexM3\ARM_GCC_493\Debug\control.o
 .debug_aranges
                0x00000130      0x138 .\CortexM3\ARM_GCC_493\Debug\key.o
 .debug_aranges
                0x00000268       0x30 .\CortexM3\ARM_GCC_493\Debug\ADC_V.o
 .debug_aranges
                0x00000298       0x18 .\CortexM3\ARM_GCC_493\Debug\cymetadata.o
 .debug_aranges
                0x000002b0       0x48 .\CortexM3\ARM_GCC_493\Debug\Cm3Start.o
 .debug_aranges
                0x000002f8       0x58 .\CortexM3\ARM_GCC_493\Debug\robot_control.a(cyfitter_cfg.o)
 .debug_aranges
                0x00000350       0x20 .\CortexM3\ARM_GCC_493\Debug\robot_control.a(CyBootAsmGnu.o)
 .debug_aranges
                0x00000370       0xd8 .\CortexM3\ARM_GCC_493\Debug\robot_control.a(CyDmac.o)
 .debug_aranges
                0x00000448      0x298 .\CortexM3\ARM_GCC_493\Debug\robot_control.a(CyLib.o)
 .debug_aranges
                0x000006e0       0x98 .\CortexM3\ARM_GCC_493\Debug\robot_control.a(cyPm.o)
 .debug_aranges
                0x00000778       0xf0 .\CortexM3\ARM_GCC_493\Debug\robot_control.a(UART_net.o)
 .debug_aranges
                0x00000868       0x70 .\CortexM3\ARM_GCC_493\Debug\robot_control.a(UART_net_IntClock.o)
 .debug_aranges
                0x000008d8       0x80 .\CortexM3\ARM_GCC_493\Debug\robot_control.a(isr_rx_net.o)
 .debug_aranges
                0x00000958       0x88 .\CortexM3\ARM_GCC_493\Debug\robot_control.a(Timer_1.o)
 .debug_aranges
                0x000009e0       0x80 .\CortexM3\ARM_GCC_493\Debug\robot_control.a(isr_timer.o)
 .debug_aranges
                0x00000a60       0x38 .\CortexM3\ARM_GCC_493\Debug\robot_control.a(STR2.o)
 .debug_aranges
                0x00000a98       0x38 .\CortexM3\ARM_GCC_493\Debug\robot_control.a(STR1.o)
 .debug_aranges
                0x00000ad0       0x38 .\CortexM3\ARM_GCC_493\Debug\robot_control.a(MSR_LOW.o)
 .debug_aranges
                0x00000b08       0x38 .\CortexM3\ARM_GCC_493\Debug\robot_control.a(MSR_HIGH.o)
 .debug_aranges
                0x00000b40       0x38 .\CortexM3\ARM_GCC_493\Debug\robot_control.a(SWITCH_1_LOW.o)
 .debug_aranges
                0x00000b78       0x38 .\CortexM3\ARM_GCC_493\Debug\robot_control.a(SWITCH_1_HIGH.o)
 .debug_aranges
                0x00000bb0       0x38 .\CortexM3\ARM_GCC_493\Debug\robot_control.a(SWITCH_2_LOW.o)
 .debug_aranges
                0x00000be8       0x38 .\CortexM3\ARM_GCC_493\Debug\robot_control.a(SWITCH_2_HIGH.o)
 .debug_aranges
                0x00000c20       0xa0 .\CortexM3\ARM_GCC_493\Debug\robot_control.a(ADC.o)
 .debug_aranges
                0x00000cc0       0x20 .\CortexM3\ARM_GCC_493\Debug\robot_control.a(ADC_INT.o)
 .debug_aranges
                0x00000ce0       0xa8 .\CortexM3\ARM_GCC_493\Debug\robot_control.a(ADC_SAR.o)
 .debug_aranges
                0x00000d88       0x28 .\CortexM3\ARM_GCC_493\Debug\robot_control.a(ADC_TempBuf_dma.o)
 .debug_aranges
                0x00000db0       0x28 .\CortexM3\ARM_GCC_493\Debug\robot_control.a(ADC_FinalBuf_dma.o)
 .debug_aranges
                0x00000dd8       0x80 .\CortexM3\ARM_GCC_493\Debug\robot_control.a(ADC_IRQ.o)
 .debug_aranges
                0x00000e58       0x38 .\CortexM3\ARM_GCC_493\Debug\robot_control.a(WARNING_GREEN.o)
 .debug_aranges
                0x00000e90       0x38 .\CortexM3\ARM_GCC_493\Debug\robot_control.a(WARNING_BLUE.o)
 .debug_aranges
                0x00000ec8       0x38 .\CortexM3\ARM_GCC_493\Debug\robot_control.a(WARNING_RED.o)
 .debug_aranges
                0x00000f00       0x78 .\CortexM3\ARM_GCC_493\Debug\robot_control.a(EEPROM.o)
 .debug_aranges
                0x00000f78       0x80 .\CortexM3\ARM_GCC_493\Debug\robot_control.a(CyFlash.o)
 .debug_aranges
                0x00000ff8       0x78 .\CortexM3\ARM_GCC_493\Debug\robot_control.a(CySpc.o)

.debug_pubnames
 *(.debug_pubnames)

.debug_info     0x00000000     0xa3a6
 *(.debug_info .gnu.linkonce.wi.*)
 .debug_info    0x00000000      0x552 .\CortexM3\ARM_GCC_493\Debug\main.o
 .debug_info    0x00000552      0xe8c .\CortexM3\ARM_GCC_493\Debug\Transfer.o
 .debug_info    0x000013de      0x4ac .\CortexM3\ARM_GCC_493\Debug\control.o
 .debug_info    0x0000188a     0x103f .\CortexM3\ARM_GCC_493\Debug\key.o
 .debug_info    0x000028c9      0x3fb .\CortexM3\ARM_GCC_493\Debug\ADC_V.o
 .debug_info    0x00002cc4      0x13e .\CortexM3\ARM_GCC_493\Debug\cymetadata.o
 .debug_info    0x00002e02      0x3b3 .\CortexM3\ARM_GCC_493\Debug\Cm3Start.o
 .debug_info    0x000031b5      0x59e .\CortexM3\ARM_GCC_493\Debug\robot_control.a(cyfitter_cfg.o)
 .debug_info    0x00003753       0x8e .\CortexM3\ARM_GCC_493\Debug\robot_control.a(CyBootAsmGnu.o)
 .debug_info    0x000037e1      0x941 .\CortexM3\ARM_GCC_493\Debug\robot_control.a(CyDmac.o)
 .debug_info    0x00004122     0x136c .\CortexM3\ARM_GCC_493\Debug\robot_control.a(CyLib.o)
 .debug_info    0x0000548e      0xa55 .\CortexM3\ARM_GCC_493\Debug\robot_control.a(cyPm.o)
 .debug_info    0x00005ee3      0x600 .\CortexM3\ARM_GCC_493\Debug\robot_control.a(UART_net.o)
 .debug_info    0x000064e3      0x281 .\CortexM3\ARM_GCC_493\Debug\robot_control.a(UART_net_IntClock.o)
 .debug_info    0x00006764      0x459 .\CortexM3\ARM_GCC_493\Debug\robot_control.a(isr_rx_net.o)
 .debug_info    0x00006bbd      0x28c .\CortexM3\ARM_GCC_493\Debug\robot_control.a(Timer_1.o)
 .debug_info    0x00006e49      0x34b .\CortexM3\ARM_GCC_493\Debug\robot_control.a(isr_timer.o)
 .debug_info    0x00007194      0x120 .\CortexM3\ARM_GCC_493\Debug\robot_control.a(STR2.o)
 .debug_info    0x000072b4      0x11e .\CortexM3\ARM_GCC_493\Debug\robot_control.a(STR1.o)
 .debug_info    0x000073d2      0x11e .\CortexM3\ARM_GCC_493\Debug\robot_control.a(MSR_LOW.o)
 .debug_info    0x000074f0      0x11e .\CortexM3\ARM_GCC_493\Debug\robot_control.a(MSR_HIGH.o)
 .debug_info    0x0000760e      0x11e .\CortexM3\ARM_GCC_493\Debug\robot_control.a(SWITCH_1_LOW.o)
 .debug_info    0x0000772c      0x11e .\CortexM3\ARM_GCC_493\Debug\robot_control.a(SWITCH_1_HIGH.o)
 .debug_info    0x0000784a      0x120 .\CortexM3\ARM_GCC_493\Debug\robot_control.a(SWITCH_2_LOW.o)
 .debug_info    0x0000796a      0x11e .\CortexM3\ARM_GCC_493\Debug\robot_control.a(SWITCH_2_HIGH.o)
 .debug_info    0x00007a88      0x7cf .\CortexM3\ARM_GCC_493\Debug\robot_control.a(ADC.o)
 .debug_info    0x00008257       0x99 .\CortexM3\ARM_GCC_493\Debug\robot_control.a(ADC_INT.o)
 .debug_info    0x000082f0      0x542 .\CortexM3\ARM_GCC_493\Debug\robot_control.a(ADC_SAR.o)
 .debug_info    0x00008832      0x1fb .\CortexM3\ARM_GCC_493\Debug\robot_control.a(ADC_TempBuf_dma.o)
 .debug_info    0x00008a2d      0x1fb .\CortexM3\ARM_GCC_493\Debug\robot_control.a(ADC_FinalBuf_dma.o)
 .debug_info    0x00008c28      0x2c9 .\CortexM3\ARM_GCC_493\Debug\robot_control.a(ADC_IRQ.o)
 .debug_info    0x00008ef1      0x11e .\CortexM3\ARM_GCC_493\Debug\robot_control.a(WARNING_GREEN.o)
 .debug_info    0x0000900f      0x11e .\CortexM3\ARM_GCC_493\Debug\robot_control.a(WARNING_BLUE.o)
 .debug_info    0x0000912d      0x11e .\CortexM3\ARM_GCC_493\Debug\robot_control.a(WARNING_RED.o)
 .debug_info    0x0000924b      0x666 .\CortexM3\ARM_GCC_493\Debug\robot_control.a(EEPROM.o)
 .debug_info    0x000098b1      0x608 .\CortexM3\ARM_GCC_493\Debug\robot_control.a(CyFlash.o)
 .debug_info    0x00009eb9      0x4ed .\CortexM3\ARM_GCC_493\Debug\robot_control.a(CySpc.o)

.debug_abbrev   0x00000000     0x2fe6
 *(.debug_abbrev)
 .debug_abbrev  0x00000000      0x1cc .\CortexM3\ARM_GCC_493\Debug\main.o
 .debug_abbrev  0x000001cc      0x24c .\CortexM3\ARM_GCC_493\Debug\Transfer.o
 .debug_abbrev  0x00000418      0x1d0 .\CortexM3\ARM_GCC_493\Debug\control.o
 .debug_abbrev  0x000005e8      0x27c .\CortexM3\ARM_GCC_493\Debug\key.o
 .debug_abbrev  0x00000864      0x169 .\CortexM3\ARM_GCC_493\Debug\ADC_V.o
 .debug_abbrev  0x000009cd       0x77 .\CortexM3\ARM_GCC_493\Debug\cymetadata.o
 .debug_abbrev  0x00000a44      0x20f .\CortexM3\ARM_GCC_493\Debug\Cm3Start.o
 .debug_abbrev  0x00000c53      0x212 .\CortexM3\ARM_GCC_493\Debug\robot_control.a(cyfitter_cfg.o)
 .debug_abbrev  0x00000e65       0x14 .\CortexM3\ARM_GCC_493\Debug\robot_control.a(CyBootAsmGnu.o)
 .debug_abbrev  0x00000e79      0x1cc .\CortexM3\ARM_GCC_493\Debug\robot_control.a(CyDmac.o)
 .debug_abbrev  0x00001045      0x296 .\CortexM3\ARM_GCC_493\Debug\robot_control.a(CyLib.o)
 .debug_abbrev  0x000012db      0x1fa .\CortexM3\ARM_GCC_493\Debug\robot_control.a(cyPm.o)
 .debug_abbrev  0x000014d5      0x1af .\CortexM3\ARM_GCC_493\Debug\robot_control.a(UART_net.o)
 .debug_abbrev  0x00001684      0x146 .\CortexM3\ARM_GCC_493\Debug\robot_control.a(UART_net_IntClock.o)
 .debug_abbrev  0x000017ca      0x201 .\CortexM3\ARM_GCC_493\Debug\robot_control.a(isr_rx_net.o)
 .debug_abbrev  0x000019cb      0x127 .\CortexM3\ARM_GCC_493\Debug\robot_control.a(Timer_1.o)
 .debug_abbrev  0x00001af2      0x191 .\CortexM3\ARM_GCC_493\Debug\robot_control.a(isr_timer.o)
 .debug_abbrev  0x00001c83       0x9d .\CortexM3\ARM_GCC_493\Debug\robot_control.a(STR2.o)
 .debug_abbrev  0x00001d20       0x9d .\CortexM3\ARM_GCC_493\Debug\robot_control.a(STR1.o)
 .debug_abbrev  0x00001dbd       0x9d .\CortexM3\ARM_GCC_493\Debug\robot_control.a(MSR_LOW.o)
 .debug_abbrev  0x00001e5a       0x9d .\CortexM3\ARM_GCC_493\Debug\robot_control.a(MSR_HIGH.o)
 .debug_abbrev  0x00001ef7       0x9d .\CortexM3\ARM_GCC_493\Debug\robot_control.a(SWITCH_1_LOW.o)
 .debug_abbrev  0x00001f94       0x9d .\CortexM3\ARM_GCC_493\Debug\robot_control.a(SWITCH_1_HIGH.o)
 .debug_abbrev  0x00002031       0x9d .\CortexM3\ARM_GCC_493\Debug\robot_control.a(SWITCH_2_LOW.o)
 .debug_abbrev  0x000020ce       0x9d .\CortexM3\ARM_GCC_493\Debug\robot_control.a(SWITCH_2_HIGH.o)
 .debug_abbrev  0x0000216b      0x1b0 .\CortexM3\ARM_GCC_493\Debug\robot_control.a(ADC.o)
 .debug_abbrev  0x0000231b       0x42 .\CortexM3\ARM_GCC_493\Debug\robot_control.a(ADC_INT.o)
 .debug_abbrev  0x0000235d      0x1e6 .\CortexM3\ARM_GCC_493\Debug\robot_control.a(ADC_SAR.o)
 .debug_abbrev  0x00002543       0xf8 .\CortexM3\ARM_GCC_493\Debug\robot_control.a(ADC_TempBuf_dma.o)
 .debug_abbrev  0x0000263b       0xf8 .\CortexM3\ARM_GCC_493\Debug\robot_control.a(ADC_FinalBuf_dma.o)
 .debug_abbrev  0x00002733      0x180 .\CortexM3\ARM_GCC_493\Debug\robot_control.a(ADC_IRQ.o)
 .debug_abbrev  0x000028b3       0x9d .\CortexM3\ARM_GCC_493\Debug\robot_control.a(WARNING_GREEN.o)
 .debug_abbrev  0x00002950       0x9d .\CortexM3\ARM_GCC_493\Debug\robot_control.a(WARNING_BLUE.o)
 .debug_abbrev  0x000029ed       0x9d .\CortexM3\ARM_GCC_493\Debug\robot_control.a(WARNING_RED.o)
 .debug_abbrev  0x00002a8a      0x1b0 .\CortexM3\ARM_GCC_493\Debug\robot_control.a(EEPROM.o)
 .debug_abbrev  0x00002c3a      0x1de .\CortexM3\ARM_GCC_493\Debug\robot_control.a(CyFlash.o)
 .debug_abbrev  0x00002e18      0x1ce .\CortexM3\ARM_GCC_493\Debug\robot_control.a(CySpc.o)

.debug_line     0x00000000     0x4207
 *(.debug_line)
 .debug_line    0x00000000      0x274 .\CortexM3\ARM_GCC_493\Debug\main.o
 .debug_line    0x00000274      0x542 .\CortexM3\ARM_GCC_493\Debug\Transfer.o
 .debug_line    0x000007b6      0x2b3 .\CortexM3\ARM_GCC_493\Debug\control.o
 .debug_line    0x00000a69      0x4b7 .\CortexM3\ARM_GCC_493\Debug\key.o
 .debug_line    0x00000f20      0x1d7 .\CortexM3\ARM_GCC_493\Debug\ADC_V.o
 .debug_line    0x000010f7        0x0 .\CortexM3\ARM_GCC_493\Debug\systemPara.o
 .debug_line    0x000010f7       0x53 .\CortexM3\ARM_GCC_493\Debug\cymetadata.o
 .debug_line    0x0000114a      0x254 .\CortexM3\ARM_GCC_493\Debug\Cm3Start.o
 .debug_line    0x0000139e      0x1f4 .\CortexM3\ARM_GCC_493\Debug\robot_control.a(cyfitter_cfg.o)
 .debug_line    0x00001592       0x68 .\CortexM3\ARM_GCC_493\Debug\robot_control.a(CyBootAsmGnu.o)
 .debug_line    0x000015fa      0x2e5 .\CortexM3\ARM_GCC_493\Debug\robot_control.a(CyDmac.o)
 .debug_line    0x000018df      0x806 .\CortexM3\ARM_GCC_493\Debug\robot_control.a(CyLib.o)
 .debug_line    0x000020e5      0x366 .\CortexM3\ARM_GCC_493\Debug\robot_control.a(cyPm.o)
 .debug_line    0x0000244b      0x2c6 .\CortexM3\ARM_GCC_493\Debug\robot_control.a(UART_net.o)
 .debug_line    0x00002711      0x199 .\CortexM3\ARM_GCC_493\Debug\robot_control.a(UART_net_IntClock.o)
 .debug_line    0x000028aa      0x286 .\CortexM3\ARM_GCC_493\Debug\robot_control.a(isr_rx_net.o)
 .debug_line    0x00002b30      0x157 .\CortexM3\ARM_GCC_493\Debug\robot_control.a(Timer_1.o)
 .debug_line    0x00002c87      0x15b .\CortexM3\ARM_GCC_493\Debug\robot_control.a(isr_timer.o)
 .debug_line    0x00002de2       0x93 .\CortexM3\ARM_GCC_493\Debug\robot_control.a(STR2.o)
 .debug_line    0x00002e75       0x93 .\CortexM3\ARM_GCC_493\Debug\robot_control.a(STR1.o)
 .debug_line    0x00002f08       0x96 .\CortexM3\ARM_GCC_493\Debug\robot_control.a(MSR_LOW.o)
 .debug_line    0x00002f9e       0x97 .\CortexM3\ARM_GCC_493\Debug\robot_control.a(MSR_HIGH.o)
 .debug_line    0x00003035       0x9b .\CortexM3\ARM_GCC_493\Debug\robot_control.a(SWITCH_1_LOW.o)
 .debug_line    0x000030d0       0x9c .\CortexM3\ARM_GCC_493\Debug\robot_control.a(SWITCH_1_HIGH.o)
 .debug_line    0x0000316c       0x9b .\CortexM3\ARM_GCC_493\Debug\robot_control.a(SWITCH_2_LOW.o)
 .debug_line    0x00003207       0x9c .\CortexM3\ARM_GCC_493\Debug\robot_control.a(SWITCH_2_HIGH.o)
 .debug_line    0x000032a3      0x21b .\CortexM3\ARM_GCC_493\Debug\robot_control.a(ADC.o)
 .debug_line    0x000034be       0x52 .\CortexM3\ARM_GCC_493\Debug\robot_control.a(ADC_INT.o)
 .debug_line    0x00003510      0x206 .\CortexM3\ARM_GCC_493\Debug\robot_control.a(ADC_SAR.o)
 .debug_line    0x00003716       0xa1 .\CortexM3\ARM_GCC_493\Debug\robot_control.a(ADC_TempBuf_dma.o)
 .debug_line    0x000037b7       0xa2 .\CortexM3\ARM_GCC_493\Debug\robot_control.a(ADC_FinalBuf_dma.o)
 .debug_line    0x00003859      0x14d .\CortexM3\ARM_GCC_493\Debug\robot_control.a(ADC_IRQ.o)
 .debug_line    0x000039a6       0x9c .\CortexM3\ARM_GCC_493\Debug\robot_control.a(WARNING_GREEN.o)
 .debug_line    0x00003a42       0x9b .\CortexM3\ARM_GCC_493\Debug\robot_control.a(WARNING_BLUE.o)
 .debug_line    0x00003add       0x9a .\CortexM3\ARM_GCC_493\Debug\robot_control.a(WARNING_RED.o)
 .debug_line    0x00003b77      0x266 .\CortexM3\ARM_GCC_493\Debug\robot_control.a(EEPROM.o)
 .debug_line    0x00003ddd      0x1ec .\CortexM3\ARM_GCC_493\Debug\robot_control.a(CyFlash.o)
 .debug_line    0x00003fc9      0x23e .\CortexM3\ARM_GCC_493\Debug\robot_control.a(CySpc.o)

.debug_frame    0x00000000     0x3108
 *(.debug_frame)
 .debug_frame   0x00000000       0x50 .\CortexM3\ARM_GCC_493\Debug\main.o
 .debug_frame   0x00000050      0x280 .\CortexM3\ARM_GCC_493\Debug\Transfer.o
 .debug_frame   0x000002d0       0xb4 .\CortexM3\ARM_GCC_493\Debug\control.o
 .debug_frame   0x00000384      0x378 .\CortexM3\ARM_GCC_493\Debug\key.o
 .debug_frame   0x000006fc       0x68 .\CortexM3\ARM_GCC_493\Debug\ADC_V.o
 .debug_frame   0x00000764       0xac .\CortexM3\ARM_GCC_493\Debug\Cm3Start.o
 .debug_frame   0x00000810       0xfc .\CortexM3\ARM_GCC_493\Debug\robot_control.a(cyfitter_cfg.o)
 .debug_frame   0x0000090c      0x1f4 .\CortexM3\ARM_GCC_493\Debug\robot_control.a(CyDmac.o)
 .debug_frame   0x00000b00      0x728 .\CortexM3\ARM_GCC_493\Debug\robot_control.a(CyLib.o)
 .debug_frame   0x00001228      0x1f8 .\CortexM3\ARM_GCC_493\Debug\robot_control.a(cyPm.o)
 .debug_frame   0x00001420      0x250 .\CortexM3\ARM_GCC_493\Debug\robot_control.a(UART_net.o)
 .debug_frame   0x00001670       0xe0 .\CortexM3\ARM_GCC_493\Debug\robot_control.a(UART_net_IntClock.o)
 .debug_frame   0x00001750      0x110 .\CortexM3\ARM_GCC_493\Debug\robot_control.a(isr_rx_net.o)
 .debug_frame   0x00001860      0x108 .\CortexM3\ARM_GCC_493\Debug\robot_control.a(Timer_1.o)
 .debug_frame   0x00001968      0x104 .\CortexM3\ARM_GCC_493\Debug\robot_control.a(isr_timer.o)
 .debug_frame   0x00001a6c       0x50 .\CortexM3\ARM_GCC_493\Debug\robot_control.a(STR2.o)
 .debug_frame   0x00001abc       0x50 .\CortexM3\ARM_GCC_493\Debug\robot_control.a(STR1.o)
 .debug_frame   0x00001b0c       0x50 .\CortexM3\ARM_GCC_493\Debug\robot_control.a(MSR_LOW.o)
 .debug_frame   0x00001b5c       0x50 .\CortexM3\ARM_GCC_493\Debug\robot_control.a(MSR_HIGH.o)
 .debug_frame   0x00001bac       0x50 .\CortexM3\ARM_GCC_493\Debug\robot_control.a(SWITCH_1_LOW.o)
 .debug_frame   0x00001bfc       0x50 .\CortexM3\ARM_GCC_493\Debug\robot_control.a(SWITCH_1_HIGH.o)
 .debug_frame   0x00001c4c       0x50 .\CortexM3\ARM_GCC_493\Debug\robot_control.a(SWITCH_2_LOW.o)
 .debug_frame   0x00001c9c       0x50 .\CortexM3\ARM_GCC_493\Debug\robot_control.a(SWITCH_2_HIGH.o)
 .debug_frame   0x00001cec      0x1dc .\CortexM3\ARM_GCC_493\Debug\robot_control.a(ADC.o)
 .debug_frame   0x00001ec8       0x20 .\CortexM3\ARM_GCC_493\Debug\robot_control.a(ADC_INT.o)
 .debug_frame   0x00001ee8      0x1a4 .\CortexM3\ARM_GCC_493\Debug\robot_control.a(ADC_SAR.o)
 .debug_frame   0x0000208c       0x54 .\CortexM3\ARM_GCC_493\Debug\robot_control.a(ADC_TempBuf_dma.o)
 .debug_frame   0x000020e0       0x54 .\CortexM3\ARM_GCC_493\Debug\robot_control.a(ADC_FinalBuf_dma.o)
 .debug_frame   0x00002134      0x104 .\CortexM3\ARM_GCC_493\Debug\robot_control.a(ADC_IRQ.o)
 .debug_frame   0x00002238       0x50 .\CortexM3\ARM_GCC_493\Debug\robot_control.a(WARNING_GREEN.o)
 .debug_frame   0x00002288       0x50 .\CortexM3\ARM_GCC_493\Debug\robot_control.a(WARNING_BLUE.o)
 .debug_frame   0x000022d8       0x50 .\CortexM3\ARM_GCC_493\Debug\robot_control.a(WARNING_RED.o)
 .debug_frame   0x00002328      0x17c .\CortexM3\ARM_GCC_493\Debug\robot_control.a(EEPROM.o)
 .debug_frame   0x000024a4      0x174 .\CortexM3\ARM_GCC_493\Debug\robot_control.a(CyFlash.o)
 .debug_frame   0x00002618      0x160 .\CortexM3\ARM_GCC_493\Debug\robot_control.a(CySpc.o)
 .debug_frame   0x00002778       0x28 d:/program files (x86)/cypress/psoc creator/3.3/psoc creator/import/gnu/arm/4.9.3/bin/../lib/gcc/arm-none-eabi/4.9.3/armv7-m\libgcc.a(_aeabi_ldivmod.o)
 .debug_frame   0x000027a0       0x54 d:/program files (x86)/cypress/psoc creator/3.3/psoc creator/import/gnu/arm/4.9.3/bin/../lib/gcc/arm-none-eabi/4.9.3/armv7-m\libgcc.a(bpabi.o)
 .debug_frame   0x000027f4       0x34 d:/program files (x86)/cypress/psoc creator/3.3/psoc creator/import/gnu/arm/4.9.3/bin/../lib/gcc/arm-none-eabi/4.9.3/armv7-m\libgcc.a(_divdi3.o)
 .debug_frame   0x00002828       0x34 d:/program files (x86)/cypress/psoc creator/3.3/psoc creator/import/gnu/arm/4.9.3/bin/../lib/gcc/arm-none-eabi/4.9.3/armv7-m\libgcc.a(_udivdi3.o)
 .debug_frame   0x0000285c       0x20 d:/program files (x86)/cypress/psoc creator/3.3/psoc creator/import/gnu/arm/4.9.3/bin/../lib/gcc/arm-none-eabi/4.9.3/../../../../arm-none-eabi/lib/armv7-m\libg_nano.a(lib_a-errno.o)
 .debug_frame   0x0000287c       0x28 d:/program files (x86)/cypress/psoc creator/3.3/psoc creator/import/gnu/arm/4.9.3/bin/../lib/gcc/arm-none-eabi/4.9.3/../../../../arm-none-eabi/lib/armv7-m\libg_nano.a(lib_a-exit.o)
 .debug_frame   0x000028a4       0x2c d:/program files (x86)/cypress/psoc creator/3.3/psoc creator/import/gnu/arm/4.9.3/bin/../lib/gcc/arm-none-eabi/4.9.3/../../../../arm-none-eabi/lib/armv7-m\libg_nano.a(lib_a-init.o)
 .debug_frame   0x000028d0       0x28 d:/program files (x86)/cypress/psoc creator/3.3/psoc creator/import/gnu/arm/4.9.3/bin/../lib/gcc/arm-none-eabi/4.9.3/../../../../arm-none-eabi/lib/armv7-m\libg_nano.a(lib_a-memcpy.o)
 .debug_frame   0x000028f8       0x20 d:/program files (x86)/cypress/psoc creator/3.3/psoc creator/import/gnu/arm/4.9.3/bin/../lib/gcc/arm-none-eabi/4.9.3/../../../../arm-none-eabi/lib/armv7-m\libg_nano.a(lib_a-memset.o)
 .debug_frame   0x00002918       0x74 d:/program files (x86)/cypress/psoc creator/3.3/psoc creator/import/gnu/arm/4.9.3/bin/../lib/gcc/arm-none-eabi/4.9.3/../../../../arm-none-eabi/lib/armv7-m\libg_nano.a(lib_a-printf.o)
 .debug_frame   0x0000298c      0x11c d:/program files (x86)/cypress/psoc creator/3.3/psoc creator/import/gnu/arm/4.9.3/bin/../lib/gcc/arm-none-eabi/4.9.3/../../../../arm-none-eabi/lib/armv7-m\libg_nano.a(lib_a-findfp.o)
 .debug_frame   0x00002aa8       0x54 d:/program files (x86)/cypress/psoc creator/3.3/psoc creator/import/gnu/arm/4.9.3/bin/../lib/gcc/arm-none-eabi/4.9.3/../../../../arm-none-eabi/lib/armv7-m\libg_nano.a(lib_a-fwalk.o)
 .debug_frame   0x00002afc       0x2c d:/program files (x86)/cypress/psoc creator/3.3/psoc creator/import/gnu/arm/4.9.3/bin/../lib/gcc/arm-none-eabi/4.9.3/../../../../arm-none-eabi/lib/armv7-m\libg_nano.a(lib_a-nano-mallocr.o)
 .debug_frame   0x00002b28       0xb8 d:/program files (x86)/cypress/psoc creator/3.3/psoc creator/import/gnu/arm/4.9.3/bin/../lib/gcc/arm-none-eabi/4.9.3/../../../../arm-none-eabi/lib/armv7-m\libg_nano.a(lib_a-nano-vfprintf.o)
 .debug_frame   0x00002be0       0x58 d:/program files (x86)/cypress/psoc creator/3.3/psoc creator/import/gnu/arm/4.9.3/bin/../lib/gcc/arm-none-eabi/4.9.3/../../../../arm-none-eabi/lib/armv7-m\libg_nano.a(lib_a-nano-vfprintf_i.o)
 .debug_frame   0x00002c38       0x2c d:/program files (x86)/cypress/psoc creator/3.3/psoc creator/import/gnu/arm/4.9.3/bin/../lib/gcc/arm-none-eabi/4.9.3/../../../../arm-none-eabi/lib/armv7-m\libg_nano.a(lib_a-sbrkr.o)
 .debug_frame   0x00002c64       0x88 d:/program files (x86)/cypress/psoc creator/3.3/psoc creator/import/gnu/arm/4.9.3/bin/../lib/gcc/arm-none-eabi/4.9.3/../../../../arm-none-eabi/lib/armv7-m\libg_nano.a(lib_a-stdio.o)
 .debug_frame   0x00002cec       0x3c d:/program files (x86)/cypress/psoc creator/3.3/psoc creator/import/gnu/arm/4.9.3/bin/../lib/gcc/arm-none-eabi/4.9.3/../../../../arm-none-eabi/lib/armv7-m\libg_nano.a(lib_a-wbuf.o)
 .debug_frame   0x00002d28       0x2c d:/program files (x86)/cypress/psoc creator/3.3/psoc creator/import/gnu/arm/4.9.3/bin/../lib/gcc/arm-none-eabi/4.9.3/../../../../arm-none-eabi/lib/armv7-m\libg_nano.a(lib_a-writer.o)
 .debug_frame   0x00002d54       0x2c d:/program files (x86)/cypress/psoc creator/3.3/psoc creator/import/gnu/arm/4.9.3/bin/../lib/gcc/arm-none-eabi/4.9.3/../../../../arm-none-eabi/lib/armv7-m\libg_nano.a(lib_a-wsetup.o)
 .debug_frame   0x00002d80       0x2c d:/program files (x86)/cypress/psoc creator/3.3/psoc creator/import/gnu/arm/4.9.3/bin/../lib/gcc/arm-none-eabi/4.9.3/../../../../arm-none-eabi/lib/armv7-m\libg_nano.a(lib_a-closer.o)
 .debug_frame   0x00002dac       0x68 d:/program files (x86)/cypress/psoc creator/3.3/psoc creator/import/gnu/arm/4.9.3/bin/../lib/gcc/arm-none-eabi/4.9.3/../../../../arm-none-eabi/lib/armv7-m\libg_nano.a(lib_a-fflush.o)
 .debug_frame   0x00002e14       0x3c d:/program files (x86)/cypress/psoc creator/3.3/psoc creator/import/gnu/arm/4.9.3/bin/../lib/gcc/arm-none-eabi/4.9.3/../../../../arm-none-eabi/lib/armv7-m\libg_nano.a(lib_a-fvwrite.o)
 .debug_frame   0x00002e50       0x2c d:/program files (x86)/cypress/psoc creator/3.3/psoc creator/import/gnu/arm/4.9.3/bin/../lib/gcc/arm-none-eabi/4.9.3/../../../../arm-none-eabi/lib/armv7-m\libg_nano.a(lib_a-lseekr.o)
 .debug_frame   0x00002e7c       0x34 d:/program files (x86)/cypress/psoc creator/3.3/psoc creator/import/gnu/arm/4.9.3/bin/../lib/gcc/arm-none-eabi/4.9.3/../../../../arm-none-eabi/lib/armv7-m\libg_nano.a(lib_a-makebuf.o)
 .debug_frame   0x00002eb0       0x28 d:/program files (x86)/cypress/psoc creator/3.3/psoc creator/import/gnu/arm/4.9.3/bin/../lib/gcc/arm-none-eabi/4.9.3/../../../../arm-none-eabi/lib/armv7-m\libg_nano.a(lib_a-memchr.o)
 .debug_frame   0x00002ed8       0x28 d:/program files (x86)/cypress/psoc creator/3.3/psoc creator/import/gnu/arm/4.9.3/bin/../lib/gcc/arm-none-eabi/4.9.3/../../../../arm-none-eabi/lib/armv7-m\libg_nano.a(lib_a-memmove.o)
 .debug_frame   0x00002f00       0x2c d:/program files (x86)/cypress/psoc creator/3.3/psoc creator/import/gnu/arm/4.9.3/bin/../lib/gcc/arm-none-eabi/4.9.3/../../../../arm-none-eabi/lib/armv7-m\libg_nano.a(lib_a-nano-freer.o)
 .debug_frame   0x00002f2c       0x3c d:/program files (x86)/cypress/psoc creator/3.3/psoc creator/import/gnu/arm/4.9.3/bin/../lib/gcc/arm-none-eabi/4.9.3/../../../../arm-none-eabi/lib/armv7-m\libg_nano.a(lib_a-nano-reallocr.o)
 .debug_frame   0x00002f68       0x2c d:/program files (x86)/cypress/psoc creator/3.3/psoc creator/import/gnu/arm/4.9.3/bin/../lib/gcc/arm-none-eabi/4.9.3/../../../../arm-none-eabi/lib/armv7-m\libg_nano.a(lib_a-readr.o)
 .debug_frame   0x00002f94       0x5c d:/program files (x86)/cypress/psoc creator/3.3/psoc creator/import/gnu/arm/4.9.3/bin/../lib/gcc/arm-none-eabi/4.9.3/../../../../arm-none-eabi/lib/armv7-m\libg_nano.a(lib_a-reent.o)
 .debug_frame   0x00002ff0       0x2c d:/program files (x86)/cypress/psoc creator/3.3/psoc creator/import/gnu/arm/4.9.3/bin/../lib/gcc/arm-none-eabi/4.9.3/../../../../arm-none-eabi/lib/armv7-m\libg_nano.a(lib_a-fstatr.o)
 .debug_frame   0x0000301c       0x2c d:/program files (x86)/cypress/psoc creator/3.3/psoc creator/import/gnu/arm/4.9.3/bin/../lib/gcc/arm-none-eabi/4.9.3/../../../../arm-none-eabi/lib/armv7-m\libg_nano.a(lib_a-isattyr.o)
 .debug_frame   0x00003048       0x20 d:/program files (x86)/cypress/psoc creator/3.3/psoc creator/import/gnu/arm/4.9.3/bin/../lib/gcc/arm-none-eabi/4.9.3/../../../../arm-none-eabi/lib/armv7-m\libg_nano.a(lib_a-nano-msizer.o)
 .debug_frame   0x00003068       0x20 d:/program files (x86)/cypress/psoc creator/3.3/psoc creator/import/gnu/arm/4.9.3/bin/../lib/gcc/arm-none-eabi/4.9.3/../../../../arm-none-eabi/lib/armv7-m\libnosys.a(close.o)
 .debug_frame   0x00003088       0x20 d:/program files (x86)/cypress/psoc creator/3.3/psoc creator/import/gnu/arm/4.9.3/bin/../lib/gcc/arm-none-eabi/4.9.3/../../../../arm-none-eabi/lib/armv7-m\libnosys.a(fstat.o)
 .debug_frame   0x000030a8       0x20 d:/program files (x86)/cypress/psoc creator/3.3/psoc creator/import/gnu/arm/4.9.3/bin/../lib/gcc/arm-none-eabi/4.9.3/../../../../arm-none-eabi/lib/armv7-m\libnosys.a(isatty.o)
 .debug_frame   0x000030c8       0x20 d:/program files (x86)/cypress/psoc creator/3.3/psoc creator/import/gnu/arm/4.9.3/bin/../lib/gcc/arm-none-eabi/4.9.3/../../../../arm-none-eabi/lib/armv7-m\libnosys.a(lseek.o)
 .debug_frame   0x000030e8       0x20 d:/program files (x86)/cypress/psoc creator/3.3/psoc creator/import/gnu/arm/4.9.3/bin/../lib/gcc/arm-none-eabi/4.9.3/../../../../arm-none-eabi/lib/armv7-m\libnosys.a(read.o)

.debug_str      0x00000000     0x35e4
 *(.debug_str)
 .debug_str     0x00000000      0x44b .\CortexM3\ARM_GCC_493\Debug\main.o
                                0x499 (size before relaxing)
 .debug_str     0x0000044b      0x36a .\CortexM3\ARM_GCC_493\Debug\Transfer.o
                                0x60a (size before relaxing)
 .debug_str     0x000007b5       0x79 .\CortexM3\ARM_GCC_493\Debug\control.o
                                0x38d (size before relaxing)
 .debug_str     0x0000082e      0x536 .\CortexM3\ARM_GCC_493\Debug\key.o
                                0x8b0 (size before relaxing)
 .debug_str     0x00000d64       0x64 .\CortexM3\ARM_GCC_493\Debug\ADC_V.o
                                0x322 (size before relaxing)
 .debug_str     0x00000dc8        0xf .\CortexM3\ARM_GCC_493\Debug\systemPara.o
                                 0xde (size before relaxing)
 .debug_str     0x00000dd7       0xb5 .\CortexM3\ARM_GCC_493\Debug\cymetadata.o
                                0x1e8 (size before relaxing)
 .debug_str     0x00000e8c      0x170 .\CortexM3\ARM_GCC_493\Debug\Cm3Start.o
                                0x30c (size before relaxing)
 .debug_str     0x00000ffc      0x149 .\CortexM3\ARM_GCC_493\Debug\robot_control.a(cyfitter_cfg.o)
                                0x301 (size before relaxing)
 .debug_str     0x00001145      0x37d .\CortexM3\ARM_GCC_493\Debug\robot_control.a(CyDmac.o)
                                0x53c (size before relaxing)
 .debug_str     0x000014c2      0x7bf .\CortexM3\ARM_GCC_493\Debug\robot_control.a(CyLib.o)
                                0xa21 (size before relaxing)
 .debug_str     0x00001c81      0x35b .\CortexM3\ARM_GCC_493\Debug\robot_control.a(cyPm.o)
                                0x719 (size before relaxing)
 .debug_str     0x00001fdc      0x2e5 .\CortexM3\ARM_GCC_493\Debug\robot_control.a(UART_net.o)
                                0x4e3 (size before relaxing)
 .debug_str     0x000022c1      0x1ad .\CortexM3\ARM_GCC_493\Debug\robot_control.a(UART_net_IntClock.o)
                                0x364 (size before relaxing)
 .debug_str     0x0000246e      0x123 .\CortexM3\ARM_GCC_493\Debug\robot_control.a(isr_rx_net.o)
                                0x3e9 (size before relaxing)
 .debug_str     0x00002591      0x16e .\CortexM3\ARM_GCC_493\Debug\robot_control.a(Timer_1.o)
                                0x307 (size before relaxing)
 .debug_str     0x000026ff      0x135 .\CortexM3\ARM_GCC_493\Debug\robot_control.a(isr_timer.o)
                                0x32a (size before relaxing)
 .debug_str     0x00002834       0x63 .\CortexM3\ARM_GCC_493\Debug\robot_control.a(STR2.o)
                                0x1db (size before relaxing)
 .debug_str     0x00002897       0x58 .\CortexM3\ARM_GCC_493\Debug\robot_control.a(STR1.o)
                                0x1db (size before relaxing)
 .debug_str     0x000028ef       0x67 .\CortexM3\ARM_GCC_493\Debug\robot_control.a(MSR_LOW.o)
                                0x1ea (size before relaxing)
 .debug_str     0x00002956       0x6c .\CortexM3\ARM_GCC_493\Debug\robot_control.a(MSR_HIGH.o)
                                0x1ef (size before relaxing)
 .debug_str     0x000029c2       0x80 .\CortexM3\ARM_GCC_493\Debug\robot_control.a(SWITCH_1_LOW.o)
                                0x203 (size before relaxing)
 .debug_str     0x00002a42       0x85 .\CortexM3\ARM_GCC_493\Debug\robot_control.a(SWITCH_1_HIGH.o)
                                0x208 (size before relaxing)
 .debug_str     0x00002ac7       0x80 .\CortexM3\ARM_GCC_493\Debug\robot_control.a(SWITCH_2_LOW.o)
                                0x203 (size before relaxing)
 .debug_str     0x00002b47       0x85 .\CortexM3\ARM_GCC_493\Debug\robot_control.a(SWITCH_2_HIGH.o)
                                0x208 (size before relaxing)
 .debug_str     0x00002bcc      0x2d1 .\CortexM3\ARM_GCC_493\Debug\robot_control.a(ADC.o)
                                0x588 (size before relaxing)
 .debug_str     0x00002e9d       0x2b .\CortexM3\ARM_GCC_493\Debug\robot_control.a(ADC_INT.o)
                                0x196 (size before relaxing)
 .debug_str     0x00002ec8       0xf3 .\CortexM3\ARM_GCC_493\Debug\robot_control.a(ADC_SAR.o)
                                0x430 (size before relaxing)
 .debug_str     0x00002fbb       0x93 .\CortexM3\ARM_GCC_493\Debug\robot_control.a(ADC_TempBuf_dma.o)
                                0x27f (size before relaxing)
 .debug_str     0x0000304e       0x5b .\CortexM3\ARM_GCC_493\Debug\robot_control.a(ADC_FinalBuf_dma.o)
                                0x283 (size before relaxing)
 .debug_str     0x000030a9       0xde .\CortexM3\ARM_GCC_493\Debug\robot_control.a(ADC_IRQ.o)
                                0x2b4 (size before relaxing)
 .debug_str     0x00003187       0x71 .\CortexM3\ARM_GCC_493\Debug\robot_control.a(WARNING_GREEN.o)
                                0x208 (size before relaxing)
 .debug_str     0x000031f8       0x6d .\CortexM3\ARM_GCC_493\Debug\robot_control.a(WARNING_BLUE.o)
                                0x203 (size before relaxing)
 .debug_str     0x00003265       0x69 .\CortexM3\ARM_GCC_493\Debug\robot_control.a(WARNING_RED.o)
                                0x1fe (size before relaxing)
 .debug_str     0x000032ce      0x1a9 .\CortexM3\ARM_GCC_493\Debug\robot_control.a(EEPROM.o)
                                0x3b7 (size before relaxing)
 .debug_str     0x00003477       0xfd .\CortexM3\ARM_GCC_493\Debug\robot_control.a(CyFlash.o)
                                0x393 (size before relaxing)
 .debug_str     0x00003574       0x70 .\CortexM3\ARM_GCC_493\Debug\robot_control.a(CySpc.o)
                                0x31c (size before relaxing)

.debug_loc      0x00000000     0x5109
 *(.debug_loc)
 .debug_loc     0x00000000       0xa6 .\CortexM3\ARM_GCC_493\Debug\main.o
 .debug_loc     0x000000a6     0x168f .\CortexM3\ARM_GCC_493\Debug\Transfer.o
 .debug_loc     0x00001735      0x260 .\CortexM3\ARM_GCC_493\Debug\control.o
 .debug_loc     0x00001995      0x1ef .\CortexM3\ARM_GCC_493\Debug\key.o
 .debug_loc     0x00001b84       0x9f .\CortexM3\ARM_GCC_493\Debug\ADC_V.o
 .debug_loc     0x00001c23      0x144 .\CortexM3\ARM_GCC_493\Debug\Cm3Start.o
 .debug_loc     0x00001d67      0x1f6 .\CortexM3\ARM_GCC_493\Debug\robot_control.a(cyfitter_cfg.o)
 .debug_loc     0x00001f5d      0xb83 .\CortexM3\ARM_GCC_493\Debug\robot_control.a(CyDmac.o)
 .debug_loc     0x00002ae0      0xa11 .\CortexM3\ARM_GCC_493\Debug\robot_control.a(CyLib.o)
 .debug_loc     0x000034f1      0x1e4 .\CortexM3\ARM_GCC_493\Debug\robot_control.a(cyPm.o)
 .debug_loc     0x000036d5      0x258 .\CortexM3\ARM_GCC_493\Debug\robot_control.a(UART_net.o)
 .debug_loc     0x0000392d      0x128 .\CortexM3\ARM_GCC_493\Debug\robot_control.a(UART_net_IntClock.o)
 .debug_loc     0x00003a55       0x69 .\CortexM3\ARM_GCC_493\Debug\robot_control.a(isr_rx_net.o)
 .debug_loc     0x00003abe       0x56 .\CortexM3\ARM_GCC_493\Debug\robot_control.a(isr_timer.o)
 .debug_loc     0x00003b14       0x55 .\CortexM3\ARM_GCC_493\Debug\robot_control.a(STR2.o)